Archive member included to satisfy reference by file (symbol)

/Applications/STM32CubeIDE.app/Contents/Eclipse/plugins/com.st.stm32cube.ide.mcu.externaltools.gnu-tools-for-stm32.12.3.rel1.macos64_1.1.0.202410301201/tools/bin/../lib/gcc/arm-none-eabi/12.3.1/../../../../arm-none-eabi/lib/thumb/v7e-m+fp/hard/libc_nano.a(libc_a-exit.o)
                              /Applications/STM32CubeIDE.app/Contents/Eclipse/plugins/com.st.stm32cube.ide.mcu.externaltools.gnu-tools-for-stm32.12.3.rel1.macos64_1.1.0.202410301201/tools/bin/../lib/gcc/arm-none-eabi/12.3.1/../../../../arm-none-eabi/lib/thumb/v7e-m+fp/hard/crt0.o (exit)
/Applications/STM32CubeIDE.app/Contents/Eclipse/plugins/com.st.stm32cube.ide.mcu.externaltools.gnu-tools-for-stm32.12.3.rel1.macos64_1.1.0.202410301201/tools/bin/../lib/gcc/arm-none-eabi/12.3.1/../../../../arm-none-eabi/lib/thumb/v7e-m+fp/hard/libc_nano.a(libc_a-nano-vfprintf_float.o)
                              (_printf_float)
/Applications/STM32CubeIDE.app/Contents/Eclipse/plugins/com.st.stm32cube.ide.mcu.externaltools.gnu-tools-for-stm32.12.3.rel1.macos64_1.1.0.202410301201/tools/bin/../lib/gcc/arm-none-eabi/12.3.1/../../../../arm-none-eabi/lib/thumb/v7e-m+fp/hard/libc_nano.a(libc_a-nano-vfprintf_i.o)
                              /Applications/STM32CubeIDE.app/Contents/Eclipse/plugins/com.st.stm32cube.ide.mcu.externaltools.gnu-tools-for-stm32.12.3.rel1.macos64_1.1.0.202410301201/tools/bin/../lib/gcc/arm-none-eabi/12.3.1/../../../../arm-none-eabi/lib/thumb/v7e-m+fp/hard/libc_nano.a(libc_a-nano-vfprintf_float.o) (_printf_common)
/Applications/STM32CubeIDE.app/Contents/Eclipse/plugins/com.st.stm32cube.ide.mcu.externaltools.gnu-tools-for-stm32.12.3.rel1.macos64_1.1.0.202410301201/tools/bin/../lib/gcc/arm-none-eabi/12.3.1/../../../../arm-none-eabi/lib/thumb/v7e-m+fp/hard/libc_nano.a(libc_a-findfp.o)
                              ./Middlewares/Third_Party/FreeRTOS/Source/tasks.o (__sf)
/Applications/STM32CubeIDE.app/Contents/Eclipse/plugins/com.st.stm32cube.ide.mcu.externaltools.gnu-tools-for-stm32.12.3.rel1.macos64_1.1.0.202410301201/tools/bin/../lib/gcc/arm-none-eabi/12.3.1/../../../../arm-none-eabi/lib/thumb/v7e-m+fp/hard/libc_nano.a(libc_a-fwalk.o)
                              /Applications/STM32CubeIDE.app/Contents/Eclipse/plugins/com.st.stm32cube.ide.mcu.externaltools.gnu-tools-for-stm32.12.3.rel1.macos64_1.1.0.202410301201/tools/bin/../lib/gcc/arm-none-eabi/12.3.1/../../../../arm-none-eabi/lib/thumb/v7e-m+fp/hard/libc_nano.a(libc_a-findfp.o) (_fwalk_sglue)
/Applications/STM32CubeIDE.app/Contents/Eclipse/plugins/com.st.stm32cube.ide.mcu.externaltools.gnu-tools-for-stm32.12.3.rel1.macos64_1.1.0.202410301201/tools/bin/../lib/gcc/arm-none-eabi/12.3.1/../../../../arm-none-eabi/lib/thumb/v7e-m+fp/hard/libc_nano.a(libc_a-vsnprintf.o)
                              ./Core/Src/main.o (vsnprintf)
/Applications/STM32CubeIDE.app/Contents/Eclipse/plugins/com.st.stm32cube.ide.mcu.externaltools.gnu-tools-for-stm32.12.3.rel1.macos64_1.1.0.202410301201/tools/bin/../lib/gcc/arm-none-eabi/12.3.1/../../../../arm-none-eabi/lib/thumb/v7e-m+fp/hard/libc_nano.a(libc_a-memset.o)
                              /Applications/STM32CubeIDE.app/Contents/Eclipse/plugins/com.st.stm32cube.ide.mcu.externaltools.gnu-tools-for-stm32.12.3.rel1.macos64_1.1.0.202410301201/tools/bin/../lib/gcc/arm-none-eabi/12.3.1/../../../../arm-none-eabi/lib/thumb/v7e-m+fp/hard/crt0.o (memset)
/Applications/STM32CubeIDE.app/Contents/Eclipse/plugins/com.st.stm32cube.ide.mcu.externaltools.gnu-tools-for-stm32.12.3.rel1.macos64_1.1.0.202410301201/tools/bin/../lib/gcc/arm-none-eabi/12.3.1/../../../../arm-none-eabi/lib/thumb/v7e-m+fp/hard/libc_nano.a(libc_a-localeconv.o)
                              /Applications/STM32CubeIDE.app/Contents/Eclipse/plugins/com.st.stm32cube.ide.mcu.externaltools.gnu-tools-for-stm32.12.3.rel1.macos64_1.1.0.202410301201/tools/bin/../lib/gcc/arm-none-eabi/12.3.1/../../../../arm-none-eabi/lib/thumb/v7e-m+fp/hard/libc_nano.a(libc_a-nano-vfprintf_float.o) (_localeconv_r)
/Applications/STM32CubeIDE.app/Contents/Eclipse/plugins/com.st.stm32cube.ide.mcu.externaltools.gnu-tools-for-stm32.12.3.rel1.macos64_1.1.0.202410301201/tools/bin/../lib/gcc/arm-none-eabi/12.3.1/../../../../arm-none-eabi/lib/thumb/v7e-m+fp/hard/libc_nano.a(libc_a-reent.o)
                              ./Middlewares/Third_Party/FreeRTOS/Source/tasks.o (_reclaim_reent)
/Applications/STM32CubeIDE.app/Contents/Eclipse/plugins/com.st.stm32cube.ide.mcu.externaltools.gnu-tools-for-stm32.12.3.rel1.macos64_1.1.0.202410301201/tools/bin/../lib/gcc/arm-none-eabi/12.3.1/../../../../arm-none-eabi/lib/thumb/v7e-m+fp/hard/libc_nano.a(libc_a-impure.o)
                              ./Middlewares/Third_Party/FreeRTOS/Source/tasks.o (_impure_ptr)
[...]
Memory Configuration

Name             Origin             Length             Attributes
RAM              0x20000000         0x0001c000         xrw
FLASH            0x08000000         0x00080000         xr
*default*        0x00000000         0xffffffff

Linker script and memory map

LOAD /Applications/STM32CubeIDE.app/Contents/Eclipse/plugins/com.st.stm32cube.ide.mcu.externaltools.gnu-tools-for-stm32.12.3.rel1.macos64_1.1.0.202410301201/tools/bin/../lib/gcc/arm-none-eabi/12.3.1/thumb/v7e-m+fp/hard/crti.o
LOAD /Applications/STM32CubeIDE.app/Contents/Eclipse/plugins/com.st.stm32cube.ide.mcu.externaltools.gnu-tools-for-stm32.12.3.rel1.macos64_1.1.0.202410301201/tools/bin/../lib/gcc/arm-none-eabi/12.3.1/thumb/v7e-m+fp/hard/crtbegin.o
LOAD /Applications/STM32CubeIDE.app/Contents/Eclipse/plugins/com.st.stm32cube.ide.mcu.externaltools.gnu-tools-for-stm32.12.3.rel1.macos64_1.1.0.202410301201/tools/bin/../lib/gcc/arm-none-eabi/12.3.1/../../../../arm-none-eabi/lib/thumb/v7e-m+fp/hard/crt0.o
LOAD ./Core/Src/Drivers/BMI088.o
LOAD ./Core/Src/Drivers/BMP390.o
LOAD ./Core/Src/Drivers/flash.o
LOAD ./Core/Src/app_freertos.o
LOAD ./Core/Src/kalman.o
LOAD ./Core/Src/log.o
LOAD ./Core/Src/main.o
LOAD ./Core/Src/stm32g4xx_hal_msp.o
LOAD ./Core/Src/stm32g4xx_hal_timebase_tim.o
LOAD ./Core/Src/stm32g4xx_it.o
LOAD ./Core/Src/syscalls.o
LOAD ./Core/Src/sysmem.o
LOAD ./Core/Src/system_stm32g4xx.o
LOAD ./Core/Src/util/avghistory.o
LOAD ./Core/Src/util/matrix.o
LOAD ./Core/Src/util/ring_buffer.o
LOAD ./Core/Startup/startup_stm32g491cetx.o
LOAD ./Drivers/STM32G4xx_HAL_Driver/Src/stm32g4xx_hal.o
LOAD ./Drivers/STM32G4xx_HAL_Driver/Src/stm32g4xx_hal_cortex.o
LOAD ./Drivers/STM32G4xx_HAL_Driver/Src/stm32g4xx_hal_dma.o
LOAD ./Drivers/STM32G4xx_HAL_Driver/Src/stm32g4xx_hal_dma_ex.o
LOAD ./Drivers/STM32G4xx_HAL_Driver/Src/stm32g4xx_hal_exti.o
LOAD ./Drivers/STM32G4xx_HAL_Driver/Src/stm32g4xx_hal_fdcan.o
LOAD ./Drivers/STM32G4xx_HAL_Driver/Src/stm32g4xx_hal_flash.o
LOAD ./Drivers/STM32G4xx_HAL_Driver/Src/stm32g4xx_hal_flash_ex.o
LOAD ./Drivers/STM32G4xx_HAL_Driver/Src/stm32g4xx_hal_flash_ramfunc.o
LOAD ./Drivers/STM32G4xx_HAL_Driver/Src/stm32g4xx_hal_gpio.o
LOAD ./Drivers/STM32G4xx_HAL_Driver/Src/stm32g4xx_hal_pcd.o
LOAD ./Drivers/STM32G4xx_HAL_Driver/Src/stm32g4xx_hal_pcd_ex.o
LOAD ./Drivers/STM32G4xx_HAL_Driver/Src/stm32g4xx_hal_pwr.o
LOAD ./Drivers/STM32G4xx_HAL_Driver/Src/stm32g4xx_hal_pwr_ex.o
LOAD ./Drivers/STM32G4xx_HAL_Driver/Src/stm32g4xx_hal_rcc.o
LOAD ./Drivers/STM32G4xx_HAL_Driver/Src/stm32g4xx_hal_rcc_ex.o
LOAD ./Drivers/STM32G4xx_HAL_Driver/Src/stm32g4xx_hal_spi.o
LOAD ./Drivers/STM32G4xx_HAL_Driver/Src/stm32g4xx_hal_spi_ex.o
LOAD ./Drivers/STM32G4xx_HAL_Driver/Src/stm32g4xx_hal_tim.o
LOAD ./Drivers/STM32G4xx_HAL_Driver/Src/stm32g4xx_hal_tim_ex.o
LOAD ./Drivers/STM32G4xx_HAL_Driver/Src/stm32g4xx_ll_usb.o
LOAD ./Middlewares/ST/STM32_USB_Device_Library/Class/CDC/Src/usbd_cdc.o
LOAD ./Middlewares/ST/STM32_USB_Device_Library/Core/Src/usbd_core.o
LOAD ./Middlewares/ST/STM32_USB_Device_Library/Core/Src/usbd_ctlreq.o
LOAD ./Middlewares/ST/STM32_USB_Device_Library/Core/Src/usbd_ioreq.o
LOAD ./Middlewares/Third_Party/FreeRTOS/Source/CMSIS_RTOS_V2/cmsis_os2.o
LOAD ./Middlewares/Third_Party/FreeRTOS/Source/croutine.o
LOAD ./Middlewares/Third_Party/FreeRTOS/Source/event_groups.o
LOAD ./Middlewares/Third_Party/FreeRTOS/Source/list.o
LOAD ./Middlewares/Third_Party/FreeRTOS/Source/queue.o
LOAD ./Middlewares/Third_Party/FreeRTOS/Source/stream_buffer.o
LOAD ./Middlewares/Third_Party/FreeRTOS/Source/tasks.o
LOAD ./Middlewares/Third_Party/FreeRTOS/Source/timers.o
LOAD ./Middlewares/Third_Party/FreeRTOS/Source/portable/GCC/ARM_CM4F/port.o
LOAD ./Middlewares/Third_Party/FreeRTOS/Source/portable/MemMang/heap_4.o
LOAD ./USB_Device/App/usb_device.o
LOAD ./USB_Device/App/usbd_cdc_if.o
LOAD ./USB_Device/App/usbd_desc.o
LOAD ./USB_Device/Target/usbd_conf.o
START GROUP
LOAD /Applications/STM32CubeIDE.app/Contents/Eclipse/plugins/com.st.stm32cube.ide.mcu.externaltools.gnu-tools-for-stm32.12.3.rel1.macos64_1.1.0.202410301201/tools/bin/../lib/gcc/arm-none-eabi/12.3.1/../../../../arm-none-eabi/lib/thumb/v7e-m+fp/hard/libc_nano.a
LOAD /Applications/STM32CubeIDE.app/Contents/Eclipse/plugins/com.st.stm32cube.ide.mcu.externaltools.gnu-tools-for-stm32.12.3.rel1.macos64_1.1.0.202410301201/tools/bin/../lib/gcc/arm-none-eabi/12.3.1/../../../../arm-none-eabi/lib/thumb/v7e-m+fp/hard/libm.a
END GROUP
START GROUP
LOAD /Applications/STM32CubeIDE.app/Contents/Eclipse/plugins/com.st.stm32cube.ide.mcu.externaltools.gnu-tools-for-stm32.12.3.rel1.macos64_1.1.0.202410301201/tools/bin/../lib/gcc/arm-none-eabi/12.3.1/thumb/v7e-m+fp/hard/libgcc.a
LOAD /Applications/STM32CubeIDE.app/Contents/Eclipse/plugins/com.st.stm32cube.ide.mcu.externaltools.gnu-tools-for-stm32.12.3.rel1.macos64_1.1.0.202410301201/tools/bin/../lib/gcc/arm-none-eabi/12.3.1/../../../../arm-none-eabi/lib/thumb/v7e-m+fp/hard/libc_nano.a
END GROUP
START GROUP
LOAD /Applications/STM32CubeIDE.app/Contents/Eclipse/plugins/com.st.stm32cube.ide.mcu.externaltools.gnu-tools-for-stm32.12.3.rel1.macos64_1.1.0.202410301201/tools/bin/../lib/gcc/arm-none-eabi/12.3.1/thumb/v7e-m+fp/hard/libgcc.a
LOAD /Applications/STM32CubeIDE.app/Contents/Eclipse/plugins/com.st.stm32cube.ide.mcu.externaltools.gnu-tools-for-stm32.12.3.rel1.macos64_1.1.0.202410301201/tools/bin/../lib/gcc/arm-none-eabi/12.3.1/../../../../arm-none-eabi/lib/thumb/v7e-m+fp/hard/libc_nano.a
LOAD /Applications/STM32CubeIDE.app/Contents/Eclipse/plugins/com.st.stm32cube.ide.mcu.externaltools.gnu-tools-for-stm32.12.3.rel1.macos64_1.1.0.202410301201/tools/bin/../lib/gcc/arm-none-eabi/12.3.1/../../../../arm-none-eabi/lib/thumb/v7e-m+fp/hard/libnosys.a
END GROUP
START GROUP
LOAD /Applications/STM32CubeIDE.app/Contents/Eclipse/plugins/com.st.stm32cube.ide.mcu.externaltools.gnu-tools-for-stm32.12.3.rel1.macos64_1.1.0.202410301201/tools/bin/../lib/gcc/arm-none-eabi/12.3.1/thumb/v7e-m+fp/hard/libgcc.a
LOAD /Applications/STM32CubeIDE.app/Contents/Eclipse/plugins/com.st.stm32cube.ide.mcu.externaltools.gnu-tools-for-stm32.12.3.rel1.macos64_1.1.0.202410301201/tools/bin/../lib/gcc/arm-none-eabi/12.3.1/../../../../arm-none-eabi/lib/thumb/v7e-m+fp/hard/libc_nano.a
LOAD /Applications/STM32CubeIDE.app/Contents/Eclipse/plugins/com.st.stm32cube.ide.mcu.externaltools.gnu-tools-for-stm32.12.3.rel1.macos64_1.1.0.202410301201/tools/bin/../lib/gcc/arm-none-eabi/12.3.1/../../../../arm-none-eabi/lib/thumb/v7e-m+fp/hard/libnosys.a
END GROUP
LOAD /Applications/STM32CubeIDE.app/Contents/Eclipse/plugins/com.st.stm32cube.ide.mcu.externaltools.gnu-tools-for-stm32.12.3.rel1.macos64_1.1.0.202410301201/tools/bin/../lib/gcc/arm-none-eabi/12.3.1/thumb/v7e-m+fp/hard/crtend.o
LOAD /Applications/STM32CubeIDE.app/Contents/Eclipse/plugins/com.st.stm32cube.ide.mcu.externaltools.gnu-tools-for-stm32.12.3.rel1.macos64_1.1.0.202410301201/tools/bin/../lib/gcc/arm-none-eabi/12.3.1/thumb/v7e-m+fp/hard/crtn.o
                0x2001c000                        _estack = (ORIGIN (RAM) + LENGTH (RAM))
                0x00000200                        _Min_Heap_Size = 0x200
                0x00000400                        _Min_Stack_Size = 0x400

.isr_vector     0x08000000      0x1d8
                0x08000000                        . = ALIGN (0x4)
 *(.isr_vector)
 .isr_vector    0x08000000      0x1d8 ./Core/Startup/startup_stm32g491cetx.o
                0x08000000                g_pfnVectors
                0x080001d8                        . = ALIGN (0x4)

.text           0x080001e0    0x134b0
                0x080001e0                        . = ALIGN (0x4)
 *(.text)
 .text          0x080001e0       0x40 /Applications/STM32CubeIDE.app/Contents/Eclipse/plugins/com.st.stm32cube.ide.mcu.externaltools.gnu-tools-for-stm32.12.3.rel1.macos64_1.1.0.202410301201/tools/bin/../lib/gcc/arm-none-eabi/12.3.1/thumb/v7e-m+fp/hard/crtbegin.o
 .text          0x08000220       0xa0 /Applications/STM32CubeIDE.app/Contents/Eclipse/plugins/com.st.stm32cube.ide.mcu.externaltools.gnu-tools-for-stm32.12.3.rel1.macos64_1.1.0.202410301201/tools/bin/../lib/gcc/arm-none-eabi/12.3.1/../../../../arm-none-eabi/lib/thumb/v7e-m+fp/hard/libc_nano.a(libc_a-memchr.o)
                0x08000220                memchr
 .text          0x080002c0       0x10 /Applications/STM32CubeIDE.app/Contents/Eclipse/plugins/com.st.stm32cube.ide.mcu.externaltools.gnu-tools-for-stm32.12.3.rel1.macos64_1.1.0.202410301201/tools/bin/../lib/gcc/arm-none-eabi/12.3.1/../../../../arm-none-eabi/lib/thumb/v7e-m+fp/hard/libc_nano.a(libc_a-strlen.o)
                0x080002c0                strlen
 .text          0x080002d0      0x378 /Applications/STM32CubeIDE.app/Contents/Eclipse/plugins/com.st.stm32cube.ide.mcu.externaltools.gnu-tools-for-stm32.12.3.rel1.macos64_1.1.0.202410301201/tools/bin/../lib/gcc/arm-none-eabi/12.3.1/thumb/v7e-m+fp/hard/libgcc.a(_arm_addsubdf3.o)
                0x080002d0                __aeabi_drsub
                0x080002d8                __subdf3
                0x080002d8                __aeabi_dsub
                0x080002dc                __aeabi_dadd
                0x080002dc                __adddf3
                0x08000554                __aeabi_ui2d
                0x08000554                __floatunsidf
                0x08000574                __floatsidf
                0x08000574                __aeabi_i2d
                0x08000598                __extendsfdf2
                0x08000598                __aeabi_f2d
                0x080005dc                __aeabi_ul2d
                0x080005dc                __floatundidf
                0x080005ec                __aeabi_l2d
                0x080005ec                __floatdidf
 .text          0x08000648      0x424 /Applications/STM32CubeIDE.app/Contents/Eclipse/plugins/com.st.stm32cube.ide.mcu.externaltools.gnu-tools-for-stm32.12.3.rel1.macos64_1.1.0.202410301201/tools/bin/../lib/gcc/arm-none-eabi/12.3.1/thumb/v7e-m+fp/hard/libgcc.a(_arm_muldivdf3.o)
                0x08000648                __aeabi_dmul
                0x08000648                __muldf3
                0x0800089c                __aeabi_ddiv
                0x0800089c                __divdf3
 .text          0x08000a6c      0x110 /Applications/STM32CubeIDE.app/Contents/Eclipse/plugins/com.st.stm32cube.ide.mcu.externaltools.gnu-tools-for-stm32.12.3.rel1.macos64_1.1.0.202410301201/tools/bin/../lib/gcc/arm-none-eabi/12.3.1/thumb/v7e-m+fp/hard/libgcc.a(_arm_cmpdf2.o)
                0x08000a6c                __gedf2
                0x08000a6c                __gtdf2
                0x08000a74                __ledf2
                0x08000a74                __ltdf2
                0x08000a7c                __cmpdf2
                0x08000a7c                __eqdf2
                0x08000a7c                __nedf2
                0x08000af8                __aeabi_cdrcmple
                0x08000b08                __aeabi_cdcmple
                0x08000b08                __aeabi_cdcmpeq
                0x08000b18                __aeabi_dcmpeq
                0x08000b2c                __aeabi_dcmplt
                0x08000b40                __aeabi_dcmple
                0x08000b54                __aeabi_dcmpge
                0x08000b68                __aeabi_dcmpgt
 .text          0x08000b7c       0x2c /Applications/STM32CubeIDE.app/Contents/Eclipse/plugins/com.st.stm32cube.ide.mcu.externaltools.gnu-tools-for-stm32.12.3.rel1.macos64_1.1.0.202410301201/tools/bin/../lib/gcc/arm-none-eabi/12.3.1/thumb/v7e-m+fp/hard/libgcc.a(_arm_unorddf2.o)
                0x08000b7c                __aeabi_dcmpun
                0x08000b7c                __unorddf2
 .text          0x08000ba8       0x50 /Applications/STM32CubeIDE.app/Contents/Eclipse/plugins/com.st.stm32cube.ide.mcu.externaltools.gnu-tools-for-stm32.12.3.rel1.macos64_1.1.0.202410301201/tools/bin/../lib/gcc/arm-none-eabi/12.3.1/thumb/v7e-m+fp/hard/libgcc.a(_arm_fixdfsi.o)
                0x08000ba8                __fixdfsi
                0x08000ba8                __aeabi_d2iz
 *(.text*)
 .text.accel_read_reg
                0x08000bf8       0x80 ./Core/Src/Drivers/BMI088.o
                0x08000bf8                accel_read_reg
 .text.gyro_read_reg
                0x08000c78       0x7c ./Core/Src/Drivers/BMI088.o
                0x08000c78                gyro_read_reg
 .text.accel_write_reg
                0x08000cf4       0x52 ./Core/Src/Drivers/BMI088.o
                0x08000cf4                accel_write_reg
 .text.gyro_write_reg
                0x08000d46       0x52 ./Core/Src/Drivers/BMI088.o
                0x08000d46                gyro_write_reg
 .text.bmi088_init
                0x08000d98      0x210 ./Core/Src/Drivers/BMI088.o
                0x08000d98                bmi088_init
 .text.accel_step
                0x08000fa8       0xd8 ./Core/Src/Drivers/BMI088.o
                0x08000fa8                accel_step
 .text.gyro_step
                0x08001080       0xe0 ./Core/Src/Drivers/BMI088.o
                0x08001080                gyro_step
 .text.accel_get
                0x08001160       0x18 ./Core/Src/Drivers/BMI088.o
                0x08001160                accel_get
 .text.gyro_get
                0x08001178       0x18 ./Core/Src/Drivers/BMI088.o
                0x08001178                gyro_get
 .text.bmp_read_reg
                0x08001190       0x94 ./Core/Src/Drivers/BMP390.o
 .text.bmp_write_reg
                0x08001224       0x78 ./Core/Src/Drivers/BMP390.o
 .text.bmp_read_buf
                0x0800129c       0xf4 ./Core/Src/Drivers/BMP390.o
 .text.bmp_parse_calib
                0x08001390      0x2f4 ./Core/Src/Drivers/BMP390.o
 .text.bmp_compensate_temperature
                0x08001684       0x6a ./Core/Src/Drivers/BMP390.o
 .text.bmp_compensate_pressure
                0x080016ee      0x1a4 ./Core/Src/Drivers/BMP390.o
 *fill*         0x08001892        0x2 
 .text.bmp_init
                0x08001894      0x30c ./Core/Src/Drivers/BMP390.o
                0x08001894                bmp_init
 .text.baro_step
                0x08001ba0      0x134 ./Core/Src/Drivers/BMP390.o
                0x08001ba0                baro_step
 .text.baro_get_altitude
                0x08001cd4       0x1e ./Core/Src/Drivers/BMP390.o
                0x08001cd4                baro_get_altitude
 .text.baro_get_temp
                0x08001cf2       0x1a ./Core/Src/Drivers/BMP390.o
                0x08001cf2                baro_get_temp
 .text.baro_get_pressure
                0x08001d0c       0x1e ./Core/Src/Drivers/BMP390.o
                0x08001d0c                baro_get_pressure
 *fill*         0x08001d2a        0x2 
 .text.spi_begin
                0x08001d2c       0x20 ./Core/Src/Drivers/flash.o
 .text.spi_end  0x08001d4c       0x20 ./Core/Src/Drivers/flash.o
 .text.flash_status_1
                0x08001d6c       0x44 ./Core/Src/Drivers/flash.o
 .text.flash_write_enable
                0x08001db0       0x30 ./Core/Src/Drivers/flash.o
 .text.Flash_Setup
                0x08001de0       0xa0 ./Core/Src/Drivers/flash.o
                0x08001de0                Flash_Setup
 .text.Flash_Busy
                0x08001e80       0x1c ./Core/Src/Drivers/flash.o
                0x08001e80                Flash_Busy
 .text.Flash_Write
                0x08001e9c       0x84 ./Core/Src/Drivers/flash.o
                0x08001e9c                Flash_Write
 .text.calculate_gain
                0x08001f20      0x4ec ./Core/Src/kalman.o
 .text.KalmanFilter_init
                0x0800240c       0xe4 ./Core/Src/kalman.o
                0x0800240c                KalmanFilter_init
 .text.KalmanFilter_step
                0x080024f0      0x158 ./Core/Src/kalman.o
                0x080024f0                KalmanFilter_step
 .text.ring_buffer_available
                0x08002648       0x1e ./Core/Src/log.o
 .text.ring_buffer_used
                0x08002666       0x18 ./Core/Src/log.o
 *fill*         0x0800267e        0x2 
 .text.log_add  0x08002680       0x44 ./Core/Src/log.o
                0x08002680                log_add
 .text.log_step
                0x080026c4       0xd4 ./Core/Src/log.o
                0x080026c4                log_step
 .text.debug_print
                0x08002798       0x52 ./Core/Src/main.o
                0x08002798                debug_print
 *fill*         0x080027ea        0x2 
 .text.channel_fire
                0x080027ec       0x5c ./Core/Src/main.o
                0x080027ec                channel_fire
 .text.channel_update
                0x08002848       0x80 ./Core/Src/main.o
                0x08002848                channel_update
 .text.main     0x080028c8      0x160 ./Core/Src/main.o
                0x080028c8                main
 .text.SystemClock_Config
                0x08002a28       0x9a ./Core/Src/main.o
                0x08002a28                SystemClock_Config
 *fill*         0x08002ac2        0x2 
 .text.MX_FDCAN2_Init
                0x08002ac4       0x8c ./Core/Src/main.o
 .text.MX_SPI1_Init
                0x08002b50       0x7c ./Core/Src/main.o
 .text.MX_GPIO_Init
                0x08002bcc       0xe0 ./Core/Src/main.o
 .text.StartSendMessage
                0x08002cac       0x9c ./Core/Src/main.o
                0x08002cac                StartSendMessage
 .text.StartDeployment
                0x08002d48      0x5e8 ./Core/Src/main.o
                0x08002d48                StartDeployment
 .text.StartReadSensors
                0x08003330       0xcc ./Core/Src/main.o
                0x08003330                StartReadSensors
 .text.StartLog
                0x080033fc       0x18 ./Core/Src/main.o
                0x080033fc                StartLog
 .text.HAL_TIM_PeriodElapsedCallback
                0x08003414       0x24 ./Core/Src/main.o
                0x08003414                HAL_TIM_PeriodElapsedCallback
 .text.Error_Handler
                0x08003438        0xc ./Core/Src/main.o
                0x08003438                Error_Handler
 .text.HAL_MspInit
                0x08003444       0x54 ./Core/Src/stm32g4xx_hal_msp.o
                0x08003444                HAL_MspInit
 .text.HAL_FDCAN_MspInit
                0x08003498       0xb4 ./Core/Src/stm32g4xx_hal_msp.o
                0x08003498                HAL_FDCAN_MspInit
 .text.HAL_SPI_MspInit
                0x0800354c       0x84 ./Core/Src/stm32g4xx_hal_msp.o
                0x0800354c                HAL_SPI_MspInit
 .text.HAL_InitTick
                0x080035d0       0xd8 ./Core/Src/stm32g4xx_hal_timebase_tim.o
                0x080035d0                HAL_InitTick
 .text.NMI_Handler
                0x080036a8        0x8 ./Core/Src/stm32g4xx_it.o
                0x080036a8                NMI_Handler
 .text.HardFault_Handler
                0x080036b0        0x8 ./Core/Src/stm32g4xx_it.o
                0x080036b0                HardFault_Handler
 .text.MemManage_Handler
                0x080036b8        0x8 ./Core/Src/stm32g4xx_it.o
                0x080036b8                MemManage_Handler
 .text.BusFault_Handler
                0x080036c0        0x8 ./Core/Src/stm32g4xx_it.o
                0x080036c0                BusFault_Handler
 .text.UsageFault_Handler
                0x080036c8        0x8 ./Core/Src/stm32g4xx_it.o
                0x080036c8                UsageFault_Handler
 .text.DebugMon_Handler
                0x080036d0        0xe ./Core/Src/stm32g4xx_it.o
                0x080036d0                DebugMon_Handler
 *fill*         0x080036de        0x2 
 .text.USB_LP_IRQHandler
                0x080036e0       0x14 ./Core/Src/stm32g4xx_it.o
                0x080036e0                USB_LP_IRQHandler
 .text.TIM1_UP_TIM16_IRQHandler
                0x080036f4       0x14 ./Core/Src/stm32g4xx_it.o
                0x080036f4                TIM1_UP_TIM16_IRQHandler
 .text._getpid  0x08003708       0x10 ./Core/Src/syscalls.o
                0x08003708                _getpid
 .text._kill    0x08003718       0x20 ./Core/Src/syscalls.o
                0x08003718                _kill
 .text._exit    0x08003738       0x16 ./Core/Src/syscalls.o
                0x08003738                _exit
 .text._read    0x0800374e       0x3a ./Core/Src/syscalls.o
                0x0800374e                _read
 .text._write   0x08003788       0x38 ./Core/Src/syscalls.o
                0x08003788                _write
 .text._close   0x080037c0       0x18 ./Core/Src/syscalls.o
                0x080037c0                _close
 .text._fstat   0x080037d8       0x20 ./Core/Src/syscalls.o
                0x080037d8                _fstat
 .text._isatty  0x080037f8       0x16 ./Core/Src/syscalls.o
                0x080037f8                _isatty
 .text._lseek   0x0800380e       0x1a ./Core/Src/syscalls.o
                0x0800380e                _lseek
 .text._sbrk    0x08003828       0x6c ./Core/Src/sysmem.o
                0x08003828                _sbrk
 .text.SystemInit
                0x08003894       0x24 ./Core/Src/system_stm32g4xx.o
                0x08003894                SystemInit
 .text.matrix_multiply
                0x080038b8       0xd0 ./Core/Src/util/matrix.o
                0x080038b8                matrix_multiply
 .text.matrix_transpose
                0x08003988       0x6c ./Core/Src/util/matrix.o
                0x08003988                matrix_transpose
 .text.matrix_norm_sq
                0x080039f4       0x68 ./Core/Src/util/matrix.o
                0x080039f4                matrix_norm_sq
 .text.wrapping_add
                0x08003a5c       0x2c ./Core/Src/util/ring_buffer.o
 .text.ring_buffer_push
                0x08003a88       0x98 ./Core/Src/util/ring_buffer.o
                0x08003a88                ring_buffer_push
 .text.ring_buffer_pop
                0x08003b20       0x5e ./Core/Src/util/ring_buffer.o
                0x08003b20                ring_buffer_pop
 .text.ring_buffer_push_array
                0x08003b7e      0x13e ./Core/Src/util/ring_buffer.o
                0x08003b7e                ring_buffer_push_array
 .text.ring_buffer_pop_array
                0x08003cbc       0xd4 ./Core/Src/util/ring_buffer.o
                0x08003cbc                ring_buffer_pop_array
 .text.Reset_Handler
                0x08003d90       0x50 ./Core/Startup/startup_stm32g491cetx.o
                0x08003d90                Reset_Handler
 .text.Default_Handler
                0x08003de0        0x2 ./Core/Startup/startup_stm32g491cetx.o
                0x08003de0                TIM1_BRK_TIM15_IRQHandler
                0x08003de0                EXTI2_IRQHandler
                0x08003de0                TIM8_TRG_COM_IRQHandler
                0x08003de0                TIM8_CC_IRQHandler
                0x08003de0                TIM1_CC_IRQHandler
                0x08003de0                USB_HP_IRQHandler
                0x08003de0                CORDIC_IRQHandler
                0x08003de0                DMA2_Channel8_IRQHandler
                0x08003de0                EXTI3_IRQHandler
                0x08003de0                I2C3_ER_IRQHandler
                0x08003de0                EXTI0_IRQHandler
                0x08003de0                I2C2_EV_IRQHandler
                0x08003de0                FPU_IRQHandler
                0x08003de0                FDCAN1_IT1_IRQHandler
                0x08003de0                ADC1_2_IRQHandler
                0x08003de0                SPI1_IRQHandler
                0x08003de0                TIM6_DAC_IRQHandler
                0x08003de0                TIM8_UP_IRQHandler
                0x08003de0                DMA2_Channel2_IRQHandler
                0x08003de0                DMA1_Channel4_IRQHandler
                0x08003de0                TIM20_TRG_COM_IRQHandler
                0x08003de0                USART3_IRQHandler
                0x08003de0                DMA1_Channel7_IRQHandler
                0x08003de0                UART5_IRQHandler
                0x08003de0                ADC3_IRQHandler
                0x08003de0                TIM4_IRQHandler
                0x08003de0                DMA2_Channel1_IRQHandler
                0x08003de0                QUADSPI_IRQHandler
                0x08003de0                I2C1_EV_IRQHandler
                0x08003de0                DMA1_Channel6_IRQHandler
                0x08003de0                UART4_IRQHandler
                0x08003de0                DMA2_Channel4_IRQHandler
                0x08003de0                TIM3_IRQHandler
                0x08003de0                RCC_IRQHandler
                0x08003de0                TIM20_UP_IRQHandler
                0x08003de0                DMA1_Channel1_IRQHandler
                0x08003de0                Default_Handler
                0x08003de0                DMA2_Channel7_IRQHandler
                0x08003de0                RTC_TAMP_LSECSS_IRQHandler
                0x08003de0                FMAC_IRQHandler
                0x08003de0                EXTI15_10_IRQHandler
                0x08003de0                DMA1_Channel8_IRQHandler
                0x08003de0                TIM7_IRQHandler
                0x08003de0                UCPD1_IRQHandler
                0x08003de0                I2C3_EV_IRQHandler
                0x08003de0                EXTI9_5_IRQHandler
                0x08003de0                RTC_WKUP_IRQHandler
                0x08003de0                PVD_PVM_IRQHandler
                0x08003de0                SPI2_IRQHandler
                0x08003de0                DMA2_Channel5_IRQHandler
                0x08003de0                CRS_IRQHandler
                0x08003de0                DMA1_Channel5_IRQHandler
                0x08003de0                EXTI4_IRQHandler
                0x08003de0                RNG_IRQHandler
                0x08003de0                TIM1_TRG_COM_TIM17_IRQHandler
                0x08003de0                FDCAN2_IT1_IRQHandler
                0x08003de0                DMA1_Channel3_IRQHandler
                0x08003de0                WWDG_IRQHandler
                0x08003de0                FDCAN2_IT0_IRQHandler
                0x08003de0                LPUART1_IRQHandler
                0x08003de0                DMA2_Channel6_IRQHandler
                0x08003de0                FDCAN1_IT0_IRQHandler
                0x08003de0                TIM2_IRQHandler
                0x08003de0                COMP1_2_3_IRQHandler
                0x08003de0                EXTI1_IRQHandler
                0x08003de0                USART2_IRQHandler
                0x08003de0                TIM20_BRK_IRQHandler
                0x08003de0                I2C2_ER_IRQHandler
                0x08003de0                DMA1_Channel2_IRQHandler
                0x08003de0                TIM8_BRK_IRQHandler
                0x08003de0                FLASH_IRQHandler
                0x08003de0                TIM20_CC_IRQHandler
                0x08003de0                USART1_IRQHandler
                0x08003de0                SPI3_IRQHandler
                0x08003de0                I2C1_ER_IRQHandler
                0x08003de0                LPTIM1_IRQHandler
                0x08003de0                DMAMUX_OVR_IRQHandler
                0x08003de0                USBWakeUp_IRQHandler
                0x08003de0                SAI1_IRQHandler
                0x08003de0                DMA2_Channel3_IRQHandler
                0x08003de0                COMP4_IRQHandler
                0x08003de0                RTC_Alarm_IRQHandler
 .text.HAL_Init
                0x08003de2       0x30 ./Drivers/STM32G4xx_HAL_Driver/Src/stm32g4xx_hal.o
                0x08003de2                HAL_Init
 *fill*         0x08003e12        0x2 
 .text.HAL_IncTick
                0x08003e14       0x24 ./Drivers/STM32G4xx_HAL_Driver/Src/stm32g4xx_hal.o
                0x08003e14                HAL_IncTick
 .text.HAL_GetTick
                0x08003e38       0x18 ./Drivers/STM32G4xx_HAL_Driver/Src/stm32g4xx_hal.o
                0x08003e38                HAL_GetTick
 .text.HAL_Delay
                0x08003e50       0x44 ./Drivers/STM32G4xx_HAL_Driver/Src/stm32g4xx_hal.o
                0x08003e50                HAL_Delay
 .text.__NVIC_SetPriorityGrouping
                0x08003e94       0x48 ./Drivers/STM32G4xx_HAL_Driver/Src/stm32g4xx_hal_cortex.o
 .text.__NVIC_GetPriorityGrouping
                0x08003edc       0x1c ./Drivers/STM32G4xx_HAL_Driver/Src/stm32g4xx_hal_cortex.o
 .text.__NVIC_EnableIRQ
                0x08003ef8       0x3c ./Drivers/STM32G4xx_HAL_Driver/Src/stm32g4xx_hal_cortex.o
 .text.__NVIC_SetPriority
                0x08003f34       0x54 ./Drivers/STM32G4xx_HAL_Driver/Src/stm32g4xx_hal_cortex.o
 .text.NVIC_EncodePriority
                0x08003f88       0x66 ./Drivers/STM32G4xx_HAL_Driver/Src/stm32g4xx_hal_cortex.o
 .text.HAL_NVIC_SetPriorityGrouping
                0x08003fee       0x16 ./Drivers/STM32G4xx_HAL_Driver/Src/stm32g4xx_hal_cortex.o
                0x08003fee                HAL_NVIC_SetPriorityGrouping
 .text.HAL_NVIC_SetPriority
                0x08004004       0x34 ./Drivers/STM32G4xx_HAL_Driver/Src/stm32g4xx_hal_cortex.o
                0x08004004                HAL_NVIC_SetPriority
 .text.HAL_NVIC_EnableIRQ
                0x08004038       0x1c ./Drivers/STM32G4xx_HAL_Driver/Src/stm32g4xx_hal_cortex.o
                0x08004038                HAL_NVIC_EnableIRQ
 .text.HAL_FDCAN_Init
                0x08004054      0x2b4 ./Drivers/STM32G4xx_HAL_Driver/Src/stm32g4xx_hal_fdcan.o
                0x08004054                HAL_FDCAN_Init
 .text.HAL_FDCAN_AddMessageToTxFifoQ
                0x08004308       0x88 ./Drivers/STM32G4xx_HAL_Driver/Src/stm32g4xx_hal_fdcan.o
                0x08004308                HAL_FDCAN_AddMessageToTxFifoQ
 .text.FDCAN_CalcultateRamBlockAddresses
                0x08004390       0xc4 ./Drivers/STM32G4xx_HAL_Driver/Src/stm32g4xx_hal_fdcan.o
 .text.FDCAN_CopyMessageToRAM
                0x08004454       0xf8 ./Drivers/STM32G4xx_HAL_Driver/Src/stm32g4xx_hal_fdcan.o
 .text.HAL_GPIO_Init
                0x0800454c      0x304 ./Drivers/STM32G4xx_HAL_Driver/Src/stm32g4xx_hal_gpio.o
                0x0800454c                HAL_GPIO_Init
 .text.HAL_GPIO_WritePin
                0x08004850       0x30 ./Drivers/STM32G4xx_HAL_Driver/Src/stm32g4xx_hal_gpio.o
                0x08004850                HAL_GPIO_WritePin
 .text.HAL_GPIO_TogglePin
                0x08004880       0x34 ./Drivers/STM32G4xx_HAL_Driver/Src/stm32g4xx_hal_gpio.o
                0x08004880                HAL_GPIO_TogglePin
 .text.HAL_PCD_Init
                0x080048b4      0x19c ./Drivers/STM32G4xx_HAL_Driver/Src/stm32g4xx_hal_pcd.o
                0x080048b4                HAL_PCD_Init
 .text.HAL_PCD_Start
                0x08004a50       0x44 ./Drivers/STM32G4xx_HAL_Driver/Src/stm32g4xx_hal_pcd.o
                0x08004a50                HAL_PCD_Start
 .text.HAL_PCD_IRQHandler
                0x08004a94      0x24e ./Drivers/STM32G4xx_HAL_Driver/Src/stm32g4xx_hal_pcd.o
                0x08004a94                HAL_PCD_IRQHandler
 .text.HAL_PCD_SetAddress
                0x08004ce2       0x48 ./Drivers/STM32G4xx_HAL_Driver/Src/stm32g4xx_hal_pcd.o
                0x08004ce2                HAL_PCD_SetAddress
 .text.HAL_PCD_EP_Open
                0x08004d2a       0xbe ./Drivers/STM32G4xx_HAL_Driver/Src/stm32g4xx_hal_pcd.o
                0x08004d2a                HAL_PCD_EP_Open
 .text.HAL_PCD_EP_Close
                0x08004de8       0x90 ./Drivers/STM32G4xx_HAL_Driver/Src/stm32g4xx_hal_pcd.o
                0x08004de8                HAL_PCD_EP_Close
 .text.HAL_PCD_EP_Receive
                0x08004e78       0x62 ./Drivers/STM32G4xx_HAL_Driver/Src/stm32g4xx_hal_pcd.o
                0x08004e78                HAL_PCD_EP_Receive
 .text.HAL_PCD_EP_GetRxCount
                0x08004eda       0x30 ./Drivers/STM32G4xx_HAL_Driver/Src/stm32g4xx_hal_pcd.o
                0x08004eda                HAL_PCD_EP_GetRxCount
 .text.HAL_PCD_EP_Transmit
                0x08004f0a       0x6e ./Drivers/STM32G4xx_HAL_Driver/Src/stm32g4xx_hal_pcd.o
                0x08004f0a                HAL_PCD_EP_Transmit
 .text.HAL_PCD_EP_SetStall
                0x08004f78       0xa4 ./Drivers/STM32G4xx_HAL_Driver/Src/stm32g4xx_hal_pcd.o
                0x08004f78                HAL_PCD_EP_SetStall
 .text.HAL_PCD_EP_ClrStall
                0x0800501c       0xa8 ./Drivers/STM32G4xx_HAL_Driver/Src/stm32g4xx_hal_pcd.o
                0x0800501c                HAL_PCD_EP_ClrStall
 .text.PCD_EP_ISR_Handler
                0x080050c4      0x68e ./Drivers/STM32G4xx_HAL_Driver/Src/stm32g4xx_hal_pcd.o
 .text.HAL_PCD_EP_DB_Receive
                0x08005752      0x212 ./Drivers/STM32G4xx_HAL_Driver/Src/stm32g4xx_hal_pcd.o
 .text.HAL_PCD_EP_DB_Transmit
                0x08005964      0x878 ./Drivers/STM32G4xx_HAL_Driver/Src/stm32g4xx_hal_pcd.o
 .text.HAL_PCDEx_PMAConfig
                0x080061dc       0x86 ./Drivers/STM32G4xx_HAL_Driver/Src/stm32g4xx_hal_pcd_ex.o
                0x080061dc                HAL_PCDEx_PMAConfig
 .text.HAL_PCDEx_ActivateLPM
                0x08006262       0x54 ./Drivers/STM32G4xx_HAL_Driver/Src/stm32g4xx_hal_pcd_ex.o
                0x08006262                HAL_PCDEx_ActivateLPM
 *fill*         0x080062b6        0x2 
 .text.HAL_PWREx_ControlVoltageScaling
                0x080062b8      0x148 ./Drivers/STM32G4xx_HAL_Driver/Src/stm32g4xx_hal_pwr_ex.o
                0x080062b8                HAL_PWREx_ControlVoltageScaling
 .text.HAL_PWREx_DisableUCPDDeadBattery
                0x08006400       0x20 ./Drivers/STM32G4xx_HAL_Driver/Src/stm32g4xx_hal_pwr_ex.o
                0x08006400                HAL_PWREx_DisableUCPDDeadBattery
 .text.HAL_RCC_OscConfig
                0x08006420      0x624 ./Drivers/STM32G4xx_HAL_Driver/Src/stm32g4xx_hal_rcc.o
                0x08006420                HAL_RCC_OscConfig
 .text.HAL_RCC_ClockConfig
                0x08006a44      0x278 ./Drivers/STM32G4xx_HAL_Driver/Src/stm32g4xx_hal_rcc.o
                0x08006a44                HAL_RCC_ClockConfig
 .text.HAL_RCC_GetSysClockFreq
                0x08006cbc       0xc4 ./Drivers/STM32G4xx_HAL_Driver/Src/stm32g4xx_hal_rcc.o
                0x08006cbc                HAL_RCC_GetSysClockFreq
 .text.HAL_RCC_GetHCLKFreq
                0x08006d80       0x18 ./Drivers/STM32G4xx_HAL_Driver/Src/stm32g4xx_hal_rcc.o
                0x08006d80                HAL_RCC_GetHCLKFreq
 .text.HAL_RCC_GetPCLK2Freq
                0x08006d98       0x2c ./Drivers/STM32G4xx_HAL_Driver/Src/stm32g4xx_hal_rcc.o
                0x08006d98                HAL_RCC_GetPCLK2Freq
 .text.HAL_RCC_GetClockConfig
                0x08006dc4       0x64 ./Drivers/STM32G4xx_HAL_Driver/Src/stm32g4xx_hal_rcc.o
                0x08006dc4                HAL_RCC_GetClockConfig
 .text.RCC_GetSysClockFreqFromPLLSource
                0x08006e28       0x8c ./Drivers/STM32G4xx_HAL_Driver/Src/stm32g4xx_hal_rcc.o
 .text.HAL_RCCEx_PeriphCLKConfig
                0x08006eb4      0x478 ./Drivers/STM32G4xx_HAL_Driver/Src/stm32g4xx_hal_rcc_ex.o
                0x08006eb4                HAL_RCCEx_PeriphCLKConfig
 .text.HAL_SPI_Init
                0x0800732c      0x156 ./Drivers/STM32G4xx_HAL_Driver/Src/stm32g4xx_hal_spi.o
                0x0800732c                HAL_SPI_Init
 .text.HAL_SPI_Transmit
                0x08007482      0x2ec ./Drivers/STM32G4xx_HAL_Driver/Src/stm32g4xx_hal_spi.o
                0x08007482                HAL_SPI_Transmit
 .text.HAL_SPI_Receive
                0x0800776e      0x270 ./Drivers/STM32G4xx_HAL_Driver/Src/stm32g4xx_hal_spi.o
                0x0800776e                HAL_SPI_Receive
 .text.HAL_SPI_TransmitReceive
                0x080079de      0x43e ./Drivers/STM32G4xx_HAL_Driver/Src/stm32g4xx_hal_spi.o
                0x080079de                HAL_SPI_TransmitReceive
 .text.SPI_WaitFlagStateUntilTimeout
                0x08007e1c      0x110 ./Drivers/STM32G4xx_HAL_Driver/Src/stm32g4xx_hal_spi.o
 .text.SPI_WaitFifoStateUntilTimeout
                0x08007f2c      0x12c ./Drivers/STM32G4xx_HAL_Driver/Src/stm32g4xx_hal_spi.o
 .text.SPI_EndRxTransaction
                0x08008058       0xb0 ./Drivers/STM32G4xx_HAL_Driver/Src/stm32g4xx_hal_spi.o
 .text.SPI_EndRxTxTransaction
                0x08008108       0x8c ./Drivers/STM32G4xx_HAL_Driver/Src/stm32g4xx_hal_spi.o
 .text.HAL_TIM_Base_Init
                0x08008194       0xae ./Drivers/STM32G4xx_HAL_Driver/Src/stm32g4xx_hal_tim.o
                0x08008194                HAL_TIM_Base_Init
 .text.HAL_TIM_Base_MspInit
                0x08008242       0x14 ./Drivers/STM32G4xx_HAL_Driver/Src/stm32g4xx_hal_tim.o
                0x08008242                HAL_TIM_Base_MspInit
 *fill*         0x08008256        0x2 
 .text.HAL_TIM_Base_Start_IT
                0x08008258       0xe0 ./Drivers/STM32G4xx_HAL_Driver/Src/stm32g4xx_hal_tim.o
                0x08008258                HAL_TIM_Base_Start_IT
 .text.HAL_TIM_IRQHandler
                0x08008338      0x29e ./Drivers/STM32G4xx_HAL_Driver/Src/stm32g4xx_hal_tim.o
                0x08008338                HAL_TIM_IRQHandler
 .text.HAL_TIM_OC_DelayElapsedCallback
                0x080085d6       0x14 ./Drivers/STM32G4xx_HAL_Driver/Src/stm32g4xx_hal_tim.o
                0x080085d6                HAL_TIM_OC_DelayElapsedCallback
 .text.HAL_TIM_IC_CaptureCallback
                0x080085ea       0x14 ./Drivers/STM32G4xx_HAL_Driver/Src/stm32g4xx_hal_tim.o
                0x080085ea                HAL_TIM_IC_CaptureCallback
 .text.HAL_TIM_PWM_PulseFinishedCallback
                0x080085fe       0x14 ./Drivers/STM32G4xx_HAL_Driver/Src/stm32g4xx_hal_tim.o
                0x080085fe                HAL_TIM_PWM_PulseFinishedCallback
 .text.HAL_TIM_TriggerCallback
                0x08008612       0x14 ./Drivers/STM32G4xx_HAL_Driver/Src/stm32g4xx_hal_tim.o
                0x08008612                HAL_TIM_TriggerCallback
 *fill*         0x08008626        0x2 
 .text.TIM_Base_SetConfig
                0x08008628      0x154 ./Drivers/STM32G4xx_HAL_Driver/Src/stm32g4xx_hal_tim.o
                0x08008628                TIM_Base_SetConfig
 .text.HAL_TIMEx_CommutCallback
                0x0800877c       0x14 ./Drivers/STM32G4xx_HAL_Driver/Src/stm32g4xx_hal_tim_ex.o
                0x0800877c                HAL_TIMEx_CommutCallback
 .text.HAL_TIMEx_BreakCallback
                0x08008790       0x14 ./Drivers/STM32G4xx_HAL_Driver/Src/stm32g4xx_hal_tim_ex.o
                0x08008790                HAL_TIMEx_BreakCallback
 .text.HAL_TIMEx_Break2Callback
                0x080087a4       0x14 ./Drivers/STM32G4xx_HAL_Driver/Src/stm32g4xx_hal_tim_ex.o
                0x080087a4                HAL_TIMEx_Break2Callback
 .text.HAL_TIMEx_EncoderIndexCallback
                0x080087b8       0x14 ./Drivers/STM32G4xx_HAL_Driver/Src/stm32g4xx_hal_tim_ex.o
                0x080087b8                HAL_TIMEx_EncoderIndexCallback
 .text.HAL_TIMEx_DirectionChangeCallback
                0x080087cc       0x14 ./Drivers/STM32G4xx_HAL_Driver/Src/stm32g4xx_hal_tim_ex.o
                0x080087cc                HAL_TIMEx_DirectionChangeCallback
 .text.HAL_TIMEx_IndexErrorCallback
                0x080087e0       0x14 ./Drivers/STM32G4xx_HAL_Driver/Src/stm32g4xx_hal_tim_ex.o
                0x080087e0                HAL_TIMEx_IndexErrorCallback
 .text.HAL_TIMEx_TransitionErrorCallback
                0x080087f4       0x14 ./Drivers/STM32G4xx_HAL_Driver/Src/stm32g4xx_hal_tim_ex.o
                0x080087f4                HAL_TIMEx_TransitionErrorCallback
 .text.USB_EnableGlobalInt
                0x08008808       0x2e ./Drivers/STM32G4xx_HAL_Driver/Src/stm32g4xx_ll_usb.o
                0x08008808                USB_EnableGlobalInt
 .text.USB_DisableGlobalInt
                0x08008836       0x36 ./Drivers/STM32G4xx_HAL_Driver/Src/stm32g4xx_ll_usb.o
                0x08008836                USB_DisableGlobalInt
 .text.USB_DevInit
                0x0800886c       0x3c ./Drivers/STM32G4xx_HAL_Driver/Src/stm32g4xx_ll_usb.o
                0x0800886c                USB_DevInit
 .text.USB_ActivateEndpoint
                0x080088a8      0x9d0 ./Drivers/STM32G4xx_HAL_Driver/Src/stm32g4xx_ll_usb.o
                0x080088a8                USB_ActivateEndpoint
 .text.USB_DeactivateEndpoint
                0x08009278      0x3da ./Drivers/STM32G4xx_HAL_Driver/Src/stm32g4xx_ll_usb.o
                0x08009278                USB_DeactivateEndpoint
 .text.USB_EPStartXfer
                0x08009652      0xb5e ./Drivers/STM32G4xx_HAL_Driver/Src/stm32g4xx_ll_usb.o
                0x08009652                USB_EPStartXfer
 .text.USB_EPSetStall
                0x0800a1b0       0xa2 ./Drivers/STM32G4xx_HAL_Driver/Src/stm32g4xx_ll_usb.o
                0x0800a1b0                USB_EPSetStall
 .text.USB_EPClearStall
                0x0800a252      0x152 ./Drivers/STM32G4xx_HAL_Driver/Src/stm32g4xx_ll_usb.o
                0x0800a252                USB_EPClearStall
 .text.USB_SetDevAddress
                0x0800a3a4       0x28 ./Drivers/STM32G4xx_HAL_Driver/Src/stm32g4xx_ll_usb.o
                0x0800a3a4                USB_SetDevAddress
 .text.USB_DevConnect
                0x0800a3cc       0x2e ./Drivers/STM32G4xx_HAL_Driver/Src/stm32g4xx_ll_usb.o
                0x0800a3cc                USB_DevConnect
 .text.USB_ReadInterrupts
                0x0800a3fa       0x20 ./Drivers/STM32G4xx_HAL_Driver/Src/stm32g4xx_ll_usb.o
                0x0800a3fa                USB_ReadInterrupts
 .text.USB_WritePMA
                0x0800a41a       0x84 ./Drivers/STM32G4xx_HAL_Driver/Src/stm32g4xx_ll_usb.o
                0x0800a41a                USB_WritePMA
 .text.USB_ReadPMA
                0x0800a49e       0x98 ./Drivers/STM32G4xx_HAL_Driver/Src/stm32g4xx_ll_usb.o
                0x0800a49e                USB_ReadPMA
 .text.USBD_CDC_Init
                0x0800a536       0xfe ./Middlewares/ST/STM32_USB_Device_Library/Class/CDC/Src/usbd_cdc.o
 .text.USBD_CDC_DeInit
                0x0800a634       0x74 ./Middlewares/ST/STM32_USB_Device_Library/Class/CDC/Src/usbd_cdc.o
 .text.USBD_CDC_Setup
                0x0800a6a8      0x190 ./Middlewares/ST/STM32_USB_Device_Library/Class/CDC/Src/usbd_cdc.o
 .text.USBD_CDC_DataIn
                0x0800a838       0xca ./Middlewares/ST/STM32_USB_Device_Library/Class/CDC/Src/usbd_cdc.o
 .text.USBD_CDC_DataOut
                0x0800a902       0x56 ./Middlewares/ST/STM32_USB_Device_Library/Class/CDC/Src/usbd_cdc.o
 .text.USBD_CDC_EP0_RxReady
                0x0800a958       0x58 ./Middlewares/ST/STM32_USB_Device_Library/Class/CDC/Src/usbd_cdc.o
 .text.USBD_CDC_GetFSCfgDesc
                0x0800a9b0       0x20 ./Middlewares/ST/STM32_USB_Device_Library/Class/CDC/Src/usbd_cdc.o
 .text.USBD_CDC_GetHSCfgDesc
                0x0800a9d0       0x20 ./Middlewares/ST/STM32_USB_Device_Library/Class/CDC/Src/usbd_cdc.o
 .text.USBD_CDC_GetOtherSpeedCfgDesc
                0x0800a9f0       0x20 ./Middlewares/ST/STM32_USB_Device_Library/Class/CDC/Src/usbd_cdc.o
 .text.USBD_CDC_GetDeviceQualifierDescriptor
                0x0800aa10       0x20 ./Middlewares/ST/STM32_USB_Device_Library/Class/CDC/Src/usbd_cdc.o
                0x0800aa10                USBD_CDC_GetDeviceQualifierDescriptor
 .text.USBD_CDC_RegisterInterface
                0x0800aa30       0x2a ./Middlewares/ST/STM32_USB_Device_Library/Class/CDC/Src/usbd_cdc.o
                0x0800aa30                USBD_CDC_RegisterInterface
 .text.USBD_CDC_SetTxBuffer
                0x0800aa5a       0x3c ./Middlewares/ST/STM32_USB_Device_Library/Class/CDC/Src/usbd_cdc.o
                0x0800aa5a                USBD_CDC_SetTxBuffer
 .text.USBD_CDC_SetRxBuffer
                0x0800aa96       0x32 ./Middlewares/ST/STM32_USB_Device_Library/Class/CDC/Src/usbd_cdc.o
                0x0800aa96                USBD_CDC_SetRxBuffer
 .text.USBD_CDC_TransmitPacket
                0x0800aac8       0x60 ./Middlewares/ST/STM32_USB_Device_Library/Class/CDC/Src/usbd_cdc.o
                0x0800aac8                USBD_CDC_TransmitPacket
 .text.USBD_CDC_ReceivePacket
                0x0800ab28       0x54 ./Middlewares/ST/STM32_USB_Device_Library/Class/CDC/Src/usbd_cdc.o
                0x0800ab28                USBD_CDC_ReceivePacket
 .text.USBD_Init
                0x0800ab7c       0x60 ./Middlewares/ST/STM32_USB_Device_Library/Core/Src/usbd_core.o
                0x0800ab7c                USBD_Init
 .text.USBD_RegisterClass
                0x0800abdc       0x4e ./Middlewares/ST/STM32_USB_Device_Library/Core/Src/usbd_core.o
                0x0800abdc                USBD_RegisterClass
 .text.USBD_Start
                0x0800ac2a       0x18 ./Middlewares/ST/STM32_USB_Device_Library/Core/Src/usbd_core.o
                0x0800ac2a                USBD_Start
 .text.USBD_RunTestMode
                0x0800ac42       0x16 ./Middlewares/ST/STM32_USB_Device_Library/Core/Src/usbd_core.o
                0x0800ac42                USBD_RunTestMode
 .text.USBD_SetClassConfig
                0x0800ac58       0x38 ./Middlewares/ST/STM32_USB_Device_Library/Core/Src/usbd_core.o
                0x0800ac58                USBD_SetClassConfig
 .text.USBD_ClrClassConfig
                0x0800ac90       0x30 ./Middlewares/ST/STM32_USB_Device_Library/Core/Src/usbd_core.o
                0x0800ac90                USBD_ClrClassConfig
 .text.USBD_LL_SetupStage
                0x0800acc0       0xaa ./Middlewares/ST/STM32_USB_Device_Library/Core/Src/usbd_core.o
                0x0800acc0                USBD_LL_SetupStage
 .text.USBD_LL_DataOutStage
                0x0800ad6a       0xc6 ./Middlewares/ST/STM32_USB_Device_Library/Core/Src/usbd_core.o
                0x0800ad6a                USBD_LL_DataOutStage
 .text.USBD_LL_DataInStage
                0x0800ae30      0x12c ./Middlewares/ST/STM32_USB_Device_Library/Core/Src/usbd_core.o
                0x0800ae30                USBD_LL_DataInStage
 .text.USBD_LL_Reset
                0x0800af5c       0x9c ./Middlewares/ST/STM32_USB_Device_Library/Core/Src/usbd_core.o
                0x0800af5c                USBD_LL_Reset
 .text.USBD_LL_SetSpeed
                0x0800aff8       0x20 ./Middlewares/ST/STM32_USB_Device_Library/Core/Src/usbd_core.o
                0x0800aff8                USBD_LL_SetSpeed
 .text.USBD_LL_Suspend
                0x0800b018       0x2c ./Middlewares/ST/STM32_USB_Device_Library/Core/Src/usbd_core.o
                0x0800b018                USBD_LL_Suspend
 .text.USBD_LL_Resume
                0x0800b044       0x30 ./Middlewares/ST/STM32_USB_Device_Library/Core/Src/usbd_core.o
                0x0800b044                USBD_LL_Resume
 .text.USBD_LL_SOF
                0x0800b074       0x44 ./Middlewares/ST/STM32_USB_Device_Library/Core/Src/usbd_core.o
                0x0800b074                USBD_LL_SOF
 .text.SWAPBYTE
                0x0800b0b8       0x3c ./Middlewares/ST/STM32_USB_Device_Library/Core/Src/usbd_ctlreq.o
 .text.USBD_StdDevReq
                0x0800b0f4       0xdc ./Middlewares/ST/STM32_USB_Device_Library/Core/Src/usbd_ctlreq.o
                0x0800b0f4                USBD_StdDevReq
 .text.USBD_StdItfReq
                0x0800b1d0       0x92 ./Middlewares/ST/STM32_USB_Device_Library/Core/Src/usbd_ctlreq.o
                0x0800b1d0                USBD_StdItfReq
 .text.USBD_StdEPReq
                0x0800b262      0x2c4 ./Middlewares/ST/STM32_USB_Device_Library/Core/Src/usbd_ctlreq.o
                0x0800b262                USBD_StdEPReq
 *fill*         0x0800b526        0x2 
 .text.USBD_GetDescriptor
                0x0800b528      0x328 ./Middlewares/ST/STM32_USB_Device_Library/Core/Src/usbd_ctlreq.o
 .text.USBD_SetAddress
                0x0800b850       0x88 ./Middlewares/ST/STM32_USB_Device_Library/Core/Src/usbd_ctlreq.o
 .text.USBD_SetConfig
                0x0800b8d8      0x14c ./Middlewares/ST/STM32_USB_Device_Library/Core/Src/usbd_ctlreq.o
 .text.USBD_GetConfig
                0x0800ba24       0x6c ./Middlewares/ST/STM32_USB_Device_Library/Core/Src/usbd_ctlreq.o
 .text.USBD_GetStatus
                0x0800ba90       0x68 ./Middlewares/ST/STM32_USB_Device_Library/Core/Src/usbd_ctlreq.o
 .text.USBD_SetFeature
                0x0800baf8       0x28 ./Middlewares/ST/STM32_USB_Device_Library/Core/Src/usbd_ctlreq.o
 .text.USBD_ClrFeature
                0x0800bb20       0x44 ./Middlewares/ST/STM32_USB_Device_Library/Core/Src/usbd_ctlreq.o
 .text.USBD_ParseSetupRequest
                0x0800bb64       0x74 ./Middlewares/ST/STM32_USB_Device_Library/Core/Src/usbd_ctlreq.o
                0x0800bb64                USBD_ParseSetupRequest
 .text.USBD_CtlError
                0x0800bbd8       0x22 ./Middlewares/ST/STM32_USB_Device_Library/Core/Src/usbd_ctlreq.o
                0x0800bbd8                USBD_CtlError
 .text.USBD_GetString
                0x0800bbfa       0x8c ./Middlewares/ST/STM32_USB_Device_Library/Core/Src/usbd_ctlreq.o
                0x0800bbfa                USBD_GetString
 .text.USBD_GetLen
                0x0800bc86       0x34 ./Middlewares/ST/STM32_USB_Device_Library/Core/Src/usbd_ctlreq.o
 .text.USBD_CtlSendData
                0x0800bcba       0x36 ./Middlewares/ST/STM32_USB_Device_Library/Core/Src/usbd_ioreq.o
                0x0800bcba                USBD_CtlSendData
 .text.USBD_CtlContinueSendData
                0x0800bcf0       0x22 ./Middlewares/ST/STM32_USB_Device_Library/Core/Src/usbd_ioreq.o
                0x0800bcf0                USBD_CtlContinueSendData
 .text.USBD_CtlPrepareRx
                0x0800bd12       0x3a ./Middlewares/ST/STM32_USB_Device_Library/Core/Src/usbd_ioreq.o
                0x0800bd12                USBD_CtlPrepareRx
 .text.USBD_CtlContinueRx
                0x0800bd4c       0x22 ./Middlewares/ST/STM32_USB_Device_Library/Core/Src/usbd_ioreq.o
                0x0800bd4c                USBD_CtlContinueRx
 .text.USBD_CtlSendStatus
                0x0800bd6e       0x26 ./Middlewares/ST/STM32_USB_Device_Library/Core/Src/usbd_ioreq.o
                0x0800bd6e                USBD_CtlSendStatus
 .text.USBD_CtlReceiveStatus
                0x0800bd94       0x26 ./Middlewares/ST/STM32_USB_Device_Library/Core/Src/usbd_ioreq.o
                0x0800bd94                USBD_CtlReceiveStatus
 *fill*         0x0800bdba        0x2 
 .text.__NVIC_SetPriority
                0x0800bdbc       0x54 ./Middlewares/Third_Party/FreeRTOS/Source/CMSIS_RTOS_V2/cmsis_os2.o
 .text.SysTick_Handler
                0x0800be10       0x20 ./Middlewares/Third_Party/FreeRTOS/Source/CMSIS_RTOS_V2/cmsis_os2.o
                0x0800be10                SysTick_Handler
 .text.SVC_Setup
                0x0800be30       0x12 ./Middlewares/Third_Party/FreeRTOS/Source/CMSIS_RTOS_V2/cmsis_os2.o
 *fill*         0x0800be42        0x2 
 .text.osKernelInitialize
                0x0800be44       0x48 ./Middlewares/Third_Party/FreeRTOS/Source/CMSIS_RTOS_V2/cmsis_os2.o
                0x0800be44                osKernelInitialize
 .text.osKernelStart
                0x0800be8c       0x4c ./Middlewares/Third_Party/FreeRTOS/Source/CMSIS_RTOS_V2/cmsis_os2.o
                0x0800be8c                osKernelStart
 .text.osKernelGetTickCount
                0x0800bed8       0x2a ./Middlewares/Third_Party/FreeRTOS/Source/CMSIS_RTOS_V2/cmsis_os2.o
                0x0800bed8                osKernelGetTickCount
 .text.osThreadNew
                0x0800bf02      0x124 ./Middlewares/Third_Party/FreeRTOS/Source/CMSIS_RTOS_V2/cmsis_os2.o
                0x0800bf02                osThreadNew
 .text.osDelay  0x0800c026       0x36 ./Middlewares/Third_Party/FreeRTOS/Source/CMSIS_RTOS_V2/cmsis_os2.o
                0x0800c026                osDelay
 .text.osDelayUntil
                0x0800c05c       0x5a ./Middlewares/Third_Party/FreeRTOS/Source/CMSIS_RTOS_V2/cmsis_os2.o
                0x0800c05c                osDelayUntil
 .text.osMutexNew
                0x0800c0b6      0x10c ./Middlewares/Third_Party/FreeRTOS/Source/CMSIS_RTOS_V2/cmsis_os2.o
                0x0800c0b6                osMutexNew
 .text.osMutexAcquire
                0x0800c1c2       0x96 ./Middlewares/Third_Party/FreeRTOS/Source/CMSIS_RTOS_V2/cmsis_os2.o
                0x0800c1c2                osMutexAcquire
 .text.osMutexRelease
                0x0800c258       0x7a ./Middlewares/Third_Party/FreeRTOS/Source/CMSIS_RTOS_V2/cmsis_os2.o
                0x0800c258                osMutexRelease
 .text.osMessageQueueNew
                0x0800c2d2       0xe6 ./Middlewares/Third_Party/FreeRTOS/Source/CMSIS_RTOS_V2/cmsis_os2.o
                0x0800c2d2                osMessageQueueNew
 .text.osMessageQueuePut
                0x0800c3b8       0xc0 ./Middlewares/Third_Party/FreeRTOS/Source/CMSIS_RTOS_V2/cmsis_os2.o
                0x0800c3b8                osMessageQueuePut
 .text.osMessageQueueGet
                0x0800c478       0xbc ./Middlewares/Third_Party/FreeRTOS/Source/CMSIS_RTOS_V2/cmsis_os2.o
                0x0800c478                osMessageQueueGet
 .text.vApplicationGetIdleTaskMemory
                0x0800c534       0x34 ./Middlewares/Third_Party/FreeRTOS/Source/CMSIS_RTOS_V2/cmsis_os2.o
                0x0800c534                vApplicationGetIdleTaskMemory
 .text.vApplicationGetTimerTaskMemory
                0x0800c568       0x34 ./Middlewares/Third_Party/FreeRTOS/Source/CMSIS_RTOS_V2/cmsis_os2.o
                0x0800c568                vApplicationGetTimerTaskMemory
 .text.vListInitialise
                0x0800c59c       0x40 ./Middlewares/Third_Party/FreeRTOS/Source/list.o
                0x0800c59c                vListInitialise
 .text.vListInitialiseItem
                0x0800c5dc       0x1a ./Middlewares/Third_Party/FreeRTOS/Source/list.o
                0x0800c5dc                vListInitialiseItem
 .text.vListInsertEnd
                0x0800c5f6       0x48 ./Middlewares/Third_Party/FreeRTOS/Source/list.o
                0x0800c5f6                vListInsertEnd
 .text.vListInsert
                0x0800c63e       0x72 ./Middlewares/Third_Party/FreeRTOS/Source/list.o
                0x0800c63e                vListInsert
 .text.uxListRemove
                0x0800c6b0       0x54 ./Middlewares/Third_Party/FreeRTOS/Source/list.o
                0x0800c6b0                uxListRemove
 .text.xQueueGenericReset
                0x0800c704       0xd4 ./Middlewares/Third_Party/FreeRTOS/Source/queue.o
                0x0800c704                xQueueGenericReset
 .text.xQueueGenericCreateStatic
                0x0800c7d8       0xfa ./Middlewares/Third_Party/FreeRTOS/Source/queue.o
                0x0800c7d8                xQueueGenericCreateStatic
 .text.xQueueGenericCreate
                0x0800c8d2       0x76 ./Middlewares/Third_Party/FreeRTOS/Source/queue.o
                0x0800c8d2                xQueueGenericCreate
 .text.prvInitialiseNewQueue
                0x0800c948       0x46 ./Middlewares/Third_Party/FreeRTOS/Source/queue.o
 .text.prvInitialiseMutex
                0x0800c98e       0x34 ./Middlewares/Third_Party/FreeRTOS/Source/queue.o
 .text.xQueueCreateMutex
                0x0800c9c2       0x30 ./Middlewares/Third_Party/FreeRTOS/Source/queue.o
                0x0800c9c2                xQueueCreateMutex
 .text.xQueueCreateMutexStatic
                0x0800c9f2       0x36 ./Middlewares/Third_Party/FreeRTOS/Source/queue.o
                0x0800c9f2                xQueueCreateMutexStatic
 .text.xQueueGiveMutexRecursive
                0x0800ca28       0x6a ./Middlewares/Third_Party/FreeRTOS/Source/queue.o
                0x0800ca28                xQueueGiveMutexRecursive
 .text.xQueueTakeMutexRecursive
                0x0800ca92       0x6e ./Middlewares/Third_Party/FreeRTOS/Source/queue.o
                0x0800ca92                xQueueTakeMutexRecursive
 .text.xQueueGenericSend
                0x0800cb00      0x204 ./Middlewares/Third_Party/FreeRTOS/Source/queue.o
                0x0800cb00                xQueueGenericSend
 .text.xQueueGenericSendFromISR
                0x0800cd04      0x13c ./Middlewares/Third_Party/FreeRTOS/Source/queue.o
                0x0800cd04                xQueueGenericSendFromISR
 .text.xQueueReceive
                0x0800ce40      0x1c4 ./Middlewares/Third_Party/FreeRTOS/Source/queue.o
                0x0800ce40                xQueueReceive
 .text.xQueueSemaphoreTake
                0x0800d004      0x220 ./Middlewares/Third_Party/FreeRTOS/Source/queue.o
                0x0800d004                xQueueSemaphoreTake
 .text.xQueueReceiveFromISR
                0x0800d224      0x104 ./Middlewares/Third_Party/FreeRTOS/Source/queue.o
                0x0800d224                xQueueReceiveFromISR
 .text.prvGetDisinheritPriorityAfterTimeout
                0x0800d328       0x30 ./Middlewares/Third_Party/FreeRTOS/Source/queue.o
 .text.prvCopyDataToQueue
                0x0800d358       0xd4 ./Middlewares/Third_Party/FreeRTOS/Source/queue.o
 .text.prvCopyDataFromQueue
                0x0800d42c       0x4c ./Middlewares/Third_Party/FreeRTOS/Source/queue.o
 .text.prvUnlockQueue
                0x0800d478       0xa4 ./Middlewares/Third_Party/FreeRTOS/Source/queue.o
 .text.prvIsQueueEmpty
                0x0800d51c       0x2c ./Middlewares/Third_Party/FreeRTOS/Source/queue.o
 .text.prvIsQueueFull
                0x0800d548       0x30 ./Middlewares/Third_Party/FreeRTOS/Source/queue.o
 .text.vQueueAddToRegistry
                0x0800d578       0x54 ./Middlewares/Third_Party/FreeRTOS/Source/queue.o
                0x0800d578                vQueueAddToRegistry
 .text.vQueueWaitForMessageRestricted
                0x0800d5cc       0x68 ./Middlewares/Third_Party/FreeRTOS/Source/queue.o
                0x0800d5cc                vQueueWaitForMessageRestricted
 .text.xTaskCreateStatic
                0x0800d634       0xc0 ./Middlewares/Third_Party/FreeRTOS/Source/tasks.o
                0x0800d634                xTaskCreateStatic
 .text.xTaskCreate
                0x0800d6f4       0x8a ./Middlewares/Third_Party/FreeRTOS/Source/tasks.o
                0x0800d6f4                xTaskCreate
 *fill*         0x0800d77e        0x2 
 .text.prvInitialiseNewTask
                0x0800d780      0x150 ./Middlewares/Third_Party/FreeRTOS/Source/tasks.o
 .text.prvAddNewTaskToReadyList
                0x0800d8d0       0xe0 ./Middlewares/Third_Party/FreeRTOS/Source/tasks.o
 .text.vTaskDelayUntil
                0x0800d9b0      0x100 ./Middlewares/Third_Party/FreeRTOS/Source/tasks.o
                0x0800d9b0                vTaskDelayUntil
 .text.vTaskDelay
                0x0800dab0       0x6c ./Middlewares/Third_Party/FreeRTOS/Source/tasks.o
                0x0800dab0                vTaskDelay
 .text.vTaskStartScheduler
                0x0800db1c       0xe0 ./Middlewares/Third_Party/FreeRTOS/Source/tasks.o
                0x0800db1c                vTaskStartScheduler
 .text.vTaskSuspendAll
                0x0800dbfc       0x1c ./Middlewares/Third_Party/FreeRTOS/Source/tasks.o
                0x0800dbfc                vTaskSuspendAll
 .text.xTaskResumeAll
                0x0800dc18      0x13c ./Middlewares/Third_Party/FreeRTOS/Source/tasks.o
                0x0800dc18                xTaskResumeAll
 .text.xTaskGetTickCount
                0x0800dd54       0x20 ./Middlewares/Third_Party/FreeRTOS/Source/tasks.o
                0x0800dd54                xTaskGetTickCount
 .text.xTaskGetTickCountFromISR
                0x0800dd74       0x24 ./Middlewares/Third_Party/FreeRTOS/Source/tasks.o
                0x0800dd74                xTaskGetTickCountFromISR
 .text.xTaskIncrementTick
                0x0800dd98      0x174 ./Middlewares/Third_Party/FreeRTOS/Source/tasks.o
                0x0800dd98                xTaskIncrementTick
 .text.vTaskSwitchContext
                0x0800df0c       0xcc ./Middlewares/Third_Party/FreeRTOS/Source/tasks.o
                0x0800df0c                vTaskSwitchContext
 .text.vTaskPlaceOnEventList
                0x0800dfd8       0x4c ./Middlewares/Third_Party/FreeRTOS/Source/tasks.o
                0x0800dfd8                vTaskPlaceOnEventList
 .text.vTaskPlaceOnEventListRestricted
                0x0800e024       0x58 ./Middlewares/Third_Party/FreeRTOS/Source/tasks.o
                0x0800e024                vTaskPlaceOnEventListRestricted
 .text.xTaskRemoveFromEventList
                0x0800e07c       0xc8 ./Middlewares/Third_Party/FreeRTOS/Source/tasks.o
                0x0800e07c                xTaskRemoveFromEventList
 .text.vTaskInternalSetTimeOutState
                0x0800e144       0x2c ./Middlewares/Third_Party/FreeRTOS/Source/tasks.o
                0x0800e144                vTaskInternalSetTimeOutState
 .text.xTaskCheckForTimeOut
                0x0800e170       0xc8 ./Middlewares/Third_Party/FreeRTOS/Source/tasks.o
                0x0800e170                xTaskCheckForTimeOut
 .text.vTaskMissedYield
                0x0800e238       0x18 ./Middlewares/Third_Party/FreeRTOS/Source/tasks.o
                0x0800e238                vTaskMissedYield
 .text.prvIdleTask
                0x0800e250       0x30 ./Middlewares/Third_Party/FreeRTOS/Source/tasks.o
 .text.prvInitialiseTaskLists
                0x0800e280       0x80 ./Middlewares/Third_Party/FreeRTOS/Source/tasks.o
 .text.prvCheckTasksWaitingTermination
                0x0800e300       0x5c ./Middlewares/Third_Party/FreeRTOS/Source/tasks.o
 .text.prvDeleteTCB
                0x0800e35c       0x6a ./Middlewares/Third_Party/FreeRTOS/Source/tasks.o
 *fill*         0x0800e3c6        0x2 
 .text.prvResetNextTaskUnblockTime
                0x0800e3c8       0x40 ./Middlewares/Third_Party/FreeRTOS/Source/tasks.o
 .text.xTaskGetCurrentTaskHandle
                0x0800e408       0x20 ./Middlewares/Third_Party/FreeRTOS/Source/tasks.o
                0x0800e408                xTaskGetCurrentTaskHandle
 .text.xTaskGetSchedulerState
                0x0800e428       0x3c ./Middlewares/Third_Party/FreeRTOS/Source/tasks.o
                0x0800e428                xTaskGetSchedulerState
 .text.xTaskPriorityInherit
                0x0800e464       0xd0 ./Middlewares/Third_Party/FreeRTOS/Source/tasks.o
                0x0800e464                xTaskPriorityInherit
 .text.xTaskPriorityDisinherit
                0x0800e534       0xe0 ./Middlewares/Third_Party/FreeRTOS/Source/tasks.o
                0x0800e534                xTaskPriorityDisinherit
 .text.vTaskPriorityDisinheritAfterTimeout
                0x0800e614      0x108 ./Middlewares/Third_Party/FreeRTOS/Source/tasks.o
                0x0800e614                vTaskPriorityDisinheritAfterTimeout
 .text.pvTaskIncrementMutexHeldCount
                0x0800e71c       0x28 ./Middlewares/Third_Party/FreeRTOS/Source/tasks.o
                0x0800e71c                pvTaskIncrementMutexHeldCount
 .text.prvAddCurrentTaskToDelayedList
                0x0800e744       0xa8 ./Middlewares/Third_Party/FreeRTOS/Source/tasks.o
 .text.xTimerCreateTimerTask
                0x0800e7ec       0x94 ./Middlewares/Third_Party/FreeRTOS/Source/timers.o
                0x0800e7ec                xTimerCreateTimerTask
 .text.xTimerGenericCommand
                0x0800e880       0x9c ./Middlewares/Third_Party/FreeRTOS/Source/timers.o
                0x0800e880                xTimerGenericCommand
 .text.prvProcessExpiredTimer
                0x0800e91c       0x9c ./Middlewares/Third_Party/FreeRTOS/Source/timers.o
 .text.prvTimerTask
                0x0800e9b8       0x26 ./Middlewares/Third_Party/FreeRTOS/Source/timers.o
 *fill*         0x0800e9de        0x2 
 .text.prvProcessTimerOrBlockTask
                0x0800e9e0       0x9c ./Middlewares/Third_Party/FreeRTOS/Source/timers.o
 .text.prvGetNextExpireTime
                0x0800ea7c       0x48 ./Middlewares/Third_Party/FreeRTOS/Source/timers.o
 .text.prvSampleTimeNow
                0x0800eac4       0x40 ./Middlewares/Third_Party/FreeRTOS/Source/timers.o
 .text.prvInsertTimerInActiveList
                0x0800eb04       0x84 ./Middlewares/Third_Party/FreeRTOS/Source/timers.o
 .text.prvProcessReceivedCommands
                0x0800eb88      0x1cc ./Middlewares/Third_Party/FreeRTOS/Source/timers.o
 .text.prvSwitchTimerLists
                0x0800ed54       0xcc ./Middlewares/Third_Party/FreeRTOS/Source/timers.o
 .text.prvCheckForValidListAndQueue
                0x0800ee20       0x80 ./Middlewares/Third_Party/FreeRTOS/Source/timers.o
 .text.pxPortInitialiseStack
                0x0800eea0       0x68 ./Middlewares/Third_Party/FreeRTOS/Source/portable/GCC/ARM_CM4F/port.o
                0x0800eea0                pxPortInitialiseStack
 .text.prvTaskExitError
                0x0800ef08       0x5c ./Middlewares/Third_Party/FreeRTOS/Source/portable/GCC/ARM_CM4F/port.o
 *fill*         0x0800ef64        0xc 
 .text.SVC_Handler
                0x0800ef70       0x28 ./Middlewares/Third_Party/FreeRTOS/Source/portable/GCC/ARM_CM4F/port.o
                0x0800ef70                SVC_Handler
 .text.prvPortStartFirstTask
                0x0800ef98       0x28 ./Middlewares/Third_Party/FreeRTOS/Source/portable/GCC/ARM_CM4F/port.o
 .text.xPortStartScheduler
                0x0800efc0      0x148 ./Middlewares/Third_Party/FreeRTOS/Source/portable/GCC/ARM_CM4F/port.o
                0x0800efc0                xPortStartScheduler
 .text.vPortEnterCritical
                0x0800f108       0x64 ./Middlewares/Third_Party/FreeRTOS/Source/portable/GCC/ARM_CM4F/port.o
                0x0800f108                vPortEnterCritical
 .text.vPortExitCritical
                0x0800f16c       0x54 ./Middlewares/Third_Party/FreeRTOS/Source/portable/GCC/ARM_CM4F/port.o
                0x0800f16c                vPortExitCritical
 .text.PendSV_Handler
                0x0800f1c0       0x68 ./Middlewares/Third_Party/FreeRTOS/Source/portable/GCC/ARM_CM4F/port.o
                0x0800f1c0                PendSV_Handler
 .text.xPortSysTickHandler
                0x0800f228       0x44 ./Middlewares/Third_Party/FreeRTOS/Source/portable/GCC/ARM_CM4F/port.o
                0x0800f228                xPortSysTickHandler
 .text.vPortSetupTimerInterrupt
                0x0800f26c       0x48 ./Middlewares/Third_Party/FreeRTOS/Source/portable/GCC/ARM_CM4F/port.o
                0x0800f26c                vPortSetupTimerInterrupt
 .text.vPortEnableVFP
                0x0800f2b4       0x14 ./Middlewares/Third_Party/FreeRTOS/Source/portable/GCC/ARM_CM4F/port.o
 .text.vPortValidateInterruptPriority
                0x0800f2c8       0x84 ./Middlewares/Third_Party/FreeRTOS/Source/portable/GCC/ARM_CM4F/port.o
                0x0800f2c8                vPortValidateInterruptPriority
 .text.pvPortMalloc
                0x0800f34c      0x19c ./Middlewares/Third_Party/FreeRTOS/Source/portable/MemMang/heap_4.o
                0x0800f34c                pvPortMalloc
 .text.vPortFree
                0x0800f4e8       0xc8 ./Middlewares/Third_Party/FreeRTOS/Source/portable/MemMang/heap_4.o
                0x0800f4e8                vPortFree
 .text.prvHeapInit
                0x0800f5b0       0xc4 ./Middlewares/Third_Party/FreeRTOS/Source/portable/MemMang/heap_4.o
 .text.prvInsertBlockIntoFreeList
                0x0800f674       0xb4 ./Middlewares/Third_Party/FreeRTOS/Source/portable/MemMang/heap_4.o
 .text.MX_USB_Device_Init
                0x0800f728       0x60 ./USB_Device/App/usb_device.o
                0x0800f728                MX_USB_Device_Init
 .text.CDC_Init_FS
                0x0800f788       0x28 ./USB_Device/App/usbd_cdc_if.o
 .text.CDC_DeInit_FS
                0x0800f7b0       0x10 ./USB_Device/App/usbd_cdc_if.o
 .text.CDC_Control_FS
                0x0800f7c0       0xbc ./USB_Device/App/usbd_cdc_if.o
 .text.CDC_Receive_FS
                0x0800f87c       0x28 ./USB_Device/App/usbd_cdc_if.o
 .text.CDC_Transmit_FS
                0x0800f8a4       0x4c ./USB_Device/App/usbd_cdc_if.o
                0x0800f8a4                CDC_Transmit_FS
 .text.CDC_TransmitCplt_FS
                0x0800f8f0       0x22 ./USB_Device/App/usbd_cdc_if.o
 *fill*         0x0800f912        0x2 
 .text.USBD_CDC_DeviceDescriptor
                0x0800f914       0x24 ./USB_Device/App/usbd_desc.o
                0x0800f914                USBD_CDC_DeviceDescriptor
 .text.USBD_CDC_LangIDStrDescriptor
                0x0800f938       0x24 ./USB_Device/App/usbd_desc.o
                0x0800f938                USBD_CDC_LangIDStrDescriptor
 .text.USBD_CDC_ProductStrDescriptor
                0x0800f95c       0x3c ./USB_Device/App/usbd_desc.o
                0x0800f95c                USBD_CDC_ProductStrDescriptor
 .text.USBD_CDC_ManufacturerStrDescriptor
                0x0800f998       0x28 ./USB_Device/App/usbd_desc.o
                0x0800f998                USBD_CDC_ManufacturerStrDescriptor
 .text.USBD_CDC_SerialStrDescriptor
                0x0800f9c0       0x24 ./USB_Device/App/usbd_desc.o
                0x0800f9c0                USBD_CDC_SerialStrDescriptor
 .text.USBD_CDC_ConfigStrDescriptor
                0x0800f9e4       0x3c ./USB_Device/App/usbd_desc.o
                0x0800f9e4                USBD_CDC_ConfigStrDescriptor
 .text.USBD_CDC_InterfaceStrDescriptor
                0x0800fa20       0x3c ./USB_Device/App/usbd_desc.o
                0x0800fa20                USBD_CDC_InterfaceStrDescriptor
 .text.Get_SerialNum
                0x0800fa5c       0x58 ./USB_Device/App/usbd_desc.o
 .text.IntToUnicode
                0x0800fab4       0x7e ./USB_Device/App/usbd_desc.o
 *fill*         0x0800fb32        0x2 
 .text.HAL_PCD_MspInit
                0x0800fb34       0x78 ./USB_Device/Target/usbd_conf.o
                0x0800fb34                HAL_PCD_MspInit
 .text.HAL_PCD_SetupStageCallback
                0x0800fbac       0x24 ./USB_Device/Target/usbd_conf.o
                0x0800fbac                HAL_PCD_SetupStageCallback
 .text.HAL_PCD_DataOutStageCallback
                0x0800fbd0       0x36 ./USB_Device/Target/usbd_conf.o
                0x0800fbd0                HAL_PCD_DataOutStageCallback
 .text.HAL_PCD_DataInStageCallback
                0x0800fc06       0x34 ./USB_Device/Target/usbd_conf.o
                0x0800fc06                HAL_PCD_DataInStageCallback
 .text.HAL_PCD_SOFCallback
                0x0800fc3a       0x1c ./USB_Device/Target/usbd_conf.o
                0x0800fc3a                HAL_PCD_SOFCallback
 .text.HAL_PCD_ResetCallback
                0x0800fc56       0x3c ./USB_Device/Target/usbd_conf.o
                0x0800fc56                HAL_PCD_ResetCallback
 *fill*         0x0800fc92        0x2 
 .text.HAL_PCD_SuspendCallback
                0x0800fc94       0x34 ./USB_Device/Target/usbd_conf.o
                0x0800fc94                HAL_PCD_SuspendCallback
 .text.HAL_PCD_ResumeCallback
                0x0800fcc8       0x38 ./USB_Device/Target/usbd_conf.o
                0x0800fcc8                HAL_PCD_ResumeCallback
 .text.USBD_LL_Init
                0x0800fd00       0xc0 ./USB_Device/Target/usbd_conf.o
                0x0800fd00                USBD_LL_Init
 .text.USBD_LL_Start
                0x0800fdc0       0x36 ./USB_Device/Target/usbd_conf.o
                0x0800fdc0                USBD_LL_Start
 .text.USBD_LL_OpenEP
                0x0800fdf6       0x4c ./USB_Device/Target/usbd_conf.o
                0x0800fdf6                USBD_LL_OpenEP
 .text.USBD_LL_CloseEP
                0x0800fe42       0x3e ./USB_Device/Target/usbd_conf.o
                0x0800fe42                USBD_LL_CloseEP
 .text.USBD_LL_StallEP
                0x0800fe80       0x3e ./USB_Device/Target/usbd_conf.o
                0x0800fe80                USBD_LL_StallEP
 .text.USBD_LL_ClearStallEP
                0x0800febe       0x3e ./USB_Device/Target/usbd_conf.o
                0x0800febe                USBD_LL_ClearStallEP
 .text.USBD_LL_IsStallEP
                0x0800fefc       0x58 ./USB_Device/Target/usbd_conf.o
                0x0800fefc                USBD_LL_IsStallEP
 .text.USBD_LL_SetUSBAddress
                0x0800ff54       0x3e ./USB_Device/Target/usbd_conf.o
                0x0800ff54                USBD_LL_SetUSBAddress
 .text.USBD_LL_Transmit
                0x0800ff92       0x42 ./USB_Device/Target/usbd_conf.o
                0x0800ff92                USBD_LL_Transmit
 .text.USBD_LL_PrepareReceive
                0x0800ffd4       0x42 ./USB_Device/Target/usbd_conf.o
                0x0800ffd4                USBD_LL_PrepareReceive
 .text.USBD_LL_GetRxDataSize
                0x08010016       0x26 ./USB_Device/Target/usbd_conf.o
                0x08010016                USBD_LL_GetRxDataSize
 .text.HAL_PCDEx_LPM_Callback
                0x0801003c       0x6c ./USB_Device/Target/usbd_conf.o
                0x0801003c                HAL_PCDEx_LPM_Callback
 .text.USBD_static_malloc
                0x080100a8       0x1c ./USB_Device/Target/usbd_conf.o
                0x080100a8                USBD_static_malloc
 .text.USBD_static_free
                0x080100c4       0x14 ./USB_Device/Target/usbd_conf.o
                0x080100c4                USBD_static_free
 .text.SystemClockConfig_Resume
                0x080100d8        0xc ./USB_Device/Target/usbd_conf.o
 .text.USBD_Get_USB_Status
                0x080100e4       0x58 ./USB_Device/Target/usbd_conf.o
 .text.__cvt    0x0801013c       0xca /Applications/STM32CubeIDE.app/Contents/Eclipse/plugins/com.st.stm32cube.ide.mcu.externaltools.gnu-tools-for-stm32.12.3.rel1.macos64_1.1.0.202410301201/tools/bin/../lib/gcc/arm-none-eabi/12.3.1/../../../../arm-none-eabi/lib/thumb/v7e-m+fp/hard/libc_nano.a(libc_a-nano-vfprintf_float.o)
                0x0801013c                __cvt
 .text.__exponent
                0x08010206       0x74 /Applications/STM32CubeIDE.app/Contents/Eclipse/plugins/com.st.stm32cube.ide.mcu.externaltools.gnu-tools-for-stm32.12.3.rel1.macos64_1.1.0.202410301201/tools/bin/../lib/gcc/arm-none-eabi/12.3.1/../../../../arm-none-eabi/lib/thumb/v7e-m+fp/hard/libc_nano.a(libc_a-nano-vfprintf_float.o)
                0x08010206                __exponent
 *fill*         0x0801027a        0x2 
 .text._printf_float
                0x0801027c      0x454 /Applications/STM32CubeIDE.app/Contents/Eclipse/plugins/com.st.stm32cube.ide.mcu.externaltools.gnu-tools-for-stm32.12.3.rel1.macos64_1.1.0.202410301201/tools/bin/../lib/gcc/arm-none-eabi/12.3.1/../../../../arm-none-eabi/lib/thumb/v7e-m+fp/hard/libc_nano.a(libc_a-nano-vfprintf_float.o)
                0x0801027c                _printf_float
 .text._printf_common
                0x080106d0       0xda /Applications/STM32CubeIDE.app/Contents/Eclipse/plugins/com.st.stm32cube.ide.mcu.externaltools.gnu-tools-for-stm32.12.3.rel1.macos64_1.1.0.202410301201/tools/bin/../lib/gcc/arm-none-eabi/12.3.1/../../../../arm-none-eabi/lib/thumb/v7e-m+fp/hard/libc_nano.a(libc_a-nano-vfprintf_i.o)
                0x080106d0                _printf_common
 *fill*         0x080107aa        0x2 
 .text._printf_i
                0x080107ac      0x240 /Applications/STM32CubeIDE.app/Contents/Eclipse/plugins/com.st.stm32cube.ide.mcu.externaltools.gnu-tools-for-stm32.12.3.rel1.macos64_1.1.0.202410301201/tools/bin/../lib/gcc/arm-none-eabi/12.3.1/../../../../arm-none-eabi/lib/thumb/v7e-m+fp/hard/libc_nano.a(libc_a-nano-vfprintf_i.o)
                0x080107ac                _printf_i
 .text.std      0x080109ec       0x6c /Applications/STM32CubeIDE.app/Contents/Eclipse/plugins/com.st.stm32cube.ide.mcu.externaltools.gnu-tools-for-stm32.12.3.rel1.macos64_1.1.0.202410301201/tools/bin/../lib/gcc/arm-none-eabi/12.3.1/../../../../arm-none-eabi/lib/thumb/v7e-m+fp/hard/libc_nano.a(libc_a-findfp.o)
 .text.stdio_exit_handler
                0x08010a58       0x18 /Applications/STM32CubeIDE.app/Contents/Eclipse/plugins/com.st.stm32cube.ide.mcu.externaltools.gnu-tools-for-stm32.12.3.rel1.macos64_1.1.0.202410301201/tools/bin/../lib/gcc/arm-none-eabi/12.3.1/../../../../arm-none-eabi/lib/thumb/v7e-m+fp/hard/libc_nano.a(libc_a-findfp.o)
 .text.cleanup_stdio
                0x08010a70       0x40 /Applications/STM32CubeIDE.app/Contents/Eclipse/plugins/com.st.stm32cube.ide.mcu.externaltools.gnu-tools-for-stm32.12.3.rel1.macos64_1.1.0.202410301201/tools/bin/../lib/gcc/arm-none-eabi/12.3.1/../../../../arm-none-eabi/lib/thumb/v7e-m+fp/hard/libc_nano.a(libc_a-findfp.o)
 .text.global_stdio_init.part.0
                0x08010ab0       0x3c /Applications/STM32CubeIDE.app/Contents/Eclipse/plugins/com.st.stm32cube.ide.mcu.externaltools.gnu-tools-for-stm32.12.3.rel1.macos64_1.1.0.202410301201/tools/bin/../lib/gcc/arm-none-eabi/12.3.1/../../../../arm-none-eabi/lib/thumb/v7e-m+fp/hard/libc_nano.a(libc_a-findfp.o)
 .text.__sfp_lock_acquire
                0x08010aec        0xc /Applications/STM32CubeIDE.app/Contents/Eclipse/plugins/com.st.stm32cube.ide.mcu.externaltools.gnu-tools-for-stm32.12.3.rel1.macos64_1.1.0.202410301201/tools/bin/../lib/gcc/arm-none-eabi/12.3.1/../../../../arm-none-eabi/lib/thumb/v7e-m+fp/hard/libc_nano.a(libc_a-findfp.o)
                0x08010aec                __sfp_lock_acquire
 .text.__sfp_lock_release
                0x08010af8        0xc /Applications/STM32CubeIDE.app/Contents/Eclipse/plugins/com.st.stm32cube.ide.mcu.externaltools.gnu-tools-for-stm32.12.3.rel1.macos64_1.1.0.202410301201/tools/bin/../lib/gcc/arm-none-eabi/12.3.1/../../../../arm-none-eabi/lib/thumb/v7e-m+fp/hard/libc_nano.a(libc_a-findfp.o)
                0x08010af8                __sfp_lock_release
 .text.__sinit  0x08010b04       0x30 /Applications/STM32CubeIDE.app/Contents/Eclipse/plugins/com.st.stm32cube.ide.mcu.externaltools.gnu-tools-for-stm32.12.3.rel1.macos64_1.1.0.202410301201/tools/bin/../lib/gcc/arm-none-eabi/12.3.1/../../../../arm-none-eabi/lib/thumb/v7e-m+fp/hard/libc_nano.a(libc_a-findfp.o)
                0x08010b04                __sinit
 .text._fwalk_sglue
                0x08010b34       0x3c /Applications/STM32CubeIDE.app/Contents/Eclipse/plugins/com.st.stm32cube.ide.mcu.externaltools.gnu-tools-for-stm32.12.3.rel1.macos64_1.1.0.202410301201/tools/bin/../lib/gcc/arm-none-eabi/12.3.1/../../../../arm-none-eabi/lib/thumb/v7e-m+fp/hard/libc_nano.a(libc_a-fwalk.o)
                0x08010b34                _fwalk_sglue
 .text._vsnprintf_r
                0x08010b70       0x56 /Applications/STM32CubeIDE.app/Contents/Eclipse/plugins/com.st.stm32cube.ide.mcu.externaltools.gnu-tools-for-stm32.12.3.rel1.macos64_1.1.0.202410301201/tools/bin/../lib/gcc/arm-none-eabi/12.3.1/../../../../arm-none-eabi/lib/thumb/v7e-m+fp/hard/libc_nano.a(libc_a-vsnprintf.o)
                0x08010b70                _vsnprintf_r
                0x08010b70                _vsniprintf_r
 *fill*         0x08010bc6        0x2 
 .text.vsnprintf
                0x08010bc8       0x1c /Applications/STM32CubeIDE.app/Contents/Eclipse/plugins/com.st.stm32cube.ide.mcu.externaltools.gnu-tools-for-stm32.12.3.rel1.macos64_1.1.0.202410301201/tools/bin/../lib/gcc/arm-none-eabi/12.3.1/../../../../arm-none-eabi/lib/thumb/v7e-m+fp/hard/libc_nano.a(libc_a-vsnprintf.o)
                0x08010bc8                vsnprintf
                0x08010bc8                vsniprintf
 .text.memset   0x08010be4       0x10 /Applications/STM32CubeIDE.app/Contents/Eclipse/plugins/com.st.stm32cube.ide.mcu.externaltools.gnu-tools-for-stm32.12.3.rel1.macos64_1.1.0.202410301201/tools/bin/../lib/gcc/arm-none-eabi/12.3.1/../../../../arm-none-eabi/lib/thumb/v7e-m+fp/hard/libc_nano.a(libc_a-memset.o)
                0x08010be4                memset
 .text._localeconv_r
                0x08010bf4        0x8 /Applications/STM32CubeIDE.app/Contents/Eclipse/plugins/com.st.stm32cube.ide.mcu.externaltools.gnu-tools-for-stm32.12.3.rel1.macos64_1.1.0.202410301201/tools/bin/../lib/gcc/arm-none-eabi/12.3.1/../../../../arm-none-eabi/lib/thumb/v7e-m+fp/hard/libc_nano.a(libc_a-localeconv.o)
                0x08010bf4                _localeconv_r
 .text._reclaim_reent
                0x08010bfc       0xac /Applications/STM32CubeIDE.app/Contents/Eclipse/plugins/com.st.stm32cube.ide.mcu.externaltools.gnu-tools-for-stm32.12.3.rel1.macos64_1.1.0.202410301201/tools/bin/../lib/gcc/arm-none-eabi/12.3.1/../../../../arm-none-eabi/lib/thumb/v7e-m+fp/hard/libc_nano.a(libc_a-reent.o)
                0x08010bfc                _reclaim_reent
 .text.__errno  0x08010ca8        0xc /Applications/STM32CubeIDE.app/Contents/Eclipse/plugins/com.st.stm32cube.ide.mcu.externaltools.gnu-tools-for-stm32.12.3.rel1.macos64_1.1.0.202410301201/tools/bin/../lib/gcc/arm-none-eabi/12.3.1/../../../../arm-none-eabi/lib/thumb/v7e-m+fp/hard/libc_nano.a(libc_a-errno.o)
                0x08010ca8                __errno
 .text.__libc_init_array
                0x08010cb4       0x48 /Applications/STM32CubeIDE.app/Contents/Eclipse/plugins/com.st.stm32cube.ide.mcu.externaltools.gnu-tools-for-stm32.12.3.rel1.macos64_1.1.0.202410301201/tools/bin/../lib/gcc/arm-none-eabi/12.3.1/../../../../arm-none-eabi/lib/thumb/v7e-m+fp/hard/libc_nano.a(libc_a-init.o)
                0x08010cb4                __libc_init_array
 .text.__retarget_lock_init_recursive
                0x08010cfc        0x2 /Applications/STM32CubeIDE.app/Contents/Eclipse/plugins/com.st.stm32cube.ide.mcu.externaltools.gnu-tools-for-stm32.12.3.rel1.macos64_1.1.0.202410301201/tools/bin/../lib/gcc/arm-none-eabi/12.3.1/../../../../arm-none-eabi/lib/thumb/v7e-m+fp/hard/libc_nano.a(libc_a-lock.o)
                0x08010cfc                __retarget_lock_init_recursive
 .text.__retarget_lock_acquire_recursive
                0x08010cfe        0x2 /Applications/STM32CubeIDE.app/Contents/Eclipse/plugins/com.st.stm32cube.ide.mcu.externaltools.gnu-tools-for-stm32.12.3.rel1.macos64_1.1.0.202410301201/tools/bin/../lib/gcc/arm-none-eabi/12.3.1/../../../../arm-none-eabi/lib/thumb/v7e-m+fp/hard/libc_nano.a(libc_a-lock.o)
                0x08010cfe                __retarget_lock_acquire_recursive
 .text.__retarget_lock_release_recursive
                0x08010d00        0x2 /Applications/STM32CubeIDE.app/Contents/Eclipse/plugins/com.st.stm32cube.ide.mcu.externaltools.gnu-tools-for-stm32.12.3.rel1.macos64_1.1.0.202410301201/tools/bin/../lib/gcc/arm-none-eabi/12.3.1/../../../../arm-none-eabi/lib/thumb/v7e-m+fp/hard/libc_nano.a(libc_a-lock.o)
                0x08010d00                __retarget_lock_release_recursive
 .text.memcpy   0x08010d02       0x1c /Applications/STM32CubeIDE.app/Contents/Eclipse/plugins/com.st.stm32cube.ide.mcu.externaltools.gnu-tools-for-stm32.12.3.rel1.macos64_1.1.0.202410301201/tools/bin/../lib/gcc/arm-none-eabi/12.3.1/../../../../arm-none-eabi/lib/thumb/v7e-m+fp/hard/libc_nano.a(libc_a-memcpy-stub.o)
                0x08010d02                memcpy
 .text.quorem   0x08010d1e      0x110 /Applications/STM32CubeIDE.app/Contents/Eclipse/plugins/com.st.stm32cube.ide.mcu.externaltools.gnu-tools-for-stm32.12.3.rel1.macos64_1.1.0.202410301201/tools/bin/../lib/gcc/arm-none-eabi/12.3.1/../../../../arm-none-eabi/lib/thumb/v7e-m+fp/hard/libc_nano.a(libc_a-dtoa.o)
 *fill*         0x08010e2e        0x2 
 .text._dtoa_r  0x08010e30      0xb88 /Applications/STM32CubeIDE.app/Contents/Eclipse/plugins/com.st.stm32cube.ide.mcu.externaltools.gnu-tools-for-stm32.12.3.rel1.macos64_1.1.0.202410301201/tools/bin/../lib/gcc/arm-none-eabi/12.3.1/../../../../arm-none-eabi/lib/thumb/v7e-m+fp/hard/libc_nano.a(libc_a-dtoa.o)
                0x08010e30                _dtoa_r
 .text._free_r  0x080119b8       0x94 /Applications/STM32CubeIDE.app/Contents/Eclipse/plugins/com.st.stm32cube.ide.mcu.externaltools.gnu-tools-for-stm32.12.3.rel1.macos64_1.1.0.202410301201/tools/bin/../lib/gcc/arm-none-eabi/12.3.1/../../../../arm-none-eabi/lib/thumb/v7e-m+fp/hard/libc_nano.a(libc_a-freer.o)
                0x080119b8                _free_r
 .text.__ssputs_r
                0x08011a4c       0xb6 /Applications/STM32CubeIDE.app/Contents/Eclipse/plugins/com.st.stm32cube.ide.mcu.externaltools.gnu-tools-for-stm32.12.3.rel1.macos64_1.1.0.202410301201/tools/bin/../lib/gcc/arm-none-eabi/12.3.1/../../../../arm-none-eabi/lib/thumb/v7e-m+fp/hard/libc_nano.a(libc_a-nano-svfprintf.o)
                0x08011a4c                __ssputs_r
 *fill*         0x08011b02        0x2 
 .text._svfprintf_r
                0x08011b04      0x1f8 /Applications/STM32CubeIDE.app/Contents/Eclipse/plugins/com.st.stm32cube.ide.mcu.externaltools.gnu-tools-for-stm32.12.3.rel1.macos64_1.1.0.202410301201/tools/bin/../lib/gcc/arm-none-eabi/12.3.1/../../../../arm-none-eabi/lib/thumb/v7e-m+fp/hard/libc_nano.a(libc_a-nano-svfprintf.o)
                0x08011b04                _svfprintf_r
                0x08011b04                _svfiprintf_r
 .text.malloc   0x08011cfc       0x10 /Applications/STM32CubeIDE.app/Contents/Eclipse/plugins/com.st.stm32cube.ide.mcu.externaltools.gnu-tools-for-stm32.12.3.rel1.macos64_1.1.0.202410301201/tools/bin/../lib/gcc/arm-none-eabi/12.3.1/../../../../arm-none-eabi/lib/thumb/v7e-m+fp/hard/libc_nano.a(libc_a-malloc.o)
                0x08011cfc                malloc
 .text.sbrk_aligned
                0x08011d0c       0x44 /Applications/STM32CubeIDE.app/Contents/Eclipse/plugins/com.st.stm32cube.ide.mcu.externaltools.gnu-tools-for-stm32.12.3.rel1.macos64_1.1.0.202410301201/tools/bin/../lib/gcc/arm-none-eabi/12.3.1/../../../../arm-none-eabi/lib/thumb/v7e-m+fp/hard/libc_nano.a(libc_a-mallocr.o)
 .text._malloc_r
                0x08011d50      0x100 /Applications/STM32CubeIDE.app/Contents/Eclipse/plugins/com.st.stm32cube.ide.mcu.externaltools.gnu-tools-for-stm32.12.3.rel1.macos64_1.1.0.202410301201/tools/bin/../lib/gcc/arm-none-eabi/12.3.1/../../../../arm-none-eabi/lib/thumb/v7e-m+fp/hard/libc_nano.a(libc_a-mallocr.o)
                0x08011d50                _malloc_r
 .text.__sflush_r
                0x08011e50      0x108 /Applications/STM32CubeIDE.app/Contents/Eclipse/plugins/com.st.stm32cube.ide.mcu.externaltools.gnu-tools-for-stm32.12.3.rel1.macos64_1.1.0.202410301201/tools/bin/../lib/gcc/arm-none-eabi/12.3.1/../../../../arm-none-eabi/lib/thumb/v7e-m+fp/hard/libc_nano.a(libc_a-fflush.o)
                0x08011e50                __sflush_r
 .text._fflush_r
                0x08011f58       0x50 /Applications/STM32CubeIDE.app/Contents/Eclipse/plugins/com.st.stm32cube.ide.mcu.externaltools.gnu-tools-for-stm32.12.3.rel1.macos64_1.1.0.202410301201/tools/bin/../lib/gcc/arm-none-eabi/12.3.1/../../../../arm-none-eabi/lib/thumb/v7e-m+fp/hard/libc_nano.a(libc_a-fflush.o)
                0x08011f58                _fflush_r
 .text.__malloc_lock
                0x08011fa8        0xc /Applications/STM32CubeIDE.app/Contents/Eclipse/plugins/com.st.stm32cube.ide.mcu.externaltools.gnu-tools-for-stm32.12.3.rel1.macos64_1.1.0.202410301201/tools/bin/../lib/gcc/arm-none-eabi/12.3.1/../../../../arm-none-eabi/lib/thumb/v7e-m+fp/hard/libc_nano.a(libc_a-mlock.o)
                0x08011fa8                __malloc_lock
 .text.__malloc_unlock
                0x08011fb4        0xc /Applications/STM32CubeIDE.app/Contents/Eclipse/plugins/com.st.stm32cube.ide.mcu.externaltools.gnu-tools-for-stm32.12.3.rel1.macos64_1.1.0.202410301201/tools/bin/../lib/gcc/arm-none-eabi/12.3.1/../../../../arm-none-eabi/lib/thumb/v7e-m+fp/hard/libc_nano.a(libc_a-mlock.o)
                0x08011fb4                __malloc_unlock
 .text._Balloc  0x08011fc0       0x80 /Applications/STM32CubeIDE.app/Contents/Eclipse/plugins/com.st.stm32cube.ide.mcu.externaltools.gnu-tools-for-stm32.12.3.rel1.macos64_1.1.0.202410301201/tools/bin/../lib/gcc/arm-none-eabi/12.3.1/../../../../arm-none-eabi/lib/thumb/v7e-m+fp/hard/libc_nano.a(libc_a-mprec.o)
                0x08011fc0                _Balloc
 .text._Bfree   0x08012040       0x44 /Applications/STM32CubeIDE.app/Contents/Eclipse/plugins/com.st.stm32cube.ide.mcu.externaltools.gnu-tools-for-stm32.12.3.rel1.macos64_1.1.0.202410301201/tools/bin/../lib/gcc/arm-none-eabi/12.3.1/../../../../arm-none-eabi/lib/thumb/v7e-m+fp/hard/libc_nano.a(libc_a-mprec.o)
                0x08012040                _Bfree
 .text.__multadd
                0x08012084       0x8c /Applications/STM32CubeIDE.app/Contents/Eclipse/plugins/com.st.stm32cube.ide.mcu.externaltools.gnu-tools-for-stm32.12.3.rel1.macos64_1.1.0.202410301201/tools/bin/../lib/gcc/arm-none-eabi/12.3.1/../../../../arm-none-eabi/lib/thumb/v7e-m+fp/hard/libc_nano.a(libc_a-mprec.o)
                0x08012084                __multadd
 .text.__hi0bits
                0x08012110       0x3e /Applications/STM32CubeIDE.app/Contents/Eclipse/plugins/com.st.stm32cube.ide.mcu.externaltools.gnu-tools-for-stm32.12.3.rel1.macos64_1.1.0.202410301201/tools/bin/../lib/gcc/arm-none-eabi/12.3.1/../../../../arm-none-eabi/lib/thumb/v7e-m+fp/hard/libc_nano.a(libc_a-mprec.o)
                0x08012110                __hi0bits
 .text.__lo0bits
                0x0801214e       0x5a /Applications/STM32CubeIDE.app/Contents/Eclipse/plugins/com.st.stm32cube.ide.mcu.externaltools.gnu-tools-for-stm32.12.3.rel1.macos64_1.1.0.202410301201/tools/bin/../lib/gcc/arm-none-eabi/12.3.1/../../../../arm-none-eabi/lib/thumb/v7e-m+fp/hard/libc_nano.a(libc_a-mprec.o)
                0x0801214e                __lo0bits
 .text.__i2b    0x080121a8       0x2c /Applications/STM32CubeIDE.app/Contents/Eclipse/plugins/com.st.stm32cube.ide.mcu.externaltools.gnu-tools-for-stm32.12.3.rel1.macos64_1.1.0.202410301201/tools/bin/../lib/gcc/arm-none-eabi/12.3.1/../../../../arm-none-eabi/lib/thumb/v7e-m+fp/hard/libc_nano.a(libc_a-mprec.o)
                0x080121a8                __i2b
 .text.__multiply
                0x080121d4      0x154 /Applications/STM32CubeIDE.app/Contents/Eclipse/plugins/com.st.stm32cube.ide.mcu.externaltools.gnu-tools-for-stm32.12.3.rel1.macos64_1.1.0.202410301201/tools/bin/../lib/gcc/arm-none-eabi/12.3.1/../../../../arm-none-eabi/lib/thumb/v7e-m+fp/hard/libc_nano.a(libc_a-mprec.o)
                0x080121d4                __multiply
 .text.__pow5mult
                0x08012328       0xb4 /Applications/STM32CubeIDE.app/Contents/Eclipse/plugins/com.st.stm32cube.ide.mcu.externaltools.gnu-tools-for-stm32.12.3.rel1.macos64_1.1.0.202410301201/tools/bin/../lib/gcc/arm-none-eabi/12.3.1/../../../../arm-none-eabi/lib/thumb/v7e-m+fp/hard/libc_nano.a(libc_a-mprec.o)
                0x08012328                __pow5mult
 .text.__lshift
                0x080123dc       0xd8 /Applications/STM32CubeIDE.app/Contents/Eclipse/plugins/com.st.stm32cube.ide.mcu.externaltools.gnu-tools-for-stm32.12.3.rel1.macos64_1.1.0.202410301201/tools/bin/../lib/gcc/arm-none-eabi/12.3.1/../../../../arm-none-eabi/lib/thumb/v7e-m+fp/hard/libc_nano.a(libc_a-mprec.o)
                0x080123dc                __lshift
 .text.__mcmp   0x080124b4       0x36 /Applications/STM32CubeIDE.app/Contents/Eclipse/plugins/com.st.stm32cube.ide.mcu.externaltools.gnu-tools-for-stm32.12.3.rel1.macos64_1.1.0.202410301201/tools/bin/../lib/gcc/arm-none-eabi/12.3.1/../../../../arm-none-eabi/lib/thumb/v7e-m+fp/hard/libc_nano.a(libc_a-mprec.o)
                0x080124b4                __mcmp
 *fill*         0x080124ea        0x2 
 .text.__mdiff  0x080124ec      0x128 /Applications/STM32CubeIDE.app/Contents/Eclipse/plugins/com.st.stm32cube.ide.mcu.externaltools.gnu-tools-for-stm32.12.3.rel1.macos64_1.1.0.202410301201/tools/bin/../lib/gcc/arm-none-eabi/12.3.1/../../../../arm-none-eabi/lib/thumb/v7e-m+fp/hard/libc_nano.a(libc_a-mprec.o)
                0x080124ec                __mdiff
 .text.__d2b    0x08012614       0xb0 /Applications/STM32CubeIDE.app/Contents/Eclipse/plugins/com.st.stm32cube.ide.mcu.externaltools.gnu-tools-for-stm32.12.3.rel1.macos64_1.1.0.202410301201/tools/bin/../lib/gcc/arm-none-eabi/12.3.1/../../../../arm-none-eabi/lib/thumb/v7e-m+fp/hard/libc_nano.a(libc_a-mprec.o)
                0x08012614                __d2b
 .text.__sread  0x080126c4       0x22 /Applications/STM32CubeIDE.app/Contents/Eclipse/plugins/com.st.stm32cube.ide.mcu.externaltools.gnu-tools-for-stm32.12.3.rel1.macos64_1.1.0.202410301201/tools/bin/../lib/gcc/arm-none-eabi/12.3.1/../../../../arm-none-eabi/lib/thumb/v7e-m+fp/hard/libc_nano.a(libc_a-stdio.o)
                0x080126c4                __sread
 .text.__swrite
                0x080126e6       0x38 /Applications/STM32CubeIDE.app/Contents/Eclipse/plugins/com.st.stm32cube.ide.mcu.externaltools.gnu-tools-for-stm32.12.3.rel1.macos64_1.1.0.202410301201/tools/bin/../lib/gcc/arm-none-eabi/12.3.1/../../../../arm-none-eabi/lib/thumb/v7e-m+fp/hard/libc_nano.a(libc_a-stdio.o)
                0x080126e6                __swrite
 .text.__sseek  0x0801271e       0x24 /Applications/STM32CubeIDE.app/Contents/Eclipse/plugins/com.st.stm32cube.ide.mcu.externaltools.gnu-tools-for-stm32.12.3.rel1.macos64_1.1.0.202410301201/tools/bin/../lib/gcc/arm-none-eabi/12.3.1/../../../../arm-none-eabi/lib/thumb/v7e-m+fp/hard/libc_nano.a(libc_a-stdio.o)
                0x0801271e                __sseek
 .text.__sclose
                0x08012742        0x8 /Applications/STM32CubeIDE.app/Contents/Eclipse/plugins/com.st.stm32cube.ide.mcu.externaltools.gnu-tools-for-stm32.12.3.rel1.macos64_1.1.0.202410301201/tools/bin/../lib/gcc/arm-none-eabi/12.3.1/../../../../arm-none-eabi/lib/thumb/v7e-m+fp/hard/libc_nano.a(libc_a-stdio.o)
                0x08012742                __sclose
 .text._realloc_r
                0x0801274a       0x5c /Applications/STM32CubeIDE.app/Contents/Eclipse/plugins/com.st.stm32cube.ide.mcu.externaltools.gnu-tools-for-stm32.12.3.rel1.macos64_1.1.0.202410301201/tools/bin/../lib/gcc/arm-none-eabi/12.3.1/../../../../arm-none-eabi/lib/thumb/v7e-m+fp/hard/libc_nano.a(libc_a-reallocr.o)
                0x0801274a                _realloc_r
 .text.memmove  0x080127a6       0x34 /Applications/STM32CubeIDE.app/Contents/Eclipse/plugins/com.st.stm32cube.ide.mcu.externaltools.gnu-tools-for-stm32.12.3.rel1.macos64_1.1.0.202410301201/tools/bin/../lib/gcc/arm-none-eabi/12.3.1/../../../../arm-none-eabi/lib/thumb/v7e-m+fp/hard/libc_nano.a(libc_a-memmove.o)
                0x080127a6                memmove
 *fill*         0x080127da        0x2 
 .text._close_r
                0x080127dc       0x20 /Applications/STM32CubeIDE.app/Contents/Eclipse/plugins/com.st.stm32cube.ide.mcu.externaltools.gnu-tools-for-stm32.12.3.rel1.macos64_1.1.0.202410301201/tools/bin/../lib/gcc/arm-none-eabi/12.3.1/../../../../arm-none-eabi/lib/thumb/v7e-m+fp/hard/libc_nano.a(libc_a-closer.o)
                0x080127dc                _close_r
 .text._lseek_r
                0x080127fc       0x24 /Applications/STM32CubeIDE.app/Contents/Eclipse/plugins/com.st.stm32cube.ide.mcu.externaltools.gnu-tools-for-stm32.12.3.rel1.macos64_1.1.0.202410301201/tools/bin/../lib/gcc/arm-none-eabi/12.3.1/../../../../arm-none-eabi/lib/thumb/v7e-m+fp/hard/libc_nano.a(libc_a-lseekr.o)
                0x080127fc                _lseek_r
 .text._read_r  0x08012820       0x24 /Applications/STM32CubeIDE.app/Contents/Eclipse/plugins/com.st.stm32cube.ide.mcu.externaltools.gnu-tools-for-stm32.12.3.rel1.macos64_1.1.0.202410301201/tools/bin/../lib/gcc/arm-none-eabi/12.3.1/../../../../arm-none-eabi/lib/thumb/v7e-m+fp/hard/libc_nano.a(libc_a-readr.o)
                0x08012820                _read_r