Archive member included to satisfy reference by file (symbol)

/Applications/STM32CubeIDE.app/Contents/Eclipse/plugins/com.st.stm32cube.ide.mcu.externaltools.gnu-tools-for-stm32.12.3.rel1.macos64_1.1.0.202410301201/tools/bin/../lib/gcc/arm-none-eabi/12.3.1/../../../../arm-none-eabi/lib/thumb/v7e-m+fp/hard/libc_nano.a(libc_a-exit.o)
                              /Applications/STM32CubeIDE.app/Contents/Eclipse/plugins/com.st.stm32cube.ide.mcu.externaltools.gnu-tools-for-stm32.12.3.rel1.macos64_1.1.0.202410301201/tools/bin/../lib/gcc/arm-none-eabi/12.3.1/../../../../arm-none-eabi/lib/thumb/v7e-m+fp/hard/crt0.o (exit)
/Applications/STM32CubeIDE.app/Contents/Eclipse/plugins/com.st.stm32cube.ide.mcu.externaltools.gnu-tools-for-stm32.12.3.rel1.macos64_1.1.0.202410301201/tools/bin/../lib/gcc/arm-none-eabi/12.3.1/../../../../arm-none-eabi/lib/thumb/v7e-m+fp/hard/libc_nano.a(libc_a-nano-vfprintf_float.o)
                              (_printf_float)
/Applications/STM32CubeIDE.app/Contents/Eclipse/plugins/com.st.stm32cube.ide.mcu.externaltools.gnu-tools-for-stm32.12.3.rel1.macos64_1.1.0.202410301201/tools/bin/../lib/gcc/arm-none-eabi/12.3.1/../../../../arm-none-eabi/lib/thumb/v7e-m+fp/hard/libc_nano.a(libc_a-nano-vfprintf_i.o)
                              /Applications/STM32CubeIDE.app/Contents/Eclipse/plugins/com.st.stm32cube.ide.mcu.externaltools.gnu-tools-for-stm32.12.3.rel1.macos64_1.1.0.202410301201/tools/bin/../lib/gcc/arm-none-eabi/12.3.1/../../../../arm-none-eabi/lib/thumb/v7e-m+fp/hard/libc_nano.a(libc_a-nano-vfprintf_float.o) (_printf_common)
/Applications/STM32CubeIDE.app/Contents/Eclipse/plugins/com.st.stm32cube.ide.mcu.externaltools.gnu-tools-for-stm32.12.3.rel1.macos64_1.1.0.202410301201/tools/bin/../lib/gcc/arm-none-eabi/12.3.1/../../../../arm-none-eabi/lib/thumb/v7e-m+fp/hard/libc_nano.a(libc_a-findfp.o)
                              ./Middlewares/Third_Party/FreeRTOS/Source/tasks.o (__sf)
/Applications/STM32CubeIDE.app/Contents/Eclipse/plugins/com.st.stm32cube.ide.mcu.externaltools.gnu-tools-for-stm32.12.3.rel1.macos64_1.1.0.202410301201/tools/bin/../lib/gcc/arm-none-eabi/12.3.1/../../../../arm-none-eabi/lib/thumb/v7e-m+fp/hard/libc_nano.a(libc_a-fwalk.o)
                              /Applications/STM32CubeIDE.app/Contents/Eclipse/plugins/com.st.stm32cube.ide.mcu.externaltools.gnu-tools-for-stm32.12.3.rel1.macos64_1.1.0.202410301201/tools/bin/../lib/gcc/arm-none-eabi/12.3.1/../../../../arm-none-eabi/lib/thumb/v7e-m+fp/hard/libc_nano.a(libc_a-findfp.o) (_fwalk_sglue)
/Applications/STM32CubeIDE.app/Contents/Eclipse/plugins/com.st.stm32cube.ide.mcu.externaltools.gnu-tools-for-stm32.12.3.rel1.macos64_1.1.0.202410301201/tools/bin/../lib/gcc/arm-none-eabi/12.3.1/../../../../arm-none-eabi/lib/thumb/v7e-m+fp/hard/libc_nano.a(libc_a-vsnprintf.o)
                              ./Core/Src/main.o (vsnprintf)
/Applications/STM32CubeIDE.app/Contents/Eclipse/plugins/com.st.stm32cube.ide.mcu.externaltools.gnu-tools-for-stm32.12.3.rel1.macos64_1.1.0.202410301201/tools/bin/../lib/gcc/arm-none-eabi/12.3.1/../../../../arm-none-eabi/lib/thumb/v7e-m+fp/hard/libc_nano.a(libc_a-memset.o)
                              /Applications/STM32CubeIDE.app/Contents/Eclipse/plugins/com.st.stm32cube.ide.mcu.externaltools.gnu-tools-for-stm32.12.3.rel1.macos64_1.1.0.202410301201/tools/bin/../lib/gcc/arm-none-eabi/12.3.1/../../../../arm-none-eabi/lib/thumb/v7e-m+fp/hard/crt0.o (memset)
/Applications/STM32CubeIDE.app/Contents/Eclipse/plugins/com.st.stm32cube.ide.mcu.externaltools.gnu-tools-for-stm32.12.3.rel1.macos64_1.1.0.202410301201/tools/bin/../lib/gcc/arm-none-eabi/12.3.1/../../../../arm-none-eabi/lib/thumb/v7e-m+fp/hard/libc_nano.a(libc_a-localeconv.o)
                              /Applications/STM32CubeIDE.app/Contents/Eclipse/plugins/com.st.stm32cube.ide.mcu.externaltools.gnu-tools-for-stm32.12.3.rel1.macos64_1.1.0.202410301201/tools/bin/../lib/gcc/arm-none-eabi/12.3.1/../../../../arm-none-eabi/lib/thumb/v7e-m+fp/hard/libc_nano.a(libc_a-nano-vfprintf_float.o) (_localeconv_r)
/Applications/STM32CubeIDE.app/Contents/Eclipse/plugins/com.st.stm32cube.ide.mcu.externaltools.gnu-tools-for-stm32.12.3.rel1.macos64_1.1.0.202410301201/tools/bin/../lib/gcc/arm-none-eabi/12.3.1/../../../../arm-none-eabi/lib/thumb/v7e-m+fp/hard/libc_nano.a(libc_a-reent.o)
                              ./Middlewares/Third_Party/FreeRTOS/Source/tasks.o (_reclaim_reent)
/Applications/STM32CubeIDE.app/Contents/Eclipse/plugins/com.st.stm32cube.ide.mcu.externaltools.gnu-tools-for-stm32.12.3.rel1.macos64_1.1.0.202410301201/tools/bin/../lib/gcc/arm-none-eabi/12.3.1/../../../../arm-none-eabi/lib/thumb/v7e-m+fp/hard/libc_nano.a(libc_a-impure.o)
                              ./Middlewares/Third_Party/FreeRTOS/Source/tasks.o (_impure_ptr)
[...]
Memory Configuration

Name             Origin             Length             Attributes
RAM              0x20000000         0x0001c000         xrw
FLASH            0x08000000         0x00080000         xr
*default*        0x00000000         0xffffffff

Linker script and memory map

LOAD /Applications/STM32CubeIDE.app/Contents/Eclipse/plugins/com.st.stm32cube.ide.mcu.externaltools.gnu-tools-for-stm32.12.3.rel1.macos64_1.1.0.202410301201/tools/bin/../lib/gcc/arm-none-eabi/12.3.1/thumb/v7e-m+fp/hard/crti.o
LOAD /Applications/STM32CubeIDE.app/Contents/Eclipse/plugins/com.st.stm32cube.ide.mcu.externaltools.gnu-tools-for-stm32.12.3.rel1.macos64_1.1.0.202410301201/tools/bin/../lib/gcc/arm-none-eabi/12.3.1/thumb/v7e-m+fp/hard/crtbegin.o
LOAD /Applications/STM32CubeIDE.app/Contents/Eclipse/plugins/com.st.stm32cube.ide.mcu.externaltools.gnu-tools-for-stm32.12.3.rel1.macos64_1.1.0.202410301201/tools/bin/../lib/gcc/arm-none-eabi/12.3.1/../../../../arm-none-eabi/lib/thumb/v7e-m+fp/hard/crt0.o
LOAD ./Core/Src/Drivers/BMI088.o
LOAD ./Core/Src/Drivers/BMP390.o
LOAD ./Core/Src/Drivers/flash.o
LOAD ./Core/Src/app_freertos.o
LOAD ./Core/Src/kalman.o
LOAD ./Core/Src/log.o
LOAD ./Core/Src/main.o
LOAD ./Core/Src/stm32g4xx_hal_msp.o
LOAD ./Core/Src/stm32g4xx_hal_timebase_tim.o
LOAD ./Core/Src/stm32g4xx_it.o
LOAD ./Core/Src/syscalls.o
LOAD ./Core/Src/sysmem.o
LOAD ./Core/Src/system_stm32g4xx.o
LOAD ./Core/Src/util/avghistory.o
LOAD ./Core/Src/util/matrix.o
LOAD ./Core/Src/util/ring_buffer.o
LOAD ./Core/Startup/startup_stm32g491cetx.o
LOAD ./Drivers/STM32G4xx_HAL_Driver/Src/stm32g4xx_hal.o
LOAD ./Drivers/STM32G4xx_HAL_Driver/Src/stm32g4xx_hal_cortex.o
LOAD ./Drivers/STM32G4xx_HAL_Driver/Src/stm32g4xx_hal_dma.o
LOAD ./Drivers/STM32G4xx_HAL_Driver/Src/stm32g4xx_hal_dma_ex.o
LOAD ./Drivers/STM32G4xx_HAL_Driver/Src/stm32g4xx_hal_exti.o
LOAD ./Drivers/STM32G4xx_HAL_Driver/Src/stm32g4xx_hal_fdcan.o
LOAD ./Drivers/STM32G4xx_HAL_Driver/Src/stm32g4xx_hal_flash.o
LOAD ./Drivers/STM32G4xx_HAL_Driver/Src/stm32g4xx_hal_flash_ex.o
LOAD ./Drivers/STM32G4xx_HAL_Driver/Src/stm32g4xx_hal_flash_ramfunc.o
LOAD ./Drivers/STM32G4xx_HAL_Driver/Src/stm32g4xx_hal_gpio.o
LOAD ./Drivers/STM32G4xx_HAL_Driver/Src/stm32g4xx_hal_pcd.o
LOAD ./Drivers/STM32G4xx_HAL_Driver/Src/stm32g4xx_hal_pcd_ex.o
LOAD ./Drivers/STM32G4xx_HAL_Driver/Src/stm32g4xx_hal_pwr.o
LOAD ./Drivers/STM32G4xx_HAL_Driver/Src/stm32g4xx_hal_pwr_ex.o
LOAD ./Drivers/STM32G4xx_HAL_Driver/Src/stm32g4xx_hal_rcc.o
LOAD ./Drivers/STM32G4xx_HAL_Driver/Src/stm32g4xx_hal_rcc_ex.o
LOAD ./Drivers/STM32G4xx_HAL_Driver/Src/stm32g4xx_hal_spi.o
LOAD ./Drivers/STM32G4xx_HAL_Driver/Src/stm32g4xx_hal_spi_ex.o
LOAD ./Drivers/STM32G4xx_HAL_Driver/Src/stm32g4xx_hal_tim.o
LOAD ./Drivers/STM32G4xx_HAL_Driver/Src/stm32g4xx_hal_tim_ex.o
LOAD ./Drivers/STM32G4xx_HAL_Driver/Src/stm32g4xx_ll_usb.o
LOAD ./Middlewares/ST/STM32_USB_Device_Library/Class/CDC/Src/usbd_cdc.o
LOAD ./Middlewares/ST/STM32_USB_Device_Library/Core/Src/usbd_core.o
LOAD ./Middlewares/ST/STM32_USB_Device_Library/Core/Src/usbd_ctlreq.o
LOAD ./Middlewares/ST/STM32_USB_Device_Library/Core/Src/usbd_ioreq.o
LOAD ./Middlewares/Third_Party/FreeRTOS/Source/CMSIS_RTOS_V2/cmsis_os2.o
LOAD ./Middlewares/Third_Party/FreeRTOS/Source/croutine.o
LOAD ./Middlewares/Third_Party/FreeRTOS/Source/event_groups.o
LOAD ./Middlewares/Third_Party/FreeRTOS/Source/list.o
LOAD ./Middlewares/Third_Party/FreeRTOS/Source/queue.o
LOAD ./Middlewares/Third_Party/FreeRTOS/Source/stream_buffer.o
LOAD ./Middlewares/Third_Party/FreeRTOS/Source/tasks.o
LOAD ./Middlewares/Third_Party/FreeRTOS/Source/timers.o
LOAD ./Middlewares/Third_Party/FreeRTOS/Source/portable/GCC/ARM_CM4F/port.o
LOAD ./Middlewares/Third_Party/FreeRTOS/Source/portable/MemMang/heap_4.o
LOAD ./USB_Device/App/usb_device.o
LOAD ./USB_Device/App/usbd_cdc_if.o
LOAD ./USB_Device/App/usbd_desc.o
LOAD ./USB_Device/Target/usbd_conf.o
START GROUP
LOAD /Applications/STM32CubeIDE.app/Contents/Eclipse/plugins/com.st.stm32cube.ide.mcu.externaltools.gnu-tools-for-stm32.12.3.rel1.macos64_1.1.0.202410301201/tools/bin/../lib/gcc/arm-none-eabi/12.3.1/../../../../arm-none-eabi/lib/thumb/v7e-m+fp/hard/libc_nano.a
LOAD /Applications/STM32CubeIDE.app/Contents/Eclipse/plugins/com.st.stm32cube.ide.mcu.externaltools.gnu-tools-for-stm32.12.3.rel1.macos64_1.1.0.202410301201/tools/bin/../lib/gcc/arm-none-eabi/12.3.1/../../../../arm-none-eabi/lib/thumb/v7e-m+fp/hard/libm.a
END GROUP
START GROUP
LOAD /Applications/STM32CubeIDE.app/Contents/Eclipse/plugins/com.st.stm32cube.ide.mcu.externaltools.gnu-tools-for-stm32.12.3.rel1.macos64_1.1.0.202410301201/tools/bin/../lib/gcc/arm-none-eabi/12.3.1/thumb/v7e-m+fp/hard/libgcc.a
LOAD /Applications/STM32CubeIDE.app/Contents/Eclipse/plugins/com.st.stm32cube.ide.mcu.externaltools.gnu-tools-for-stm32.12.3.rel1.macos64_1.1.0.202410301201/tools/bin/../lib/gcc/arm-none-eabi/12.3.1/../../../../arm-none-eabi/lib/thumb/v7e-m+fp/hard/libc_nano.a
END GROUP
START GROUP
LOAD /Applications/STM32CubeIDE.app/Contents/Eclipse/plugins/com.st.stm32cube.ide.mcu.externaltools.gnu-tools-for-stm32.12.3.rel1.macos64_1.1.0.202410301201/tools/bin/../lib/gcc/arm-none-eabi/12.3.1/thumb/v7e-m+fp/hard/libgcc.a
LOAD /Applications/STM32CubeIDE.app/Contents/Eclipse/plugins/com.st.stm32cube.ide.mcu.externaltools.gnu-tools-for-stm32.12.3.rel1.macos64_1.1.0.202410301201/tools/bin/../lib/gcc/arm-none-eabi/12.3.1/../../../../arm-none-eabi/lib/thumb/v7e-m+fp/hard/libc_nano.a
LOAD /Applications/STM32CubeIDE.app/Contents/Eclipse/plugins/com.st.stm32cube.ide.mcu.externaltools.gnu-tools-for-stm32.12.3.rel1.macos64_1.1.0.202410301201/tools/bin/../lib/gcc/arm-none-eabi/12.3.1/../../../../arm-none-eabi/lib/thumb/v7e-m+fp/hard/libnosys.a
END GROUP
START GROUP
LOAD /Applications/STM32CubeIDE.app/Contents/Eclipse/plugins/com.st.stm32cube.ide.mcu.externaltools.gnu-tools-for-stm32.12.3.rel1.macos64_1.1.0.202410301201/tools/bin/../lib/gcc/arm-none-eabi/12.3.1/thumb/v7e-m+fp/hard/libgcc.a
LOAD /Applications/STM32CubeIDE.app/Contents/Eclipse/plugins/com.st.stm32cube.ide.mcu.externaltools.gnu-tools-for-stm32.12.3.rel1.macos64_1.1.0.202410301201/tools/bin/../lib/gcc/arm-none-eabi/12.3.1/../../../../arm-none-eabi/lib/thumb/v7e-m+fp/hard/libc_nano.a
LOAD /Applications/STM32CubeIDE.app/Contents/Eclipse/plugins/com.st.stm32cube.ide.mcu.externaltools.gnu-tools-for-stm32.12.3.rel1.macos64_1.1.0.202410301201/tools/bin/../lib/gcc/arm-none-eabi/12.3.1/../../../../arm-none-eabi/lib/thumb/v7e-m+fp/hard/libnosys.a
END GROUP
LOAD /Applications/STM32CubeIDE.app/Contents/Eclipse/plugins/com.st.stm32cube.ide.mcu.externaltools.gnu-tools-for-stm32.12.3.rel1.macos64_1.1.0.202410301201/tools/bin/../lib/gcc/arm-none-eabi/12.3.1/thumb/v7e-m+fp/hard/crtend.o
LOAD /Applications/STM32CubeIDE.app/Contents/Eclipse/plugins/com.st.stm32cube.ide.mcu.externaltools.gnu-tools-for-stm32.12.3.rel1.macos64_1.1.0.202410301201/tools/bin/../lib/gcc/arm-none-eabi/12.3.1/thumb/v7e-m+fp/hard/crtn.o
                0x2001c000                        _estack = (ORIGIN (RAM) + LENGTH (RAM))
                0x00000200                        _Min_Heap_Size = 0x200
                0x00000400                        _Min_Stack_Size = 0x400

.isr_vector     0x08000000      0x1d8
                0x08000000                        . = ALIGN (0x4)
 *(.isr_vector)
 .isr_vector    0x08000000      0x1d8 ./Core/Startup/startup_stm32g491cetx.o
                0x08000000                g_pfnVectors
                0x080001d8                        . = ALIGN (0x4)

.text           0x080001e0    0x12b10
                0x080001e0                        . = ALIGN (0x4)
 *(.text)
 .text          0x080001e0       0x40 /Applications/STM32CubeIDE.app/Contents/Eclipse/plugins/com.st.stm32cube.ide.mcu.externaltools.gnu-tools-for-stm32.12.3.rel1.macos64_1.1.0.202410301201/tools/bin/../lib/gcc/arm-none-eabi/12.3.1/thumb/v7e-m+fp/hard/crtbegin.o
 .text          0x08000220       0xa0 /Applications/STM32CubeIDE.app/Contents/Eclipse/plugins/com.st.stm32cube.ide.mcu.externaltools.gnu-tools-for-stm32.12.3.rel1.macos64_1.1.0.202410301201/tools/bin/../lib/gcc/arm-none-eabi/12.3.1/../../../../arm-none-eabi/lib/thumb/v7e-m+fp/hard/libc_nano.a(libc_a-memchr.o)
                0x08000220                memchr
 .text          0x080002c0       0x10 /Applications/STM32CubeIDE.app/Contents/Eclipse/plugins/com.st.stm32cube.ide.mcu.externaltools.gnu-tools-for-stm32.12.3.rel1.macos64_1.1.0.202410301201/tools/bin/../lib/gcc/arm-none-eabi/12.3.1/../../../../arm-none-eabi/lib/thumb/v7e-m+fp/hard/libc_nano.a(libc_a-strlen.o)
                0x080002c0                strlen
 .text          0x080002d0      0x378 /Applications/STM32CubeIDE.app/Contents/Eclipse/plugins/com.st.stm32cube.ide.mcu.externaltools.gnu-tools-for-stm32.12.3.rel1.macos64_1.1.0.202410301201/tools/bin/../lib/gcc/arm-none-eabi/12.3.1/thumb/v7e-m+fp/hard/libgcc.a(_arm_addsubdf3.o)
                0x080002d0                __aeabi_drsub
                0x080002d8                __subdf3
                0x080002d8                __aeabi_dsub
                0x080002dc                __aeabi_dadd
                0x080002dc                __adddf3
                0x08000554                __aeabi_ui2d
                0x08000554                __floatunsidf
                0x08000574                __floatsidf
                0x08000574                __aeabi_i2d
                0x08000598                __extendsfdf2
                0x08000598                __aeabi_f2d
                0x080005dc                __aeabi_ul2d
                0x080005dc                __floatundidf
                0x080005ec                __aeabi_l2d
                0x080005ec                __floatdidf
 .text          0x08000648      0x424 /Applications/STM32CubeIDE.app/Contents/Eclipse/plugins/com.st.stm32cube.ide.mcu.externaltools.gnu-tools-for-stm32.12.3.rel1.macos64_1.1.0.202410301201/tools/bin/../lib/gcc/arm-none-eabi/12.3.1/thumb/v7e-m+fp/hard/libgcc.a(_arm_muldivdf3.o)
                0x08000648                __aeabi_dmul
                0x08000648                __muldf3
                0x0800089c                __aeabi_ddiv
                0x0800089c                __divdf3
 .text          0x08000a6c      0x110 /Applications/STM32CubeIDE.app/Contents/Eclipse/plugins/com.st.stm32cube.ide.mcu.externaltools.gnu-tools-for-stm32.12.3.rel1.macos64_1.1.0.202410301201/tools/bin/../lib/gcc/arm-none-eabi/12.3.1/thumb/v7e-m+fp/hard/libgcc.a(_arm_cmpdf2.o)
                0x08000a6c                __gedf2
                0x08000a6c                __gtdf2
                0x08000a74                __ledf2
                0x08000a74                __ltdf2
                0x08000a7c                __cmpdf2
                0x08000a7c                __eqdf2
                0x08000a7c                __nedf2
                0x08000af8                __aeabi_cdrcmple
                0x08000b08                __aeabi_cdcmple
                0x08000b08                __aeabi_cdcmpeq
                0x08000b18                __aeabi_dcmpeq
                0x08000b2c                __aeabi_dcmplt
                0x08000b40                __aeabi_dcmple
                0x08000b54                __aeabi_dcmpge
                0x08000b68                __aeabi_dcmpgt
 .text          0x08000b7c       0x2c /Applications/STM32CubeIDE.app/Contents/Eclipse/plugins/com.st.stm32cube.ide.mcu.externaltools.gnu-tools-for-stm32.12.3.rel1.macos64_1.1.0.202410301201/tools/bin/../lib/gcc/arm-none-eabi/12.3.1/thumb/v7e-m+fp/hard/libgcc.a(_arm_unorddf2.o)
                0x08000b7c                __aeabi_dcmpun
                0x08000b7c                __unorddf2
 .text          0x08000ba8       0x50 /Applications/STM32CubeIDE.app/Contents/Eclipse/plugins/com.st.stm32cube.ide.mcu.externaltools.gnu-tools-for-stm32.12.3.rel1.macos64_1.1.0.202410301201/tools/bin/../lib/gcc/arm-none-eabi/12.3.1/thumb/v7e-m+fp/hard/libgcc.a(_arm_fixdfsi.o)
                0x08000ba8                __fixdfsi
                0x08000ba8                __aeabi_d2iz
 *(.text*)
 .text.accel_read_reg
                0x08000bf8       0x80 ./Core/Src/Drivers/BMI088.o
                0x08000bf8                accel_read_reg
 .text.gyro_read_reg
                0x08000c78       0x7c ./Core/Src/Drivers/BMI088.o
                0x08000c78                gyro_read_reg
 .text.accel_write_reg
                0x08000cf4       0x52 ./Core/Src/Drivers/BMI088.o
                0x08000cf4                accel_write_reg
 .text.gyro_write_reg
                0x08000d46       0x52 ./Core/Src/Drivers/BMI088.o
                0x08000d46                gyro_write_reg
 .text.bmi088_init
                0x08000d98      0x210 ./Core/Src/Drivers/BMI088.o
                0x08000d98                bmi088_init
 .text.accel_step
                0x08000fa8       0xd8 ./Core/Src/Drivers/BMI088.o
                0x08000fa8                accel_step
 .text.gyro_step
                0x08001080       0xe0 ./Core/Src/Drivers/BMI088.o
                0x08001080                gyro_step
 .text.accel_get
                0x08001160       0x18 ./Core/Src/Drivers/BMI088.o
                0x08001160                accel_get
 .text.gyro_get
                0x08001178       0x18 ./Core/Src/Drivers/BMI088.o
                0x08001178                gyro_get
 .text.bmp_read_reg
                0x08001190       0x94 ./Core/Src/Drivers/BMP390.o
 .text.bmp_write_reg
                0x08001224       0x78 ./Core/Src/Drivers/BMP390.o
 .text.bmp_read_buf
                0x0800129c       0xf4 ./Core/Src/Drivers/BMP390.o
 .text.bmp_parse_calib
                0x08001390      0x2f4 ./Core/Src/Drivers/BMP390.o
 .text.bmp_compensate_temperature
                0x08001684       0x6a ./Core/Src/Drivers/BMP390.o
 .text.bmp_compensate_pressure
                0x080016ee      0x1a4 ./Core/Src/Drivers/BMP390.o
 *fill*         0x08001892        0x2 
 .text.bmp_init
                0x08001894      0x30c ./Core/Src/Drivers/BMP390.o
                0x08001894                bmp_init
 .text.baro_step
                0x08001ba0      0x134 ./Core/Src/Drivers/BMP390.o
                0x08001ba0                baro_step
 .text.baro_get_altitude
                0x08001cd4       0x1e ./Core/Src/Drivers/BMP390.o
                0x08001cd4                baro_get_altitude
 .text.baro_get_temp
                0x08001cf2       0x1a ./Core/Src/Drivers/BMP390.o
                0x08001cf2                baro_get_temp
 .text.baro_get_pressure
                0x08001d0c       0x1e ./Core/Src/Drivers/BMP390.o
                0x08001d0c                baro_get_pressure
 *fill*         0x08001d2a        0x2 
 .text.calculate_gain
                0x08001d2c      0x4ec ./Core/Src/kalman.o
 .text.KalmanFilter_init
                0x08002218       0xe4 ./Core/Src/kalman.o
                0x08002218                KalmanFilter_init
 .text.KalmanFilter_step
                0x080022fc      0x158 ./Core/Src/kalman.o
                0x080022fc                KalmanFilter_step
 .text.debug_print
                0x08002454       0x6a ./Core/Src/main.o
                0x08002454                debug_print
 *fill*         0x080024be        0x2 
 .text.channel_fire
                0x080024c0       0x5c ./Core/Src/main.o
                0x080024c0                channel_fire
 .text.channel_update
                0x0800251c       0x80 ./Core/Src/main.o
                0x0800251c                channel_update
 .text.main     0x0800259c      0x15c ./Core/Src/main.o
                0x0800259c                main
 .text.SystemClock_Config
                0x080026f8       0x84 ./Core/Src/main.o
                0x080026f8                SystemClock_Config
 .text.MX_FDCAN2_Init
                0x0800277c       0x90 ./Core/Src/main.o
 .text.MX_SPI1_Init
                0x0800280c       0x7c ./Core/Src/main.o
 .text.MX_GPIO_Init
                0x08002888       0xe0 ./Core/Src/main.o
 .text.StartSendMessage
                0x08002968       0x78 ./Core/Src/main.o
                0x08002968                StartSendMessage
 .text.StartDeployment
                0x080029e0      0x5cc ./Core/Src/main.o
                0x080029e0                StartDeployment
 .text.StartReadSensors
                0x08002fac       0xcc ./Core/Src/main.o
                0x08002fac                StartReadSensors
 .text.HAL_TIM_PeriodElapsedCallback
                0x08003078       0x24 ./Core/Src/main.o
                0x08003078                HAL_TIM_PeriodElapsedCallback
 .text.Error_Handler
                0x0800309c        0xc ./Core/Src/main.o
                0x0800309c                Error_Handler
 .text.HAL_MspInit
                0x080030a8       0x54 ./Core/Src/stm32g4xx_hal_msp.o
                0x080030a8                HAL_MspInit
 .text.HAL_FDCAN_MspInit
                0x080030fc       0xb4 ./Core/Src/stm32g4xx_hal_msp.o
                0x080030fc                HAL_FDCAN_MspInit
 .text.HAL_SPI_MspInit
                0x080031b0       0x84 ./Core/Src/stm32g4xx_hal_msp.o
                0x080031b0                HAL_SPI_MspInit
 .text.HAL_InitTick
                0x08003234       0xd8 ./Core/Src/stm32g4xx_hal_timebase_tim.o
                0x08003234                HAL_InitTick
 .text.NMI_Handler
                0x0800330c        0x8 ./Core/Src/stm32g4xx_it.o
                0x0800330c                NMI_Handler
 .text.HardFault_Handler
                0x08003314        0x8 ./Core/Src/stm32g4xx_it.o
                0x08003314                HardFault_Handler
 .text.MemManage_Handler
                0x0800331c        0x8 ./Core/Src/stm32g4xx_it.o
                0x0800331c                MemManage_Handler
 .text.BusFault_Handler
                0x08003324        0x8 ./Core/Src/stm32g4xx_it.o
                0x08003324                BusFault_Handler
 .text.UsageFault_Handler
                0x0800332c        0x8 ./Core/Src/stm32g4xx_it.o
                0x0800332c                UsageFault_Handler
 .text.DebugMon_Handler
                0x08003334        0xe ./Core/Src/stm32g4xx_it.o
                0x08003334                DebugMon_Handler
 *fill*         0x08003342        0x2 
 .text.USB_LP_IRQHandler
                0x08003344       0x14 ./Core/Src/stm32g4xx_it.o
                0x08003344                USB_LP_IRQHandler
 .text.TIM1_UP_TIM16_IRQHandler
                0x08003358       0x14 ./Core/Src/stm32g4xx_it.o
                0x08003358                TIM1_UP_TIM16_IRQHandler
 .text._getpid  0x0800336c       0x10 ./Core/Src/syscalls.o
                0x0800336c                _getpid
 .text._kill    0x0800337c       0x20 ./Core/Src/syscalls.o
                0x0800337c                _kill
 .text._exit    0x0800339c       0x16 ./Core/Src/syscalls.o
                0x0800339c                _exit
 .text._read    0x080033b2       0x3a ./Core/Src/syscalls.o
                0x080033b2                _read
 .text._write   0x080033ec       0x38 ./Core/Src/syscalls.o
                0x080033ec                _write
 .text._close   0x08003424       0x18 ./Core/Src/syscalls.o
                0x08003424                _close
 .text._fstat   0x0800343c       0x20 ./Core/Src/syscalls.o
                0x0800343c                _fstat
 .text._isatty  0x0800345c       0x16 ./Core/Src/syscalls.o
                0x0800345c                _isatty
 .text._lseek   0x08003472       0x1a ./Core/Src/syscalls.o
                0x08003472                _lseek
 .text._sbrk    0x0800348c       0x6c ./Core/Src/sysmem.o
                0x0800348c                _sbrk
 .text.SystemInit
                0x080034f8       0x24 ./Core/Src/system_stm32g4xx.o
                0x080034f8                SystemInit
 .text.matrix_multiply
                0x0800351c       0xd0 ./Core/Src/util/matrix.o
                0x0800351c                matrix_multiply
 .text.matrix_transpose
                0x080035ec       0x6c ./Core/Src/util/matrix.o
                0x080035ec                matrix_transpose
 .text.matrix_norm_sq
                0x08003658       0x68 ./Core/Src/util/matrix.o
                0x08003658                matrix_norm_sq
 .text.Reset_Handler
                0x080036c0       0x50 ./Core/Startup/startup_stm32g491cetx.o
                0x080036c0                Reset_Handler
 .text.Default_Handler
                0x08003710        0x2 ./Core/Startup/startup_stm32g491cetx.o
                0x08003710                TIM1_BRK_TIM15_IRQHandler
                0x08003710                EXTI2_IRQHandler
                0x08003710                TIM8_TRG_COM_IRQHandler
                0x08003710                TIM8_CC_IRQHandler
                0x08003710                TIM1_CC_IRQHandler
                0x08003710                USB_HP_IRQHandler
                0x08003710                CORDIC_IRQHandler
                0x08003710                DMA2_Channel8_IRQHandler
                0x08003710                EXTI3_IRQHandler
                0x08003710                I2C3_ER_IRQHandler
                0x08003710                EXTI0_IRQHandler
                0x08003710                I2C2_EV_IRQHandler
                0x08003710                FPU_IRQHandler
                0x08003710                FDCAN1_IT1_IRQHandler
                0x08003710                ADC1_2_IRQHandler
                0x08003710                SPI1_IRQHandler
                0x08003710                TIM6_DAC_IRQHandler
                0x08003710                TIM8_UP_IRQHandler
                0x08003710                DMA2_Channel2_IRQHandler
                0x08003710                DMA1_Channel4_IRQHandler
                0x08003710                TIM20_TRG_COM_IRQHandler
                0x08003710                USART3_IRQHandler
                0x08003710                DMA1_Channel7_IRQHandler
                0x08003710                UART5_IRQHandler
                0x08003710                ADC3_IRQHandler
                0x08003710                TIM4_IRQHandler
                0x08003710                DMA2_Channel1_IRQHandler
                0x08003710                QUADSPI_IRQHandler
                0x08003710                I2C1_EV_IRQHandler
                0x08003710                DMA1_Channel6_IRQHandler
                0x08003710                UART4_IRQHandler
                0x08003710                DMA2_Channel4_IRQHandler
                0x08003710                TIM3_IRQHandler
                0x08003710                RCC_IRQHandler
                0x08003710                TIM20_UP_IRQHandler
                0x08003710                DMA1_Channel1_IRQHandler
                0x08003710                Default_Handler
                0x08003710                DMA2_Channel7_IRQHandler
                0x08003710                RTC_TAMP_LSECSS_IRQHandler
                0x08003710                FMAC_IRQHandler
                0x08003710                EXTI15_10_IRQHandler
                0x08003710                DMA1_Channel8_IRQHandler
                0x08003710                TIM7_IRQHandler
                0x08003710                UCPD1_IRQHandler
                0x08003710                I2C3_EV_IRQHandler
                0x08003710                EXTI9_5_IRQHandler
                0x08003710                RTC_WKUP_IRQHandler
                0x08003710                PVD_PVM_IRQHandler
                0x08003710                SPI2_IRQHandler
                0x08003710                DMA2_Channel5_IRQHandler
                0x08003710                CRS_IRQHandler
                0x08003710                DMA1_Channel5_IRQHandler
                0x08003710                EXTI4_IRQHandler
                0x08003710                RNG_IRQHandler
                0x08003710                TIM1_TRG_COM_TIM17_IRQHandler
                0x08003710                FDCAN2_IT1_IRQHandler
                0x08003710                DMA1_Channel3_IRQHandler
                0x08003710                WWDG_IRQHandler
                0x08003710                FDCAN2_IT0_IRQHandler
                0x08003710                LPUART1_IRQHandler
                0x08003710                DMA2_Channel6_IRQHandler
                0x08003710                FDCAN1_IT0_IRQHandler
                0x08003710                TIM2_IRQHandler
                0x08003710                COMP1_2_3_IRQHandler
                0x08003710                EXTI1_IRQHandler
                0x08003710                USART2_IRQHandler
                0x08003710                TIM20_BRK_IRQHandler
                0x08003710                I2C2_ER_IRQHandler
                0x08003710                DMA1_Channel2_IRQHandler
                0x08003710                TIM8_BRK_IRQHandler
                0x08003710                FLASH_IRQHandler
                0x08003710                TIM20_CC_IRQHandler
                0x08003710                USART1_IRQHandler
                0x08003710                SPI3_IRQHandler
                0x08003710                I2C1_ER_IRQHandler
                0x08003710                LPTIM1_IRQHandler
                0x08003710                DMAMUX_OVR_IRQHandler
                0x08003710                USBWakeUp_IRQHandler
                0x08003710                SAI1_IRQHandler
                0x08003710                DMA2_Channel3_IRQHandler
                0x08003710                COMP4_IRQHandler
                0x08003710                RTC_Alarm_IRQHandler
 .text.HAL_Init
                0x08003712       0x30 ./Drivers/STM32G4xx_HAL_Driver/Src/stm32g4xx_hal.o
                0x08003712                HAL_Init
 *fill*         0x08003742        0x2 
 .text.HAL_IncTick
                0x08003744       0x24 ./Drivers/STM32G4xx_HAL_Driver/Src/stm32g4xx_hal.o
                0x08003744                HAL_IncTick
 .text.HAL_GetTick
                0x08003768       0x18 ./Drivers/STM32G4xx_HAL_Driver/Src/stm32g4xx_hal.o
                0x08003768                HAL_GetTick
 .text.HAL_Delay
                0x08003780       0x44 ./Drivers/STM32G4xx_HAL_Driver/Src/stm32g4xx_hal.o
                0x08003780                HAL_Delay
 .text.__NVIC_SetPriorityGrouping
                0x080037c4       0x48 ./Drivers/STM32G4xx_HAL_Driver/Src/stm32g4xx_hal_cortex.o
 .text.__NVIC_GetPriorityGrouping
                0x0800380c       0x1c ./Drivers/STM32G4xx_HAL_Driver/Src/stm32g4xx_hal_cortex.o
 .text.__NVIC_EnableIRQ
                0x08003828       0x3c ./Drivers/STM32G4xx_HAL_Driver/Src/stm32g4xx_hal_cortex.o
 .text.__NVIC_SetPriority
                0x08003864       0x54 ./Drivers/STM32G4xx_HAL_Driver/Src/stm32g4xx_hal_cortex.o
 .text.NVIC_EncodePriority
                0x080038b8       0x66 ./Drivers/STM32G4xx_HAL_Driver/Src/stm32g4xx_hal_cortex.o
 .text.HAL_NVIC_SetPriorityGrouping
                0x0800391e       0x16 ./Drivers/STM32G4xx_HAL_Driver/Src/stm32g4xx_hal_cortex.o
                0x0800391e                HAL_NVIC_SetPriorityGrouping
 .text.HAL_NVIC_SetPriority
                0x08003934       0x34 ./Drivers/STM32G4xx_HAL_Driver/Src/stm32g4xx_hal_cortex.o
                0x08003934                HAL_NVIC_SetPriority
 .text.HAL_NVIC_EnableIRQ
                0x08003968       0x1c ./Drivers/STM32G4xx_HAL_Driver/Src/stm32g4xx_hal_cortex.o
                0x08003968                HAL_NVIC_EnableIRQ
 .text.HAL_FDCAN_Init
                0x08003984      0x2b4 ./Drivers/STM32G4xx_HAL_Driver/Src/stm32g4xx_hal_fdcan.o
                0x08003984                HAL_FDCAN_Init
 .text.HAL_FDCAN_Start
                0x08003c38       0x50 ./Drivers/STM32G4xx_HAL_Driver/Src/stm32g4xx_hal_fdcan.o
                0x08003c38                HAL_FDCAN_Start
 .text.HAL_FDCAN_AddMessageToTxFifoQ
                0x08003c88       0x88 ./Drivers/STM32G4xx_HAL_Driver/Src/stm32g4xx_hal_fdcan.o
                0x08003c88                HAL_FDCAN_AddMessageToTxFifoQ
 .text.FDCAN_CalcultateRamBlockAddresses
                0x08003d10       0xc4 ./Drivers/STM32G4xx_HAL_Driver/Src/stm32g4xx_hal_fdcan.o
 .text.FDCAN_CopyMessageToRAM
                0x08003dd4       0xf8 ./Drivers/STM32G4xx_HAL_Driver/Src/stm32g4xx_hal_fdcan.o
 .text.HAL_GPIO_Init
                0x08003ecc      0x304 ./Drivers/STM32G4xx_HAL_Driver/Src/stm32g4xx_hal_gpio.o
                0x08003ecc                HAL_GPIO_Init
 .text.HAL_GPIO_WritePin
                0x080041d0       0x30 ./Drivers/STM32G4xx_HAL_Driver/Src/stm32g4xx_hal_gpio.o
                0x080041d0                HAL_GPIO_WritePin
 .text.HAL_GPIO_TogglePin
                0x08004200       0x34 ./Drivers/STM32G4xx_HAL_Driver/Src/stm32g4xx_hal_gpio.o
                0x08004200                HAL_GPIO_TogglePin
 .text.HAL_PCD_Init
                0x08004234      0x19c ./Drivers/STM32G4xx_HAL_Driver/Src/stm32g4xx_hal_pcd.o
                0x08004234                HAL_PCD_Init
 .text.HAL_PCD_Start
                0x080043d0       0x44 ./Drivers/STM32G4xx_HAL_Driver/Src/stm32g4xx_hal_pcd.o
                0x080043d0                HAL_PCD_Start
 .text.HAL_PCD_IRQHandler
                0x08004414      0x24e ./Drivers/STM32G4xx_HAL_Driver/Src/stm32g4xx_hal_pcd.o
                0x08004414                HAL_PCD_IRQHandler
 .text.HAL_PCD_SetAddress
                0x08004662       0x48 ./Drivers/STM32G4xx_HAL_Driver/Src/stm32g4xx_hal_pcd.o
                0x08004662                HAL_PCD_SetAddress
 .text.HAL_PCD_EP_Open
                0x080046aa       0xbe ./Drivers/STM32G4xx_HAL_Driver/Src/stm32g4xx_hal_pcd.o
                0x080046aa                HAL_PCD_EP_Open
 .text.HAL_PCD_EP_Close
                0x08004768       0x90 ./Drivers/STM32G4xx_HAL_Driver/Src/stm32g4xx_hal_pcd.o
                0x08004768                HAL_PCD_EP_Close
 .text.HAL_PCD_EP_Receive
                0x080047f8       0x62 ./Drivers/STM32G4xx_HAL_Driver/Src/stm32g4xx_hal_pcd.o
                0x080047f8                HAL_PCD_EP_Receive
 .text.HAL_PCD_EP_GetRxCount
                0x0800485a       0x30 ./Drivers/STM32G4xx_HAL_Driver/Src/stm32g4xx_hal_pcd.o
                0x0800485a                HAL_PCD_EP_GetRxCount
 .text.HAL_PCD_EP_Transmit
                0x0800488a       0x6e ./Drivers/STM32G4xx_HAL_Driver/Src/stm32g4xx_hal_pcd.o
                0x0800488a                HAL_PCD_EP_Transmit
 .text.HAL_PCD_EP_SetStall
                0x080048f8       0xa4 ./Drivers/STM32G4xx_HAL_Driver/Src/stm32g4xx_hal_pcd.o
                0x080048f8                HAL_PCD_EP_SetStall
 .text.HAL_PCD_EP_ClrStall
                0x0800499c       0xa8 ./Drivers/STM32G4xx_HAL_Driver/Src/stm32g4xx_hal_pcd.o
                0x0800499c                HAL_PCD_EP_ClrStall
 .text.PCD_EP_ISR_Handler
                0x08004a44      0x68e ./Drivers/STM32G4xx_HAL_Driver/Src/stm32g4xx_hal_pcd.o
 .text.HAL_PCD_EP_DB_Receive
                0x080050d2      0x212 ./Drivers/STM32G4xx_HAL_Driver/Src/stm32g4xx_hal_pcd.o
 .text.HAL_PCD_EP_DB_Transmit
                0x080052e4      0x878 ./Drivers/STM32G4xx_HAL_Driver/Src/stm32g4xx_hal_pcd.o
 .text.HAL_PCDEx_PMAConfig
                0x08005b5c       0x86 ./Drivers/STM32G4xx_HAL_Driver/Src/stm32g4xx_hal_pcd_ex.o
                0x08005b5c                HAL_PCDEx_PMAConfig
 .text.HAL_PCDEx_ActivateLPM
                0x08005be2       0x54 ./Drivers/STM32G4xx_HAL_Driver/Src/stm32g4xx_hal_pcd_ex.o
                0x08005be2                HAL_PCDEx_ActivateLPM
 *fill*         0x08005c36        0x2 
 .text.HAL_PWREx_ControlVoltageScaling
                0x08005c38      0x148 ./Drivers/STM32G4xx_HAL_Driver/Src/stm32g4xx_hal_pwr_ex.o
                0x08005c38                HAL_PWREx_ControlVoltageScaling
 .text.HAL_PWREx_DisableUCPDDeadBattery
                0x08005d80       0x20 ./Drivers/STM32G4xx_HAL_Driver/Src/stm32g4xx_hal_pwr_ex.o
                0x08005d80                HAL_PWREx_DisableUCPDDeadBattery
 .text.HAL_RCC_OscConfig
                0x08005da0      0x624 ./Drivers/STM32G4xx_HAL_Driver/Src/stm32g4xx_hal_rcc.o
                0x08005da0                HAL_RCC_OscConfig
 .text.HAL_RCC_ClockConfig
                0x080063c4      0x278 ./Drivers/STM32G4xx_HAL_Driver/Src/stm32g4xx_hal_rcc.o
                0x080063c4                HAL_RCC_ClockConfig
 .text.HAL_RCC_GetSysClockFreq
                0x0800663c       0xc4 ./Drivers/STM32G4xx_HAL_Driver/Src/stm32g4xx_hal_rcc.o
                0x0800663c                HAL_RCC_GetSysClockFreq
 .text.HAL_RCC_GetHCLKFreq
                0x08006700       0x18 ./Drivers/STM32G4xx_HAL_Driver/Src/stm32g4xx_hal_rcc.o
                0x08006700                HAL_RCC_GetHCLKFreq
 .text.HAL_RCC_GetPCLK2Freq
                0x08006718       0x2c ./Drivers/STM32G4xx_HAL_Driver/Src/stm32g4xx_hal_rcc.o
                0x08006718                HAL_RCC_GetPCLK2Freq
 .text.HAL_RCC_GetClockConfig
                0x08006744       0x64 ./Drivers/STM32G4xx_HAL_Driver/Src/stm32g4xx_hal_rcc.o
                0x08006744                HAL_RCC_GetClockConfig
 .text.RCC_GetSysClockFreqFromPLLSource
                0x080067a8       0x8c ./Drivers/STM32G4xx_HAL_Driver/Src/stm32g4xx_hal_rcc.o
 .text.HAL_RCCEx_PeriphCLKConfig
                0x08006834      0x478 ./Drivers/STM32G4xx_HAL_Driver/Src/stm32g4xx_hal_rcc_ex.o
                0x08006834                HAL_RCCEx_PeriphCLKConfig
 .text.HAL_SPI_Init
                0x08006cac      0x156 ./Drivers/STM32G4xx_HAL_Driver/Src/stm32g4xx_hal_spi.o
                0x08006cac                HAL_SPI_Init
 .text.HAL_SPI_Transmit
                0x08006e02      0x2ec ./Drivers/STM32G4xx_HAL_Driver/Src/stm32g4xx_hal_spi.o
                0x08006e02                HAL_SPI_Transmit
 .text.HAL_SPI_TransmitReceive
                0x080070ee      0x43e ./Drivers/STM32G4xx_HAL_Driver/Src/stm32g4xx_hal_spi.o
                0x080070ee                HAL_SPI_TransmitReceive
 .text.SPI_WaitFlagStateUntilTimeout
                0x0800752c      0x110 ./Drivers/STM32G4xx_HAL_Driver/Src/stm32g4xx_hal_spi.o
 .text.SPI_WaitFifoStateUntilTimeout
                0x0800763c      0x12c ./Drivers/STM32G4xx_HAL_Driver/Src/stm32g4xx_hal_spi.o
 .text.SPI_EndRxTxTransaction
                0x08007768       0x8c ./Drivers/STM32G4xx_HAL_Driver/Src/stm32g4xx_hal_spi.o
 .text.HAL_TIM_Base_Init
                0x080077f4       0xae ./Drivers/STM32G4xx_HAL_Driver/Src/stm32g4xx_hal_tim.o
                0x080077f4                HAL_TIM_Base_Init
 .text.HAL_TIM_Base_MspInit
                0x080078a2       0x14 ./Drivers/STM32G4xx_HAL_Driver/Src/stm32g4xx_hal_tim.o
                0x080078a2                HAL_TIM_Base_MspInit
 *fill*         0x080078b6        0x2 
 .text.HAL_TIM_Base_Start_IT
                0x080078b8       0xe0 ./Drivers/STM32G4xx_HAL_Driver/Src/stm32g4xx_hal_tim.o
                0x080078b8                HAL_TIM_Base_Start_IT
 .text.HAL_TIM_IRQHandler
                0x08007998      0x29e ./Drivers/STM32G4xx_HAL_Driver/Src/stm32g4xx_hal_tim.o
                0x08007998                HAL_TIM_IRQHandler
 .text.HAL_TIM_OC_DelayElapsedCallback
                0x08007c36       0x14 ./Drivers/STM32G4xx_HAL_Driver/Src/stm32g4xx_hal_tim.o
                0x08007c36                HAL_TIM_OC_DelayElapsedCallback
 .text.HAL_TIM_IC_CaptureCallback
                0x08007c4a       0x14 ./Drivers/STM32G4xx_HAL_Driver/Src/stm32g4xx_hal_tim.o
                0x08007c4a                HAL_TIM_IC_CaptureCallback
 .text.HAL_TIM_PWM_PulseFinishedCallback
                0x08007c5e       0x14 ./Drivers/STM32G4xx_HAL_Driver/Src/stm32g4xx_hal_tim.o
                0x08007c5e                HAL_TIM_PWM_PulseFinishedCallback
 .text.HAL_TIM_TriggerCallback
                0x08007c72       0x14 ./Drivers/STM32G4xx_HAL_Driver/Src/stm32g4xx_hal_tim.o
                0x08007c72                HAL_TIM_TriggerCallback
 *fill*         0x08007c86        0x2 
 .text.TIM_Base_SetConfig
                0x08007c88      0x154 ./Drivers/STM32G4xx_HAL_Driver/Src/stm32g4xx_hal_tim.o
                0x08007c88                TIM_Base_SetConfig
 .text.HAL_TIMEx_CommutCallback
                0x08007ddc       0x14 ./Drivers/STM32G4xx_HAL_Driver/Src/stm32g4xx_hal_tim_ex.o
                0x08007ddc                HAL_TIMEx_CommutCallback
 .text.HAL_TIMEx_BreakCallback
                0x08007df0       0x14 ./Drivers/STM32G4xx_HAL_Driver/Src/stm32g4xx_hal_tim_ex.o
                0x08007df0                HAL_TIMEx_BreakCallback
 .text.HAL_TIMEx_Break2Callback
                0x08007e04       0x14 ./Drivers/STM32G4xx_HAL_Driver/Src/stm32g4xx_hal_tim_ex.o
                0x08007e04                HAL_TIMEx_Break2Callback
 .text.HAL_TIMEx_EncoderIndexCallback
                0x08007e18       0x14 ./Drivers/STM32G4xx_HAL_Driver/Src/stm32g4xx_hal_tim_ex.o
                0x08007e18                HAL_TIMEx_EncoderIndexCallback
 .text.HAL_TIMEx_DirectionChangeCallback
                0x08007e2c       0x14 ./Drivers/STM32G4xx_HAL_Driver/Src/stm32g4xx_hal_tim_ex.o
                0x08007e2c                HAL_TIMEx_DirectionChangeCallback
 .text.HAL_TIMEx_IndexErrorCallback
                0x08007e40       0x14 ./Drivers/STM32G4xx_HAL_Driver/Src/stm32g4xx_hal_tim_ex.o
                0x08007e40                HAL_TIMEx_IndexErrorCallback
 .text.HAL_TIMEx_TransitionErrorCallback
                0x08007e54       0x14 ./Drivers/STM32G4xx_HAL_Driver/Src/stm32g4xx_hal_tim_ex.o
                0x08007e54                HAL_TIMEx_TransitionErrorCallback
 .text.USB_EnableGlobalInt
                0x08007e68       0x2e ./Drivers/STM32G4xx_HAL_Driver/Src/stm32g4xx_ll_usb.o
                0x08007e68                USB_EnableGlobalInt
 .text.USB_DisableGlobalInt
                0x08007e96       0x36 ./Drivers/STM32G4xx_HAL_Driver/Src/stm32g4xx_ll_usb.o
                0x08007e96                USB_DisableGlobalInt
 .text.USB_DevInit
                0x08007ecc       0x3c ./Drivers/STM32G4xx_HAL_Driver/Src/stm32g4xx_ll_usb.o
                0x08007ecc                USB_DevInit
 .text.USB_ActivateEndpoint
                0x08007f08      0x9d0 ./Drivers/STM32G4xx_HAL_Driver/Src/stm32g4xx_ll_usb.o
                0x08007f08                USB_ActivateEndpoint
 .text.USB_DeactivateEndpoint
                0x080088d8      0x3da ./Drivers/STM32G4xx_HAL_Driver/Src/stm32g4xx_ll_usb.o
                0x080088d8                USB_DeactivateEndpoint
 .text.USB_EPStartXfer
                0x08008cb2      0xb5e ./Drivers/STM32G4xx_HAL_Driver/Src/stm32g4xx_ll_usb.o
                0x08008cb2                USB_EPStartXfer
 .text.USB_EPSetStall
                0x08009810       0xa2 ./Drivers/STM32G4xx_HAL_Driver/Src/stm32g4xx_ll_usb.o
                0x08009810                USB_EPSetStall
 .text.USB_EPClearStall
                0x080098b2      0x152 ./Drivers/STM32G4xx_HAL_Driver/Src/stm32g4xx_ll_usb.o
                0x080098b2                USB_EPClearStall
 .text.USB_SetDevAddress
                0x08009a04       0x28 ./Drivers/STM32G4xx_HAL_Driver/Src/stm32g4xx_ll_usb.o
                0x08009a04                USB_SetDevAddress
 .text.USB_DevConnect
                0x08009a2c       0x2e ./Drivers/STM32G4xx_HAL_Driver/Src/stm32g4xx_ll_usb.o
                0x08009a2c                USB_DevConnect
 .text.USB_ReadInterrupts
                0x08009a5a       0x20 ./Drivers/STM32G4xx_HAL_Driver/Src/stm32g4xx_ll_usb.o
                0x08009a5a                USB_ReadInterrupts
 .text.USB_WritePMA
                0x08009a7a       0x84 ./Drivers/STM32G4xx_HAL_Driver/Src/stm32g4xx_ll_usb.o
                0x08009a7a                USB_WritePMA
 .text.USB_ReadPMA
                0x08009afe       0x98 ./Drivers/STM32G4xx_HAL_Driver/Src/stm32g4xx_ll_usb.o
                0x08009afe                USB_ReadPMA
 .text.USBD_CDC_Init
                0x08009b96       0xfe ./Middlewares/ST/STM32_USB_Device_Library/Class/CDC/Src/usbd_cdc.o
 .text.USBD_CDC_DeInit
                0x08009c94       0x74 ./Middlewares/ST/STM32_USB_Device_Library/Class/CDC/Src/usbd_cdc.o
 .text.USBD_CDC_Setup
                0x08009d08      0x190 ./Middlewares/ST/STM32_USB_Device_Library/Class/CDC/Src/usbd_cdc.o
 .text.USBD_CDC_DataIn
                0x08009e98       0xca ./Middlewares/ST/STM32_USB_Device_Library/Class/CDC/Src/usbd_cdc.o
 .text.USBD_CDC_DataOut
                0x08009f62       0x56 ./Middlewares/ST/STM32_USB_Device_Library/Class/CDC/Src/usbd_cdc.o
 .text.USBD_CDC_EP0_RxReady
                0x08009fb8       0x58 ./Middlewares/ST/STM32_USB_Device_Library/Class/CDC/Src/usbd_cdc.o
 .text.USBD_CDC_GetFSCfgDesc
                0x0800a010       0x20 ./Middlewares/ST/STM32_USB_Device_Library/Class/CDC/Src/usbd_cdc.o
 .text.USBD_CDC_GetHSCfgDesc
                0x0800a030       0x20 ./Middlewares/ST/STM32_USB_Device_Library/Class/CDC/Src/usbd_cdc.o
 .text.USBD_CDC_GetOtherSpeedCfgDesc
                0x0800a050       0x20 ./Middlewares/ST/STM32_USB_Device_Library/Class/CDC/Src/usbd_cdc.o
 .text.USBD_CDC_GetDeviceQualifierDescriptor
                0x0800a070       0x20 ./Middlewares/ST/STM32_USB_Device_Library/Class/CDC/Src/usbd_cdc.o
                0x0800a070                USBD_CDC_GetDeviceQualifierDescriptor
 .text.USBD_CDC_RegisterInterface
                0x0800a090       0x2a ./Middlewares/ST/STM32_USB_Device_Library/Class/CDC/Src/usbd_cdc.o
                0x0800a090                USBD_CDC_RegisterInterface
 .text.USBD_CDC_SetTxBuffer
                0x0800a0ba       0x3c ./Middlewares/ST/STM32_USB_Device_Library/Class/CDC/Src/usbd_cdc.o
                0x0800a0ba                USBD_CDC_SetTxBuffer
 .text.USBD_CDC_SetRxBuffer
                0x0800a0f6       0x32 ./Middlewares/ST/STM32_USB_Device_Library/Class/CDC/Src/usbd_cdc.o
                0x0800a0f6                USBD_CDC_SetRxBuffer
 .text.USBD_CDC_TransmitPacket
                0x0800a128       0x60 ./Middlewares/ST/STM32_USB_Device_Library/Class/CDC/Src/usbd_cdc.o
                0x0800a128                USBD_CDC_TransmitPacket
 .text.USBD_CDC_ReceivePacket
                0x0800a188       0x54 ./Middlewares/ST/STM32_USB_Device_Library/Class/CDC/Src/usbd_cdc.o
                0x0800a188                USBD_CDC_ReceivePacket
 .text.USBD_Init
                0x0800a1dc       0x60 ./Middlewares/ST/STM32_USB_Device_Library/Core/Src/usbd_core.o
                0x0800a1dc                USBD_Init
 .text.USBD_RegisterClass
                0x0800a23c       0x4e ./Middlewares/ST/STM32_USB_Device_Library/Core/Src/usbd_core.o
                0x0800a23c                USBD_RegisterClass
 .text.USBD_Start
                0x0800a28a       0x18 ./Middlewares/ST/STM32_USB_Device_Library/Core/Src/usbd_core.o
                0x0800a28a                USBD_Start
 .text.USBD_RunTestMode
                0x0800a2a2       0x16 ./Middlewares/ST/STM32_USB_Device_Library/Core/Src/usbd_core.o
                0x0800a2a2                USBD_RunTestMode
 .text.USBD_SetClassConfig
                0x0800a2b8       0x38 ./Middlewares/ST/STM32_USB_Device_Library/Core/Src/usbd_core.o
                0x0800a2b8                USBD_SetClassConfig
 .text.USBD_ClrClassConfig
                0x0800a2f0       0x30 ./Middlewares/ST/STM32_USB_Device_Library/Core/Src/usbd_core.o
                0x0800a2f0                USBD_ClrClassConfig
 .text.USBD_LL_SetupStage
                0x0800a320       0xaa ./Middlewares/ST/STM32_USB_Device_Library/Core/Src/usbd_core.o
                0x0800a320                USBD_LL_SetupStage
 .text.USBD_LL_DataOutStage
                0x0800a3ca       0xc6 ./Middlewares/ST/STM32_USB_Device_Library/Core/Src/usbd_core.o
                0x0800a3ca                USBD_LL_DataOutStage
 .text.USBD_LL_DataInStage
                0x0800a490      0x12c ./Middlewares/ST/STM32_USB_Device_Library/Core/Src/usbd_core.o
                0x0800a490                USBD_LL_DataInStage
 .text.USBD_LL_Reset
                0x0800a5bc       0x9c ./Middlewares/ST/STM32_USB_Device_Library/Core/Src/usbd_core.o
                0x0800a5bc                USBD_LL_Reset
 .text.USBD_LL_SetSpeed
                0x0800a658       0x20 ./Middlewares/ST/STM32_USB_Device_Library/Core/Src/usbd_core.o
                0x0800a658                USBD_LL_SetSpeed
 .text.USBD_LL_Suspend
                0x0800a678       0x2c ./Middlewares/ST/STM32_USB_Device_Library/Core/Src/usbd_core.o
                0x0800a678                USBD_LL_Suspend
 .text.USBD_LL_Resume
                0x0800a6a4       0x30 ./Middlewares/ST/STM32_USB_Device_Library/Core/Src/usbd_core.o
                0x0800a6a4                USBD_LL_Resume
 .text.USBD_LL_SOF
                0x0800a6d4       0x44 ./Middlewares/ST/STM32_USB_Device_Library/Core/Src/usbd_core.o
                0x0800a6d4                USBD_LL_SOF
 .text.SWAPBYTE
                0x0800a718       0x3c ./Middlewares/ST/STM32_USB_Device_Library/Core/Src/usbd_ctlreq.o
 .text.USBD_StdDevReq
                0x0800a754       0xdc ./Middlewares/ST/STM32_USB_Device_Library/Core/Src/usbd_ctlreq.o
                0x0800a754                USBD_StdDevReq
 .text.USBD_StdItfReq
                0x0800a830       0x92 ./Middlewares/ST/STM32_USB_Device_Library/Core/Src/usbd_ctlreq.o
                0x0800a830                USBD_StdItfReq
 .text.USBD_StdEPReq
                0x0800a8c2      0x2c4 ./Middlewares/ST/STM32_USB_Device_Library/Core/Src/usbd_ctlreq.o
                0x0800a8c2                USBD_StdEPReq
 *fill*         0x0800ab86        0x2 
 .text.USBD_GetDescriptor
                0x0800ab88      0x328 ./Middlewares/ST/STM32_USB_Device_Library/Core/Src/usbd_ctlreq.o
 .text.USBD_SetAddress
                0x0800aeb0       0x88 ./Middlewares/ST/STM32_USB_Device_Library/Core/Src/usbd_ctlreq.o
 .text.USBD_SetConfig
                0x0800af38      0x14c ./Middlewares/ST/STM32_USB_Device_Library/Core/Src/usbd_ctlreq.o
 .text.USBD_GetConfig
                0x0800b084       0x6c ./Middlewares/ST/STM32_USB_Device_Library/Core/Src/usbd_ctlreq.o
 .text.USBD_GetStatus
                0x0800b0f0       0x68 ./Middlewares/ST/STM32_USB_Device_Library/Core/Src/usbd_ctlreq.o
 .text.USBD_SetFeature
                0x0800b158       0x28 ./Middlewares/ST/STM32_USB_Device_Library/Core/Src/usbd_ctlreq.o
 .text.USBD_ClrFeature
                0x0800b180       0x44 ./Middlewares/ST/STM32_USB_Device_Library/Core/Src/usbd_ctlreq.o
 .text.USBD_ParseSetupRequest
                0x0800b1c4       0x74 ./Middlewares/ST/STM32_USB_Device_Library/Core/Src/usbd_ctlreq.o
                0x0800b1c4                USBD_ParseSetupRequest
 .text.USBD_CtlError
                0x0800b238       0x22 ./Middlewares/ST/STM32_USB_Device_Library/Core/Src/usbd_ctlreq.o
                0x0800b238                USBD_CtlError
 .text.USBD_GetString
                0x0800b25a       0x8c ./Middlewares/ST/STM32_USB_Device_Library/Core/Src/usbd_ctlreq.o
                0x0800b25a                USBD_GetString
 .text.USBD_GetLen
                0x0800b2e6       0x34 ./Middlewares/ST/STM32_USB_Device_Library/Core/Src/usbd_ctlreq.o
 .text.USBD_CtlSendData
                0x0800b31a       0x36 ./Middlewares/ST/STM32_USB_Device_Library/Core/Src/usbd_ioreq.o
                0x0800b31a                USBD_CtlSendData
 .text.USBD_CtlContinueSendData
                0x0800b350       0x22 ./Middlewares/ST/STM32_USB_Device_Library/Core/Src/usbd_ioreq.o
                0x0800b350                USBD_CtlContinueSendData
 .text.USBD_CtlPrepareRx
                0x0800b372       0x3a ./Middlewares/ST/STM32_USB_Device_Library/Core/Src/usbd_ioreq.o
                0x0800b372                USBD_CtlPrepareRx
 .text.USBD_CtlContinueRx
                0x0800b3ac       0x22 ./Middlewares/ST/STM32_USB_Device_Library/Core/Src/usbd_ioreq.o
                0x0800b3ac                USBD_CtlContinueRx
 .text.USBD_CtlSendStatus
                0x0800b3ce       0x26 ./Middlewares/ST/STM32_USB_Device_Library/Core/Src/usbd_ioreq.o
                0x0800b3ce                USBD_CtlSendStatus
 .text.USBD_CtlReceiveStatus
                0x0800b3f4       0x26 ./Middlewares/ST/STM32_USB_Device_Library/Core/Src/usbd_ioreq.o
                0x0800b3f4                USBD_CtlReceiveStatus
 *fill*         0x0800b41a        0x2 
 .text.__NVIC_SetPriority
                0x0800b41c       0x54 ./Middlewares/Third_Party/FreeRTOS/Source/CMSIS_RTOS_V2/cmsis_os2.o
 .text.SysTick_Handler
                0x0800b470       0x20 ./Middlewares/Third_Party/FreeRTOS/Source/CMSIS_RTOS_V2/cmsis_os2.o
                0x0800b470                SysTick_Handler
 .text.SVC_Setup
                0x0800b490       0x12 ./Middlewares/Third_Party/FreeRTOS/Source/CMSIS_RTOS_V2/cmsis_os2.o
 *fill*         0x0800b4a2        0x2 
 .text.osKernelInitialize
                0x0800b4a4       0x48 ./Middlewares/Third_Party/FreeRTOS/Source/CMSIS_RTOS_V2/cmsis_os2.o
                0x0800b4a4                osKernelInitialize
 .text.osKernelStart
                0x0800b4ec       0x4c ./Middlewares/Third_Party/FreeRTOS/Source/CMSIS_RTOS_V2/cmsis_os2.o
                0x0800b4ec                osKernelStart
 .text.osKernelGetTickCount
                0x0800b538       0x2a ./Middlewares/Third_Party/FreeRTOS/Source/CMSIS_RTOS_V2/cmsis_os2.o
                0x0800b538                osKernelGetTickCount
 .text.osThreadNew
                0x0800b562      0x124 ./Middlewares/Third_Party/FreeRTOS/Source/CMSIS_RTOS_V2/cmsis_os2.o
                0x0800b562                osThreadNew
 .text.osDelay  0x0800b686       0x36 ./Middlewares/Third_Party/FreeRTOS/Source/CMSIS_RTOS_V2/cmsis_os2.o
                0x0800b686                osDelay
 .text.osDelayUntil
                0x0800b6bc       0x5a ./Middlewares/Third_Party/FreeRTOS/Source/CMSIS_RTOS_V2/cmsis_os2.o
                0x0800b6bc                osDelayUntil
 .text.osMutexNew
                0x0800b716      0x10c ./Middlewares/Third_Party/FreeRTOS/Source/CMSIS_RTOS_V2/cmsis_os2.o
                0x0800b716                osMutexNew
 .text.osMutexAcquire
                0x0800b822       0x96 ./Middlewares/Third_Party/FreeRTOS/Source/CMSIS_RTOS_V2/cmsis_os2.o
                0x0800b822                osMutexAcquire
 .text.osMutexRelease
                0x0800b8b8       0x7a ./Middlewares/Third_Party/FreeRTOS/Source/CMSIS_RTOS_V2/cmsis_os2.o
                0x0800b8b8                osMutexRelease
 .text.osMessageQueueNew
                0x0800b932       0xe6 ./Middlewares/Third_Party/FreeRTOS/Source/CMSIS_RTOS_V2/cmsis_os2.o
                0x0800b932                osMessageQueueNew
 .text.osMessageQueuePut
                0x0800ba18       0xc0 ./Middlewares/Third_Party/FreeRTOS/Source/CMSIS_RTOS_V2/cmsis_os2.o
                0x0800ba18                osMessageQueuePut
 .text.osMessageQueueGet
                0x0800bad8       0xbc ./Middlewares/Third_Party/FreeRTOS/Source/CMSIS_RTOS_V2/cmsis_os2.o
                0x0800bad8                osMessageQueueGet
 .text.vApplicationGetIdleTaskMemory
                0x0800bb94       0x34 ./Middlewares/Third_Party/FreeRTOS/Source/CMSIS_RTOS_V2/cmsis_os2.o
                0x0800bb94                vApplicationGetIdleTaskMemory
 .text.vApplicationGetTimerTaskMemory
                0x0800bbc8       0x34 ./Middlewares/Third_Party/FreeRTOS/Source/CMSIS_RTOS_V2/cmsis_os2.o
                0x0800bbc8                vApplicationGetTimerTaskMemory
 .text.vListInitialise
                0x0800bbfc       0x40 ./Middlewares/Third_Party/FreeRTOS/Source/list.o
                0x0800bbfc                vListInitialise
 .text.vListInitialiseItem
                0x0800bc3c       0x1a ./Middlewares/Third_Party/FreeRTOS/Source/list.o
                0x0800bc3c                vListInitialiseItem
 .text.vListInsertEnd
                0x0800bc56       0x48 ./Middlewares/Third_Party/FreeRTOS/Source/list.o
                0x0800bc56                vListInsertEnd
 .text.vListInsert
                0x0800bc9e       0x72 ./Middlewares/Third_Party/FreeRTOS/Source/list.o
                0x0800bc9e                vListInsert
 .text.uxListRemove
                0x0800bd10       0x54 ./Middlewares/Third_Party/FreeRTOS/Source/list.o
                0x0800bd10                uxListRemove
 .text.xQueueGenericReset
                0x0800bd64       0xd4 ./Middlewares/Third_Party/FreeRTOS/Source/queue.o
                0x0800bd64                xQueueGenericReset
 .text.xQueueGenericCreateStatic
                0x0800be38       0xfa ./Middlewares/Third_Party/FreeRTOS/Source/queue.o
                0x0800be38                xQueueGenericCreateStatic
 .text.xQueueGenericCreate
                0x0800bf32       0x76 ./Middlewares/Third_Party/FreeRTOS/Source/queue.o
                0x0800bf32                xQueueGenericCreate
 .text.prvInitialiseNewQueue
                0x0800bfa8       0x46 ./Middlewares/Third_Party/FreeRTOS/Source/queue.o
 .text.prvInitialiseMutex
                0x0800bfee       0x34 ./Middlewares/Third_Party/FreeRTOS/Source/queue.o
 .text.xQueueCreateMutex
                0x0800c022       0x30 ./Middlewares/Third_Party/FreeRTOS/Source/queue.o
                0x0800c022                xQueueCreateMutex
 .text.xQueueCreateMutexStatic
                0x0800c052       0x36 ./Middlewares/Third_Party/FreeRTOS/Source/queue.o
                0x0800c052                xQueueCreateMutexStatic
 .text.xQueueGiveMutexRecursive
                0x0800c088       0x6a ./Middlewares/Third_Party/FreeRTOS/Source/queue.o
                0x0800c088                xQueueGiveMutexRecursive
 .text.xQueueTakeMutexRecursive
                0x0800c0f2       0x6e ./Middlewares/Third_Party/FreeRTOS/Source/queue.o
                0x0800c0f2                xQueueTakeMutexRecursive
 .text.xQueueGenericSend
                0x0800c160      0x204 ./Middlewares/Third_Party/FreeRTOS/Source/queue.o
                0x0800c160                xQueueGenericSend
 .text.xQueueGenericSendFromISR
                0x0800c364      0x13c ./Middlewares/Third_Party/FreeRTOS/Source/queue.o
                0x0800c364                xQueueGenericSendFromISR
 .text.xQueueReceive
                0x0800c4a0      0x1c4 ./Middlewares/Third_Party/FreeRTOS/Source/queue.o
                0x0800c4a0                xQueueReceive
 .text.xQueueSemaphoreTake
                0x0800c664      0x220 ./Middlewares/Third_Party/FreeRTOS/Source/queue.o
                0x0800c664                xQueueSemaphoreTake
 .text.xQueueReceiveFromISR
                0x0800c884      0x104 ./Middlewares/Third_Party/FreeRTOS/Source/queue.o
                0x0800c884                xQueueReceiveFromISR
 .text.prvGetDisinheritPriorityAfterTimeout
                0x0800c988       0x30 ./Middlewares/Third_Party/FreeRTOS/Source/queue.o
 .text.prvCopyDataToQueue
                0x0800c9b8       0xd4 ./Middlewares/Third_Party/FreeRTOS/Source/queue.o
 .text.prvCopyDataFromQueue
                0x0800ca8c       0x4c ./Middlewares/Third_Party/FreeRTOS/Source/queue.o
 .text.prvUnlockQueue
                0x0800cad8       0xa4 ./Middlewares/Third_Party/FreeRTOS/Source/queue.o
 .text.prvIsQueueEmpty
                0x0800cb7c       0x2c ./Middlewares/Third_Party/FreeRTOS/Source/queue.o
 .text.prvIsQueueFull
                0x0800cba8       0x30 ./Middlewares/Third_Party/FreeRTOS/Source/queue.o
 .text.vQueueAddToRegistry
                0x0800cbd8       0x54 ./Middlewares/Third_Party/FreeRTOS/Source/queue.o
                0x0800cbd8                vQueueAddToRegistry
 .text.vQueueWaitForMessageRestricted
                0x0800cc2c       0x68 ./Middlewares/Third_Party/FreeRTOS/Source/queue.o
                0x0800cc2c                vQueueWaitForMessageRestricted
 .text.xTaskCreateStatic
                0x0800cc94       0xc0 ./Middlewares/Third_Party/FreeRTOS/Source/tasks.o
                0x0800cc94                xTaskCreateStatic
 .text.xTaskCreate
                0x0800cd54       0x8a ./Middlewares/Third_Party/FreeRTOS/Source/tasks.o
                0x0800cd54                xTaskCreate
 *fill*         0x0800cdde        0x2 
 .text.prvInitialiseNewTask
                0x0800cde0      0x150 ./Middlewares/Third_Party/FreeRTOS/Source/tasks.o
 .text.prvAddNewTaskToReadyList
                0x0800cf30       0xe0 ./Middlewares/Third_Party/FreeRTOS/Source/tasks.o
 .text.vTaskDelayUntil
                0x0800d010      0x100 ./Middlewares/Third_Party/FreeRTOS/Source/tasks.o
                0x0800d010                vTaskDelayUntil
 .text.vTaskDelay
                0x0800d110       0x6c ./Middlewares/Third_Party/FreeRTOS/Source/tasks.o
                0x0800d110                vTaskDelay
 .text.vTaskStartScheduler
                0x0800d17c       0xe0 ./Middlewares/Third_Party/FreeRTOS/Source/tasks.o
                0x0800d17c                vTaskStartScheduler
 .text.vTaskSuspendAll
                0x0800d25c       0x1c ./Middlewares/Third_Party/FreeRTOS/Source/tasks.o
                0x0800d25c                vTaskSuspendAll
 .text.xTaskResumeAll
                0x0800d278      0x13c ./Middlewares/Third_Party/FreeRTOS/Source/tasks.o
                0x0800d278                xTaskResumeAll
 .text.xTaskGetTickCount
                0x0800d3b4       0x20 ./Middlewares/Third_Party/FreeRTOS/Source/tasks.o
                0x0800d3b4                xTaskGetTickCount
 .text.xTaskGetTickCountFromISR
                0x0800d3d4       0x24 ./Middlewares/Third_Party/FreeRTOS/Source/tasks.o
                0x0800d3d4                xTaskGetTickCountFromISR
 .text.xTaskIncrementTick
                0x0800d3f8      0x174 ./Middlewares/Third_Party/FreeRTOS/Source/tasks.o
                0x0800d3f8                xTaskIncrementTick
 .text.vTaskSwitchContext
                0x0800d56c       0xcc ./Middlewares/Third_Party/FreeRTOS/Source/tasks.o
                0x0800d56c                vTaskSwitchContext
 .text.vTaskPlaceOnEventList
                0x0800d638       0x4c ./Middlewares/Third_Party/FreeRTOS/Source/tasks.o
                0x0800d638                vTaskPlaceOnEventList
 .text.vTaskPlaceOnEventListRestricted
                0x0800d684       0x58 ./Middlewares/Third_Party/FreeRTOS/Source/tasks.o
                0x0800d684                vTaskPlaceOnEventListRestricted
 .text.xTaskRemoveFromEventList
                0x0800d6dc       0xc8 ./Middlewares/Third_Party/FreeRTOS/Source/tasks.o
                0x0800d6dc                xTaskRemoveFromEventList
 .text.vTaskInternalSetTimeOutState
                0x0800d7a4       0x2c ./Middlewares/Third_Party/FreeRTOS/Source/tasks.o
                0x0800d7a4                vTaskInternalSetTimeOutState
 .text.xTaskCheckForTimeOut
                0x0800d7d0       0xc8 ./Middlewares/Third_Party/FreeRTOS/Source/tasks.o
                0x0800d7d0                xTaskCheckForTimeOut
 .text.vTaskMissedYield
                0x0800d898       0x18 ./Middlewares/Third_Party/FreeRTOS/Source/tasks.o
                0x0800d898                vTaskMissedYield
 .text.prvIdleTask
                0x0800d8b0       0x30 ./Middlewares/Third_Party/FreeRTOS/Source/tasks.o
 .text.prvInitialiseTaskLists
                0x0800d8e0       0x80 ./Middlewares/Third_Party/FreeRTOS/Source/tasks.o
 .text.prvCheckTasksWaitingTermination
                0x0800d960       0x5c ./Middlewares/Third_Party/FreeRTOS/Source/tasks.o
 .text.prvDeleteTCB
                0x0800d9bc       0x6a ./Middlewares/Third_Party/FreeRTOS/Source/tasks.o
 *fill*         0x0800da26        0x2 
 .text.prvResetNextTaskUnblockTime
                0x0800da28       0x40 ./Middlewares/Third_Party/FreeRTOS/Source/tasks.o
 .text.xTaskGetCurrentTaskHandle
                0x0800da68       0x20 ./Middlewares/Third_Party/FreeRTOS/Source/tasks.o
                0x0800da68                xTaskGetCurrentTaskHandle
 .text.xTaskGetSchedulerState
                0x0800da88       0x3c ./Middlewares/Third_Party/FreeRTOS/Source/tasks.o
                0x0800da88                xTaskGetSchedulerState
 .text.xTaskPriorityInherit
                0x0800dac4       0xd0 ./Middlewares/Third_Party/FreeRTOS/Source/tasks.o
                0x0800dac4                xTaskPriorityInherit
 .text.xTaskPriorityDisinherit
                0x0800db94       0xe0 ./Middlewares/Third_Party/FreeRTOS/Source/tasks.o
                0x0800db94                xTaskPriorityDisinherit
 .text.vTaskPriorityDisinheritAfterTimeout
                0x0800dc74      0x108 ./Middlewares/Third_Party/FreeRTOS/Source/tasks.o
                0x0800dc74                vTaskPriorityDisinheritAfterTimeout
 .text.pvTaskIncrementMutexHeldCount
                0x0800dd7c       0x28 ./Middlewares/Third_Party/FreeRTOS/Source/tasks.o
                0x0800dd7c                pvTaskIncrementMutexHeldCount
 .text.prvAddCurrentTaskToDelayedList
                0x0800dda4       0xa8 ./Middlewares/Third_Party/FreeRTOS/Source/tasks.o
 .text.xTimerCreateTimerTask
                0x0800de4c       0x94 ./Middlewares/Third_Party/FreeRTOS/Source/timers.o
                0x0800de4c                xTimerCreateTimerTask
 .text.xTimerGenericCommand
                0x0800dee0       0x9c ./Middlewares/Third_Party/FreeRTOS/Source/timers.o
                0x0800dee0                xTimerGenericCommand
 .text.prvProcessExpiredTimer
                0x0800df7c       0x9c ./Middlewares/Third_Party/FreeRTOS/Source/timers.o
 .text.prvTimerTask
                0x0800e018       0x26 ./Middlewares/Third_Party/FreeRTOS/Source/timers.o
 *fill*         0x0800e03e        0x2 
 .text.prvProcessTimerOrBlockTask
                0x0800e040       0x9c ./Middlewares/Third_Party/FreeRTOS/Source/timers.o
 .text.prvGetNextExpireTime
                0x0800e0dc       0x48 ./Middlewares/Third_Party/FreeRTOS/Source/timers.o
 .text.prvSampleTimeNow
                0x0800e124       0x40 ./Middlewares/Third_Party/FreeRTOS/Source/timers.o
 .text.prvInsertTimerInActiveList
                0x0800e164       0x84 ./Middlewares/Third_Party/FreeRTOS/Source/timers.o
 .text.prvProcessReceivedCommands
                0x0800e1e8      0x1cc ./Middlewares/Third_Party/FreeRTOS/Source/timers.o
 .text.prvSwitchTimerLists
                0x0800e3b4       0xcc ./Middlewares/Third_Party/FreeRTOS/Source/timers.o
 .text.prvCheckForValidListAndQueue
                0x0800e480       0x80 ./Middlewares/Third_Party/FreeRTOS/Source/timers.o
 .text.pxPortInitialiseStack
                0x0800e500       0x68 ./Middlewares/Third_Party/FreeRTOS/Source/portable/GCC/ARM_CM4F/port.o
                0x0800e500                pxPortInitialiseStack
 .text.prvTaskExitError
                0x0800e568       0x5c ./Middlewares/Third_Party/FreeRTOS/Source/portable/GCC/ARM_CM4F/port.o
 *fill*         0x0800e5c4        0xc 
 .text.SVC_Handler
                0x0800e5d0       0x28 ./Middlewares/Third_Party/FreeRTOS/Source/portable/GCC/ARM_CM4F/port.o
                0x0800e5d0                SVC_Handler
 .text.prvPortStartFirstTask
                0x0800e5f8       0x28 ./Middlewares/Third_Party/FreeRTOS/Source/portable/GCC/ARM_CM4F/port.o
 .text.xPortStartScheduler
                0x0800e620      0x148 ./Middlewares/Third_Party/FreeRTOS/Source/portable/GCC/ARM_CM4F/port.o
                0x0800e620                xPortStartScheduler
 .text.vPortEnterCritical
                0x0800e768       0x64 ./Middlewares/Third_Party/FreeRTOS/Source/portable/GCC/ARM_CM4F/port.o
                0x0800e768                vPortEnterCritical
 .text.vPortExitCritical
                0x0800e7cc       0x54 ./Middlewares/Third_Party/FreeRTOS/Source/portable/GCC/ARM_CM4F/port.o
                0x0800e7cc                vPortExitCritical
 .text.PendSV_Handler
                0x0800e820       0x68 ./Middlewares/Third_Party/FreeRTOS/Source/portable/GCC/ARM_CM4F/port.o
                0x0800e820                PendSV_Handler
 .text.xPortSysTickHandler
                0x0800e888       0x44 ./Middlewares/Third_Party/FreeRTOS/Source/portable/GCC/ARM_CM4F/port.o
                0x0800e888                xPortSysTickHandler
 .text.vPortSetupTimerInterrupt
                0x0800e8cc       0x48 ./Middlewares/Third_Party/FreeRTOS/Source/portable/GCC/ARM_CM4F/port.o
                0x0800e8cc                vPortSetupTimerInterrupt
 .text.vPortEnableVFP
                0x0800e914       0x14 ./Middlewares/Third_Party/FreeRTOS/Source/portable/GCC/ARM_CM4F/port.o
 .text.vPortValidateInterruptPriority
                0x0800e928       0x84 ./Middlewares/Third_Party/FreeRTOS/Source/portable/GCC/ARM_CM4F/port.o
                0x0800e928                vPortValidateInterruptPriority
 .text.pvPortMalloc
                0x0800e9ac      0x19c ./Middlewares/Third_Party/FreeRTOS/Source/portable/MemMang/heap_4.o
                0x0800e9ac                pvPortMalloc
 .text.vPortFree
                0x0800eb48       0xc8 ./Middlewares/Third_Party/FreeRTOS/Source/portable/MemMang/heap_4.o
                0x0800eb48                vPortFree
 .text.prvHeapInit
                0x0800ec10       0xc4 ./Middlewares/Third_Party/FreeRTOS/Source/portable/MemMang/heap_4.o
 .text.prvInsertBlockIntoFreeList
                0x0800ecd4       0xb4 ./Middlewares/Third_Party/FreeRTOS/Source/portable/MemMang/heap_4.o
 .text.MX_USB_Device_Init
                0x0800ed88       0x60 ./USB_Device/App/usb_device.o
                0x0800ed88                MX_USB_Device_Init
 .text.CDC_Init_FS
                0x0800ede8       0x28 ./USB_Device/App/usbd_cdc_if.o
 .text.CDC_DeInit_FS
                0x0800ee10       0x10 ./USB_Device/App/usbd_cdc_if.o
 .text.CDC_Control_FS
                0x0800ee20       0xbc ./USB_Device/App/usbd_cdc_if.o
 .text.CDC_Receive_FS
                0x0800eedc       0x28 ./USB_Device/App/usbd_cdc_if.o
 .text.CDC_Transmit_FS
                0x0800ef04       0x4c ./USB_Device/App/usbd_cdc_if.o
                0x0800ef04                CDC_Transmit_FS
 .text.CDC_TransmitCplt_FS
                0x0800ef50       0x22 ./USB_Device/App/usbd_cdc_if.o
 *fill*         0x0800ef72        0x2 
 .text.USBD_CDC_DeviceDescriptor
                0x0800ef74       0x24 ./USB_Device/App/usbd_desc.o
                0x0800ef74                USBD_CDC_DeviceDescriptor
 .text.USBD_CDC_LangIDStrDescriptor
                0x0800ef98       0x24 ./USB_Device/App/usbd_desc.o
                0x0800ef98                USBD_CDC_LangIDStrDescriptor
 .text.USBD_CDC_ProductStrDescriptor
                0x0800efbc       0x3c ./USB_Device/App/usbd_desc.o
                0x0800efbc                USBD_CDC_ProductStrDescriptor
 .text.USBD_CDC_ManufacturerStrDescriptor
                0x0800eff8       0x28 ./USB_Device/App/usbd_desc.o
                0x0800eff8                USBD_CDC_ManufacturerStrDescriptor
 .text.USBD_CDC_SerialStrDescriptor
                0x0800f020       0x24 ./USB_Device/App/usbd_desc.o
                0x0800f020                USBD_CDC_SerialStrDescriptor
 .text.USBD_CDC_ConfigStrDescriptor
                0x0800f044       0x3c ./USB_Device/App/usbd_desc.o
                0x0800f044                USBD_CDC_ConfigStrDescriptor
 .text.USBD_CDC_InterfaceStrDescriptor
                0x0800f080       0x3c ./USB_Device/App/usbd_desc.o
                0x0800f080                USBD_CDC_InterfaceStrDescriptor
 .text.Get_SerialNum
                0x0800f0bc       0x58 ./USB_Device/App/usbd_desc.o
 .text.IntToUnicode
                0x0800f114       0x7e ./USB_Device/App/usbd_desc.o
 *fill*         0x0800f192        0x2 
 .text.HAL_PCD_MspInit
                0x0800f194       0x78 ./USB_Device/Target/usbd_conf.o
                0x0800f194                HAL_PCD_MspInit
 .text.HAL_PCD_SetupStageCallback
                0x0800f20c       0x24 ./USB_Device/Target/usbd_conf.o
                0x0800f20c                HAL_PCD_SetupStageCallback
 .text.HAL_PCD_DataOutStageCallback
                0x0800f230       0x36 ./USB_Device/Target/usbd_conf.o
                0x0800f230                HAL_PCD_DataOutStageCallback
 .text.HAL_PCD_DataInStageCallback
                0x0800f266       0x34 ./USB_Device/Target/usbd_conf.o
                0x0800f266                HAL_PCD_DataInStageCallback
 .text.HAL_PCD_SOFCallback
                0x0800f29a       0x1c ./USB_Device/Target/usbd_conf.o
                0x0800f29a                HAL_PCD_SOFCallback
 .text.HAL_PCD_ResetCallback
                0x0800f2b6       0x3c ./USB_Device/Target/usbd_conf.o
                0x0800f2b6                HAL_PCD_ResetCallback
 *fill*         0x0800f2f2        0x2 
 .text.HAL_PCD_SuspendCallback
                0x0800f2f4       0x34 ./USB_Device/Target/usbd_conf.o
                0x0800f2f4                HAL_PCD_SuspendCallback
 .text.HAL_PCD_ResumeCallback
                0x0800f328       0x38 ./USB_Device/Target/usbd_conf.o
                0x0800f328                HAL_PCD_ResumeCallback
 .text.USBD_LL_Init
                0x0800f360       0xc0 ./USB_Device/Target/usbd_conf.o
                0x0800f360                USBD_LL_Init
 .text.USBD_LL_Start
                0x0800f420       0x36 ./USB_Device/Target/usbd_conf.o
                0x0800f420                USBD_LL_Start
 .text.USBD_LL_OpenEP
                0x0800f456       0x4c ./USB_Device/Target/usbd_conf.o
                0x0800f456                USBD_LL_OpenEP
 .text.USBD_LL_CloseEP
                0x0800f4a2       0x3e ./USB_Device/Target/usbd_conf.o
                0x0800f4a2                USBD_LL_CloseEP
 .text.USBD_LL_StallEP
                0x0800f4e0       0x3e ./USB_Device/Target/usbd_conf.o
                0x0800f4e0                USBD_LL_StallEP
 .text.USBD_LL_ClearStallEP
                0x0800f51e       0x3e ./USB_Device/Target/usbd_conf.o
                0x0800f51e                USBD_LL_ClearStallEP
 .text.USBD_LL_IsStallEP
                0x0800f55c       0x58 ./USB_Device/Target/usbd_conf.o
                0x0800f55c                USBD_LL_IsStallEP
 .text.USBD_LL_SetUSBAddress
                0x0800f5b4       0x3e ./USB_Device/Target/usbd_conf.o
                0x0800f5b4                USBD_LL_SetUSBAddress
 .text.USBD_LL_Transmit
                0x0800f5f2       0x42 ./USB_Device/Target/usbd_conf.o
                0x0800f5f2                USBD_LL_Transmit
 .text.USBD_LL_PrepareReceive
                0x0800f634       0x42 ./USB_Device/Target/usbd_conf.o
                0x0800f634                USBD_LL_PrepareReceive
 .text.USBD_LL_GetRxDataSize
                0x0800f676       0x26 ./USB_Device/Target/usbd_conf.o
                0x0800f676                USBD_LL_GetRxDataSize
 .text.HAL_PCDEx_LPM_Callback
                0x0800f69c       0x6c ./USB_Device/Target/usbd_conf.o
                0x0800f69c                HAL_PCDEx_LPM_Callback
 .text.USBD_static_malloc
                0x0800f708       0x1c ./USB_Device/Target/usbd_conf.o
                0x0800f708                USBD_static_malloc
 .text.USBD_static_free
                0x0800f724       0x14 ./USB_Device/Target/usbd_conf.o
                0x0800f724                USBD_static_free
 .text.SystemClockConfig_Resume
                0x0800f738        0xc ./USB_Device/Target/usbd_conf.o
 .text.USBD_Get_USB_Status
                0x0800f744       0x58 ./USB_Device/Target/usbd_conf.o
 .text.__cvt    0x0800f79c       0xca /Applications/STM32CubeIDE.app/Contents/Eclipse/plugins/com.st.stm32cube.ide.mcu.externaltools.gnu-tools-for-stm32.12.3.rel1.macos64_1.1.0.202410301201/tools/bin/../lib/gcc/arm-none-eabi/12.3.1/../../../../arm-none-eabi/lib/thumb/v7e-m+fp/hard/libc_nano.a(libc_a-nano-vfprintf_float.o)
                0x0800f79c                __cvt
 .text.__exponent
                0x0800f866       0x74 /Applications/STM32CubeIDE.app/Contents/Eclipse/plugins/com.st.stm32cube.ide.mcu.externaltools.gnu-tools-for-stm32.12.3.rel1.macos64_1.1.0.202410301201/tools/bin/../lib/gcc/arm-none-eabi/12.3.1/../../../../arm-none-eabi/lib/thumb/v7e-m+fp/hard/libc_nano.a(libc_a-nano-vfprintf_float.o)
                0x0800f866                __exponent
 *fill*         0x0800f8da        0x2 
 .text._printf_float
                0x0800f8dc      0x454 /Applications/STM32CubeIDE.app/Contents/Eclipse/plugins/com.st.stm32cube.ide.mcu.externaltools.gnu-tools-for-stm32.12.3.rel1.macos64_1.1.0.202410301201/tools/bin/../lib/gcc/arm-none-eabi/12.3.1/../../../../arm-none-eabi/lib/thumb/v7e-m+fp/hard/libc_nano.a(libc_a-nano-vfprintf_float.o)
                0x0800f8dc                _printf_float
 .text._printf_common
                0x0800fd30       0xda /Applications/STM32CubeIDE.app/Contents/Eclipse/plugins/com.st.stm32cube.ide.mcu.externaltools.gnu-tools-for-stm32.12.3.rel1.macos64_1.1.0.202410301201/tools/bin/../lib/gcc/arm-none-eabi/12.3.1/../../../../arm-none-eabi/lib/thumb/v7e-m+fp/hard/libc_nano.a(libc_a-nano-vfprintf_i.o)
                0x0800fd30                _printf_common
 *fill*         0x0800fe0a        0x2 
 .text._printf_i
                0x0800fe0c      0x240 /Applications/STM32CubeIDE.app/Contents/Eclipse/plugins/com.st.stm32cube.ide.mcu.externaltools.gnu-tools-for-stm32.12.3.rel1.macos64_1.1.0.202410301201/tools/bin/../lib/gcc/arm-none-eabi/12.3.1/../../../../arm-none-eabi/lib/thumb/v7e-m+fp/hard/libc_nano.a(libc_a-nano-vfprintf_i.o)
                0x0800fe0c                _printf_i
 .text.std      0x0801004c       0x6c /Applications/STM32CubeIDE.app/Contents/Eclipse/plugins/com.st.stm32cube.ide.mcu.externaltools.gnu-tools-for-stm32.12.3.rel1.macos64_1.1.0.202410301201/tools/bin/../lib/gcc/arm-none-eabi/12.3.1/../../../../arm-none-eabi/lib/thumb/v7e-m+fp/hard/libc_nano.a(libc_a-findfp.o)
 .text.stdio_exit_handler
                0x080100b8       0x18 /Applications/STM32CubeIDE.app/Contents/Eclipse/plugins/com.st.stm32cube.ide.mcu.externaltools.gnu-tools-for-stm32.12.3.rel1.macos64_1.1.0.202410301201/tools/bin/../lib/gcc/arm-none-eabi/12.3.1/../../../../arm-none-eabi/lib/thumb/v7e-m+fp/hard/libc_nano.a(libc_a-findfp.o)
 .text.cleanup_stdio
                0x080100d0       0x40 /Applications/STM32CubeIDE.app/Contents/Eclipse/plugins/com.st.stm32cube.ide.mcu.externaltools.gnu-tools-for-stm32.12.3.rel1.macos64_1.1.0.202410301201/tools/bin/../lib/gcc/arm-none-eabi/12.3.1/../../../../arm-none-eabi/lib/thumb/v7e-m+fp/hard/libc_nano.a(libc_a-findfp.o)
 .text.global_stdio_init.part.0
                0x08010110       0x3c /Applications/STM32CubeIDE.app/Contents/Eclipse/plugins/com.st.stm32cube.ide.mcu.externaltools.gnu-tools-for-stm32.12.3.rel1.macos64_1.1.0.202410301201/tools/bin/../lib/gcc/arm-none-eabi/12.3.1/../../../../arm-none-eabi/lib/thumb/v7e-m+fp/hard/libc_nano.a(libc_a-findfp.o)
 .text.__sfp_lock_acquire
                0x0801014c        0xc /Applications/STM32CubeIDE.app/Contents/Eclipse/plugins/com.st.stm32cube.ide.mcu.externaltools.gnu-tools-for-stm32.12.3.rel1.macos64_1.1.0.202410301201/tools/bin/../lib/gcc/arm-none-eabi/12.3.1/../../../../arm-none-eabi/lib/thumb/v7e-m+fp/hard/libc_nano.a(libc_a-findfp.o)
                0x0801014c                __sfp_lock_acquire
 .text.__sfp_lock_release
                0x08010158        0xc /Applications/STM32CubeIDE.app/Contents/Eclipse/plugins/com.st.stm32cube.ide.mcu.externaltools.gnu-tools-for-stm32.12.3.rel1.macos64_1.1.0.202410301201/tools/bin/../lib/gcc/arm-none-eabi/12.3.1/../../../../arm-none-eabi/lib/thumb/v7e-m+fp/hard/libc_nano.a(libc_a-findfp.o)
                0x08010158                __sfp_lock_release
 .text.__sinit  0x08010164       0x30 /Applications/STM32CubeIDE.app/Contents/Eclipse/plugins/com.st.stm32cube.ide.mcu.externaltools.gnu-tools-for-stm32.12.3.rel1.macos64_1.1.0.202410301201/tools/bin/../lib/gcc/arm-none-eabi/12.3.1/../../../../arm-none-eabi/lib/thumb/v7e-m+fp/hard/libc_nano.a(libc_a-findfp.o)
                0x08010164                __sinit
 .text._fwalk_sglue
                0x08010194       0x3c /Applications/STM32CubeIDE.app/Contents/Eclipse/plugins/com.st.stm32cube.ide.mcu.externaltools.gnu-tools-for-stm32.12.3.rel1.macos64_1.1.0.202410301201/tools/bin/../lib/gcc/arm-none-eabi/12.3.1/../../../../arm-none-eabi/lib/thumb/v7e-m+fp/hard/libc_nano.a(libc_a-fwalk.o)
                0x08010194                _fwalk_sglue
 .text._vsnprintf_r
                0x080101d0       0x56 /Applications/STM32CubeIDE.app/Contents/Eclipse/plugins/com.st.stm32cube.ide.mcu.externaltools.gnu-tools-for-stm32.12.3.rel1.macos64_1.1.0.202410301201/tools/bin/../lib/gcc/arm-none-eabi/12.3.1/../../../../arm-none-eabi/lib/thumb/v7e-m+fp/hard/libc_nano.a(libc_a-vsnprintf.o)
                0x080101d0                _vsnprintf_r
                0x080101d0                _vsniprintf_r
 *fill*         0x08010226        0x2 
 .text.vsnprintf
                0x08010228       0x1c /Applications/STM32CubeIDE.app/Contents/Eclipse/plugins/com.st.stm32cube.ide.mcu.externaltools.gnu-tools-for-stm32.12.3.rel1.macos64_1.1.0.202410301201/tools/bin/../lib/gcc/arm-none-eabi/12.3.1/../../../../arm-none-eabi/lib/thumb/v7e-m+fp/hard/libc_nano.a(libc_a-vsnprintf.o)
                0x08010228                vsnprintf
                0x08010228                vsniprintf
 .text.memset   0x08010244       0x10 /Applications/STM32CubeIDE.app/Contents/Eclipse/plugins/com.st.stm32cube.ide.mcu.externaltools.gnu-tools-for-stm32.12.3.rel1.macos64_1.1.0.202410301201/tools/bin/../lib/gcc/arm-none-eabi/12.3.1/../../../../arm-none-eabi/lib/thumb/v7e-m+fp/hard/libc_nano.a(libc_a-memset.o)
                0x08010244                memset
 .text._localeconv_r
                0x08010254        0x8 /Applications/STM32CubeIDE.app/Contents/Eclipse/plugins/com.st.stm32cube.ide.mcu.externaltools.gnu-tools-for-stm32.12.3.rel1.macos64_1.1.0.202410301201/tools/bin/../lib/gcc/arm-none-eabi/12.3.1/../../../../arm-none-eabi/lib/thumb/v7e-m+fp/hard/libc_nano.a(libc_a-localeconv.o)
                0x08010254                _localeconv_r
 .text._reclaim_reent
                0x0801025c       0xac /Applications/STM32CubeIDE.app/Contents/Eclipse/plugins/com.st.stm32cube.ide.mcu.externaltools.gnu-tools-for-stm32.12.3.rel1.macos64_1.1.0.202410301201/tools/bin/../lib/gcc/arm-none-eabi/12.3.1/../../../../arm-none-eabi/lib/thumb/v7e-m+fp/hard/libc_nano.a(libc_a-reent.o)
                0x0801025c                _reclaim_reent
 .text.__errno  0x08010308        0xc /Applications/STM32CubeIDE.app/Contents/Eclipse/plugins/com.st.stm32cube.ide.mcu.externaltools.gnu-tools-for-stm32.12.3.rel1.macos64_1.1.0.202410301201/tools/bin/../lib/gcc/arm-none-eabi/12.3.1/../../../../arm-none-eabi/lib/thumb/v7e-m+fp/hard/libc_nano.a(libc_a-errno.o)
                0x08010308                __errno
 .text.__libc_init_array
                0x08010314       0x48 /Applications/STM32CubeIDE.app/Contents/Eclipse/plugins/com.st.stm32cube.ide.mcu.externaltools.gnu-tools-for-stm32.12.3.rel1.macos64_1.1.0.202410301201/tools/bin/../lib/gcc/arm-none-eabi/12.3.1/../../../../arm-none-eabi/lib/thumb/v7e-m+fp/hard/libc_nano.a(libc_a-init.o)
                0x08010314                __libc_init_array
 .text.__retarget_lock_init_recursive
                0x0801035c        0x2 /Applications/STM32CubeIDE.app/Contents/Eclipse/plugins/com.st.stm32cube.ide.mcu.externaltools.gnu-tools-for-stm32.12.3.rel1.macos64_1.1.0.202410301201/tools/bin/../lib/gcc/arm-none-eabi/12.3.1/../../../../arm-none-eabi/lib/thumb/v7e-m+fp/hard/libc_nano.a(libc_a-lock.o)
                0x0801035c                __retarget_lock_init_recursive
 .text.__retarget_lock_acquire_recursive
                0x0801035e        0x2 /Applications/STM32CubeIDE.app/Contents/Eclipse/plugins/com.st.stm32cube.ide.mcu.externaltools.gnu-tools-for-stm32.12.3.rel1.macos64_1.1.0.202410301201/tools/bin/../lib/gcc/arm-none-eabi/12.3.1/../../../../arm-none-eabi/lib/thumb/v7e-m+fp/hard/libc_nano.a(libc_a-lock.o)
                0x0801035e                __retarget_lock_acquire_recursive
 .text.__retarget_lock_release_recursive
                0x08010360        0x2 /Applications/STM32CubeIDE.app/Contents/Eclipse/plugins/com.st.stm32cube.ide.mcu.externaltools.gnu-tools-for-stm32.12.3.rel1.macos64_1.1.0.202410301201/tools/bin/../lib/gcc/arm-none-eabi/12.3.1/../../../../arm-none-eabi/lib/thumb/v7e-m+fp/hard/libc_nano.a(libc_a-lock.o)
                0x08010360                __retarget_lock_release_recursive
 .text.memcpy   0x08010362       0x1c /Applications/STM32CubeIDE.app/Contents/Eclipse/plugins/com.st.stm32cube.ide.mcu.externaltools.gnu-tools-for-stm32.12.3.rel1.macos64_1.1.0.202410301201/tools/bin/../lib/gcc/arm-none-eabi/12.3.1/../../../../arm-none-eabi/lib/thumb/v7e-m+fp/hard/libc_nano.a(libc_a-memcpy-stub.o)
                0x08010362                memcpy
 .text.quorem   0x0801037e      0x110 /Applications/STM32CubeIDE.app/Contents/Eclipse/plugins/com.st.stm32cube.ide.mcu.externaltools.gnu-tools-for-stm32.12.3.rel1.macos64_1.1.0.202410301201/tools/bin/../lib/gcc/arm-none-eabi/12.3.1/../../../../arm-none-eabi/lib/thumb/v7e-m+fp/hard/libc_nano.a(libc_a-dtoa.o)
 *fill*         0x0801048e        0x2 
 .text._dtoa_r  0x08010490      0xb88 /Applications/STM32CubeIDE.app/Contents/Eclipse/plugins/com.st.stm32cube.ide.mcu.externaltools.gnu-tools-for-stm32.12.3.rel1.macos64_1.1.0.202410301201/tools/bin/../lib/gcc/arm-none-eabi/12.3.1/../../../../arm-none-eabi/lib/thumb/v7e-m+fp/hard/libc_nano.a(libc_a-dtoa.o)
                0x08010490                _dtoa_r
 .text._free_r  0x08011018       0x94 /Applications/STM32CubeIDE.app/Contents/Eclipse/plugins/com.st.stm32cube.ide.mcu.externaltools.gnu-tools-for-stm32.12.3.rel1.macos64_1.1.0.202410301201/tools/bin/../lib/gcc/arm-none-eabi/12.3.1/../../../../arm-none-eabi/lib/thumb/v7e-m+fp/hard/libc_nano.a(libc_a-freer.o)
                0x08011018                _free_r
 .text.__ssputs_r
                0x080110ac       0xb6 /Applications/STM32CubeIDE.app/Contents/Eclipse/plugins/com.st.stm32cube.ide.mcu.externaltools.gnu-tools-for-stm32.12.3.rel1.macos64_1.1.0.202410301201/tools/bin/../lib/gcc/arm-none-eabi/12.3.1/../../../../arm-none-eabi/lib/thumb/v7e-m+fp/hard/libc_nano.a(libc_a-nano-svfprintf.o)
                0x080110ac                __ssputs_r
 *fill*         0x08011162        0x2 
 .text._svfprintf_r
                0x08011164      0x1f8 /Applications/STM32CubeIDE.app/Contents/Eclipse/plugins/com.st.stm32cube.ide.mcu.externaltools.gnu-tools-for-stm32.12.3.rel1.macos64_1.1.0.202410301201/tools/bin/../lib/gcc/arm-none-eabi/12.3.1/../../../../arm-none-eabi/lib/thumb/v7e-m+fp/hard/libc_nano.a(libc_a-nano-svfprintf.o)
                0x08011164                _svfprintf_r
                0x08011164                _svfiprintf_r
 .text.malloc   0x0801135c       0x10 /Applications/STM32CubeIDE.app/Contents/Eclipse/plugins/com.st.stm32cube.ide.mcu.externaltools.gnu-tools-for-stm32.12.3.rel1.macos64_1.1.0.202410301201/tools/bin/../lib/gcc/arm-none-eabi/12.3.1/../../../../arm-none-eabi/lib/thumb/v7e-m+fp/hard/libc_nano.a(libc_a-malloc.o)
                0x0801135c                malloc
 .text.sbrk_aligned
                0x0801136c       0x44 /Applications/STM32CubeIDE.app/Contents/Eclipse/plugins/com.st.stm32cube.ide.mcu.externaltools.gnu-tools-for-stm32.12.3.rel1.macos64_1.1.0.202410301201/tools/bin/../lib/gcc/arm-none-eabi/12.3.1/../../../../arm-none-eabi/lib/thumb/v7e-m+fp/hard/libc_nano.a(libc_a-mallocr.o)
 .text._malloc_r
                0x080113b0      0x100 /Applications/STM32CubeIDE.app/Contents/Eclipse/plugins/com.st.stm32cube.ide.mcu.externaltools.gnu-tools-for-stm32.12.3.rel1.macos64_1.1.0.202410301201/tools/bin/../lib/gcc/arm-none-eabi/12.3.1/../../../../arm-none-eabi/lib/thumb/v7e-m+fp/hard/libc_nano.a(libc_a-mallocr.o)
                0x080113b0                _malloc_r
 .text.__sflush_r
                0x080114b0      0x108 /Applications/STM32CubeIDE.app/Contents/Eclipse/plugins/com.st.stm32cube.ide.mcu.externaltools.gnu-tools-for-stm32.12.3.rel1.macos64_1.1.0.202410301201/tools/bin/../lib/gcc/arm-none-eabi/12.3.1/../../../../arm-none-eabi/lib/thumb/v7e-m+fp/hard/libc_nano.a(libc_a-fflush.o)
                0x080114b0                __sflush_r
 .text._fflush_r
                0x080115b8       0x50 /Applications/STM32CubeIDE.app/Contents/Eclipse/plugins/com.st.stm32cube.ide.mcu.externaltools.gnu-tools-for-stm32.12.3.rel1.macos64_1.1.0.202410301201/tools/bin/../lib/gcc/arm-none-eabi/12.3.1/../../../../arm-none-eabi/lib/thumb/v7e-m+fp/hard/libc_nano.a(libc_a-fflush.o)
                0x080115b8                _fflush_r
 .text.__malloc_lock
                0x08011608        0xc /Applications/STM32CubeIDE.app/Contents/Eclipse/plugins/com.st.stm32cube.ide.mcu.externaltools.gnu-tools-for-stm32.12.3.rel1.macos64_1.1.0.202410301201/tools/bin/../lib/gcc/arm-none-eabi/12.3.1/../../../../arm-none-eabi/lib/thumb/v7e-m+fp/hard/libc_nano.a(libc_a-mlock.o)
                0x08011608                __malloc_lock
 .text.__malloc_unlock
                0x08011614        0xc /Applications/STM32CubeIDE.app/Contents/Eclipse/plugins/com.st.stm32cube.ide.mcu.externaltools.gnu-tools-for-stm32.12.3.rel1.macos64_1.1.0.202410301201/tools/bin/../lib/gcc/arm-none-eabi/12.3.1/../../../../arm-none-eabi/lib/thumb/v7e-m+fp/hard/libc_nano.a(libc_a-mlock.o)
                0x08011614                __malloc_unlock
 .text._Balloc  0x08011620       0x80 /Applications/STM32CubeIDE.app/Contents/Eclipse/plugins/com.st.stm32cube.ide.mcu.externaltools.gnu-tools-for-stm32.12.3.rel1.macos64_1.1.0.202410301201/tools/bin/../lib/gcc/arm-none-eabi/12.3.1/../../../../arm-none-eabi/lib/thumb/v7e-m+fp/hard/libc_nano.a(libc_a-mprec.o)
                0x08011620                _Balloc
 .text._Bfree   0x080116a0       0x44 /Applications/STM32CubeIDE.app/Contents/Eclipse/plugins/com.st.stm32cube.ide.mcu.externaltools.gnu-tools-for-stm32.12.3.rel1.macos64_1.1.0.202410301201/tools/bin/../lib/gcc/arm-none-eabi/12.3.1/../../../../arm-none-eabi/lib/thumb/v7e-m+fp/hard/libc_nano.a(libc_a-mprec.o)
                0x080116a0                _Bfree
 .text.__multadd
                0x080116e4       0x8c /Applications/STM32CubeIDE.app/Contents/Eclipse/plugins/com.st.stm32cube.ide.mcu.externaltools.gnu-tools-for-stm32.12.3.rel1.macos64_1.1.0.202410301201/tools/bin/../lib/gcc/arm-none-eabi/12.3.1/../../../../arm-none-eabi/lib/thumb/v7e-m+fp/hard/libc_nano.a(libc_a-mprec.o)
                0x080116e4                __multadd
 .text.__hi0bits
                0x08011770       0x3e /Applications/STM32CubeIDE.app/Contents/Eclipse/plugins/com.st.stm32cube.ide.mcu.externaltools.gnu-tools-for-stm32.12.3.rel1.macos64_1.1.0.202410301201/tools/bin/../lib/gcc/arm-none-eabi/12.3.1/../../../../arm-none-eabi/lib/thumb/v7e-m+fp/hard/libc_nano.a(libc_a-mprec.o)
                0x08011770                __hi0bits
 .text.__lo0bits
                0x080117ae       0x5a /Applications/STM32CubeIDE.app/Contents/Eclipse/plugins/com.st.stm32cube.ide.mcu.externaltools.gnu-tools-for-stm32.12.3.rel1.macos64_1.1.0.202410301201/tools/bin/../lib/gcc/arm-none-eabi/12.3.1/../../../../arm-none-eabi/lib/thumb/v7e-m+fp/hard/libc_nano.a(libc_a-mprec.o)
                0x080117ae                __lo0bits
 .text.__i2b    0x08011808       0x2c /Applications/STM32CubeIDE.app/Contents/Eclipse/plugins/com.st.stm32cube.ide.mcu.externaltools.gnu-tools-for-stm32.12.3.rel1.macos64_1.1.0.202410301201/tools/bin/../lib/gcc/arm-none-eabi/12.3.1/../../../../arm-none-eabi/lib/thumb/v7e-m+fp/hard/libc_nano.a(libc_a-mprec.o)
                0x08011808                __i2b
 .text.__multiply
                0x08011834      0x154 /Applications/STM32CubeIDE.app/Contents/Eclipse/plugins/com.st.stm32cube.ide.mcu.externaltools.gnu-tools-for-stm32.12.3.rel1.macos64_1.1.0.202410301201/tools/bin/../lib/gcc/arm-none-eabi/12.3.1/../../../../arm-none-eabi/lib/thumb/v7e-m+fp/hard/libc_nano.a(libc_a-mprec.o)
                0x08011834                __multiply
 .text.__pow5mult
                0x08011988       0xb4 /Applications/STM32CubeIDE.app/Contents/Eclipse/plugins/com.st.stm32cube.ide.mcu.externaltools.gnu-tools-for-stm32.12.3.rel1.macos64_1.1.0.202410301201/tools/bin/../lib/gcc/arm-none-eabi/12.3.1/../../../../arm-none-eabi/lib/thumb/v7e-m+fp/hard/libc_nano.a(libc_a-mprec.o)
                0x08011988                __pow5mult
 .text.__lshift
                0x08011a3c       0xd8 /Applications/STM32CubeIDE.app/Contents/Eclipse/plugins/com.st.stm32cube.ide.mcu.externaltools.gnu-tools-for-stm32.12.3.rel1.macos64_1.1.0.202410301201/tools/bin/../lib/gcc/arm-none-eabi/12.3.1/../../../../arm-none-eabi/lib/thumb/v7e-m+fp/hard/libc_nano.a(libc_a-mprec.o)
                0x08011a3c                __lshift
 .text.__mcmp   0x08011b14       0x36 /Applications/STM32CubeIDE.app/Contents/Eclipse/plugins/com.st.stm32cube.ide.mcu.externaltools.gnu-tools-for-stm32.12.3.rel1.macos64_1.1.0.202410301201/tools/bin/../lib/gcc/arm-none-eabi/12.3.1/../../../../arm-none-eabi/lib/thumb/v7e-m+fp/hard/libc_nano.a(libc_a-mprec.o)
                0x08011b14                __mcmp
 *fill*         0x08011b4a        0x2 
 .text.__mdiff  0x08011b4c      0x128 /Applications/STM32CubeIDE.app/Contents/Eclipse/plugins/com.st.stm32cube.ide.mcu.externaltools.gnu-tools-for-stm32.12.3.rel1.macos64_1.1.0.202410301201/tools/bin/../lib/gcc/arm-none-eabi/12.3.1/../../../../arm-none-eabi/lib/thumb/v7e-m+fp/hard/libc_nano.a(libc_a-mprec.o)
                0x08011b4c                __mdiff
 .text.__d2b    0x08011c74       0xb0 /Applications/STM32CubeIDE.app/Contents/Eclipse/plugins/com.st.stm32cube.ide.mcu.externaltools.gnu-tools-for-stm32.12.3.rel1.macos64_1.1.0.202410301201/tools/bin/../lib/gcc/arm-none-eabi/12.3.1/../../../../arm-none-eabi/lib/thumb/v7e-m+fp/hard/libc_nano.a(libc_a-mprec.o)
                0x08011c74                __d2b
 .text.__sread  0x08011d24       0x22 /Applications/STM32CubeIDE.app/Contents/Eclipse/plugins/com.st.stm32cube.ide.mcu.externaltools.gnu-tools-for-stm32.12.3.rel1.macos64_1.1.0.202410301201/tools/bin/../lib/gcc/arm-none-eabi/12.3.1/../../../../arm-none-eabi/lib/thumb/v7e-m+fp/hard/libc_nano.a(libc_a-stdio.o)
                0x08011d24                __sread
 .text.__swrite
                0x08011d46       0x38 /Applications/STM32CubeIDE.app/Contents/Eclipse/plugins/com.st.stm32cube.ide.mcu.externaltools.gnu-tools-for-stm32.12.3.rel1.macos64_1.1.0.202410301201/tools/bin/../lib/gcc/arm-none-eabi/12.3.1/../../../../arm-none-eabi/lib/thumb/v7e-m+fp/hard/libc_nano.a(libc_a-stdio.o)
                0x08011d46                __swrite
 .text.__sseek  0x08011d7e       0x24 /Applications/STM32CubeIDE.app/Contents/Eclipse/plugins/com.st.stm32cube.ide.mcu.externaltools.gnu-tools-for-stm32.12.3.rel1.macos64_1.1.0.202410301201/tools/bin/../lib/gcc/arm-none-eabi/12.3.1/../../../../arm-none-eabi/lib/thumb/v7e-m+fp/hard/libc_nano.a(libc_a-stdio.o)
                0x08011d7e                __sseek
 .text.__sclose
                0x08011da2        0x8 /Applications/STM32CubeIDE.app/Contents/Eclipse/plugins/com.st.stm32cube.ide.mcu.externaltools.gnu-tools-for-stm32.12.3.rel1.macos64_1.1.0.202410301201/tools/bin/../lib/gcc/arm-none-eabi/12.3.1/../../../../arm-none-eabi/lib/thumb/v7e-m+fp/hard/libc_nano.a(libc_a-stdio.o)
                0x08011da2                __sclose
 .text._realloc_r
                0x08011daa       0x5c /Applications/STM32CubeIDE.app/Contents/Eclipse/plugins/com.st.stm32cube.ide.mcu.externaltools.gnu-tools-for-stm32.12.3.rel1.macos64_1.1.0.202410301201/tools/bin/../lib/gcc/arm-none-eabi/12.3.1/../../../../arm-none-eabi/lib/thumb/v7e-m+fp/hard/libc_nano.a(libc_a-reallocr.o)
                0x08011daa                _realloc_r
 .text.memmove  0x08011e06       0x34 /Applications/STM32CubeIDE.app/Contents/Eclipse/plugins/com.st.stm32cube.ide.mcu.externaltools.gnu-tools-for-stm32.12.3.rel1.macos64_1.1.0.202410301201/tools/bin/../lib/gcc/arm-none-eabi/12.3.1/../../../../arm-none-eabi/lib/thumb/v7e-m+fp/hard/libc_nano.a(libc_a-memmove.o)
                0x08011e06                memmove
 *fill*         0x08011e3a        0x2 
 .text._close_r
                0x08011e3c       0x20 /Applications/STM32CubeIDE.app/Contents/Eclipse/plugins/com.st.stm32cube.ide.mcu.externaltools.gnu-tools-for-stm32.12.3.rel1.macos64_1.1.0.202410301201/tools/bin/../lib/gcc/arm-none-eabi/12.3.1/../../../../arm-none-eabi/lib/thumb/v7e-m+fp/hard/libc_nano.a(libc_a-closer.o)
                0x08011e3c                _close_r
 .text._lseek_r
                0x08011e5c       0x24 /Applications/STM32CubeIDE.app/Contents/Eclipse/plugins/com.st.stm32cube.ide.mcu.externaltools.gnu-tools-for-stm32.12.3.rel1.macos64_1.1.0.202410301201/tools/bin/../lib/gcc/arm-none-eabi/12.3.1/../../../../arm-none-eabi/lib/thumb/v7e-m+fp/hard/libc_nano.a(libc_a-lseekr.o)
                0x08011e5c                _lseek_r
 .text._read_r  0x08011e80       0x24 /Applications/STM32CubeIDE.app/Contents/Eclipse/plugins/com.st.stm32cube.ide.mcu.externaltools.gnu-tools-for-stm32.12.3.rel1.macos64_1.1.0.202410301201/tools/bin/../lib/gcc/arm-none-eabi/12.3.1/../../../../arm-none-eabi/lib/thumb/v7e-m+fp/hard/libc_nano.a(libc_a-readr.o)
                0x08011e80                _read_r
 .text._sbrk_r  0x08011ea4       0x20 /Applications/STM32CubeIDE.app/Contents/Eclipse/plugins/com.st.stm32cube.ide.mcu.externaltools.gnu-tools-for-stm32.12.3.rel1.macos64_1.1.0.202410301201/tools/bin/../lib/gcc/arm-none-eabi/12.3.1/../../../../arm-none-eabi/lib/thumb/v7e-m+fp/hard/libc_nano.a(libc_a-sbrkr.o)
                0x08011ea4                _sbrk_r
 .text._write_r
                0x08011ec4       0x24 /Applications/STM32CubeIDE.app/Contents/Eclipse/plugins/com.st.stm32cube.ide.mcu.externaltools.gnu-tools-for-stm32.12.3.rel1.macos64_1.1.0.202410301201/tools/bin/../lib/gcc/arm-none-eabi/12.3.1/../../../../arm-none-eabi/lib/thumb/v7e-m+fp/hard/libc_nano.a(libc_a-writer.o)
                0x08011ec4                _write_r
 .text.__assert_func
                0x08011ee8       0x3c /Applications/STM32CubeIDE.app/Contents/Eclipse/plugins/com.st.stm32cube.ide.mcu.externaltools.gnu-tools-for-stm32.12.3.rel1.macos64_1.1.0.202410301201/tools/bin/../lib/gcc/arm-none-eabi/12.3.1/../../../../arm-none-eabi/lib/thumb/v7e-m+fp/hard/libc_nano.a(libc_a-assert.o)
                0x08011ee8                __assert_func
 .text._calloc_r
                0x08011f24       0x28 /Applications/STM32CubeIDE.app/Contents/Eclipse/plugins/com.st.stm32cube.ide.mcu.externaltools.gnu-tools-for-stm32.12.3.rel1.macos64_1.1.0.202410301201/tools/bin/../lib/gcc/arm-none-eabi/12.3.1/../../../../arm-none-eabi/lib/thumb/v7e-m+fp/hard/libc_nano.a(libc_a-callocr.o)
                0x08011f24                _calloc_r
 .text.__ascii_mbtowc
                0x08011f4c       0x24 /Applications/STM32CubeIDE.app/Contents/Eclipse/plugins/com.st.stm32cube.ide.mcu.externaltools.gnu-tools-for-stm32.12.3.rel1.macos64_1.1.0.202410301201/tools/bin/../lib/gcc/arm-none-eabi/12.3.1/../../../../arm-none-eabi/lib/thumb/v7e-m+fp/hard/libc_nano.a(libc_a-mbtowc_r.o)
                0x08011f4c                __ascii_mbtowc
 .text._malloc_usable_size_r
                0x08011f70       0x10 /Applications/STM32CubeIDE.app/Contents/Eclipse/plugins/com.st.stm32cube.ide.mcu.externaltools.gnu-tools-for-stm32.12.3.rel1.macos64_1.1.0.202410301201/tools/bin/../lib/gcc/arm-none-eabi/12.3.1/../../../../arm-none-eabi/lib/thumb/v7e-m+fp/hard/libc_nano.a(libc_a-msizer.o)