../Core/Src/main.c:126:13:debug_print	272	static
../Core/Src/main.c:135:6:channel_fire	24	static
../Core/Src/main.c:142:6:channel_update	16	static
../Core/Src/main.c:158:5:main	16	static
../Core/Src/main.c:270:6:SystemClock_Config	88	static
../Core/Src/main.c:312:13:MX_FDCAN2_Init	8	static
../Core/Src/main.c:355:13:MX_SPI1_Init	8	static
../Core/Src/main.c:396:13:MX_GPIO_Init	48	static
../Core/Src/main.c:446:6:StartPrintTask	96	static
../Core/Src/main.c:495:6:StartReadSensors	40	static
../Core/Src/main.c:539:6:StartDeployment	152	static
../Core/Src/main.c:682:6:StartLog	16	static
../Core/Src/main.c:702:6:HAL_TIM_PeriodElapsedCallback	16	static
../Core/Src/main.c:719:6:Error_Handler	4	static,ignoring_inline_asm
