../Core/Src/main.c:130:13:debug_print	272	static
../Core/Src/main.c:139:6:channel_fire	24	static
../Core/Src/main.c:146:6:channel_update	16	static
../Core/Src/main.c:162:5:main	16	static
../Core/Src/main.c:276:6:SystemClock_Config	88	static
../Core/Src/main.c:324:13:MX_FDCAN2_Init	8	static
../Core/Src/main.c:367:13:MX_SPI1_Init	8	static
../Core/Src/main.c:407:13:MX_GPIO_Init	48	static
../Core/Src/main.c:457:6:StartSendMessage	176	static
../Core/Src/main.c:503:6:StartDeployment	184	static
../Core/Src/main.c:704:6:StartReadSensors	40	static
../Core/Src/main.c:747:6:StartLog	16	static
../Core/Src/main.c:767:6:HAL_TIM_PeriodElapsedCallback	16	static
../Core/Src/main.c:784:6:Error_Handler	4	static,ignoring_inline_asm
