../Core/Src/Drivers/flash.c:16:13:spi_begin	8	static
../Core/Src/Drivers/flash.c:21:13:spi_end	8	static
../Core/Src/Drivers/flash.c:26:16:flash_status_1	16	static
../Core/Src/Drivers/flash.c:39:13:flash_write_enable	16	static
../Core/Src/Drivers/flash.c:47:6:Flash_Setup	32	static
../Core/Src/Drivers/flash.c:72:6:Flash_Busy	8	static
../Core/Src/Drivers/flash.c:78:6:Flash_Write	24	static
../Core/Src/Drivers/flash.c:105:6:Flash_Read	24	static
../Core/Src/Drivers/flash.c:122:6:Flash_Erase	24	static
